Component: ARM Compiler 5.06 update 1 (build 61) Tool: armlink [4d35a8]

==============================================================================

Section Cross References

    main.o(i.main) refers to gw_sys.o(i.Gw_Sys_Init) for Gw_Sys_Init
    main.o(i.main) refers to gw_sys.o(i.Gw_Sys_Run) for Gw_Sys_Run
    gw_conver.o(i.Conver_intToStr) refers to gw_conver.o(i.Conver_reverse) for Conver_reverse
    gw_conver.o(i.Gw_Conver_FloatToStr) refers to ffix.o(x$fpl$ffix) for __aeabi_f2iz
    gw_conver.o(i.Gw_Conver_FloatToStr) refers to fflt_clz.o(x$fpl$fflt) for __aeabi_i2f
    gw_conver.o(i.Gw_Conver_FloatToStr) refers to faddsub_clz.o(x$fpl$frsb) for __aeabi_frsub
    gw_conver.o(i.Gw_Conver_FloatToStr) refers to fleqf.o(x$fpl$fleqf) for __aeabi_cfcmple
    gw_conver.o(i.Gw_Conver_FloatToStr) refers to f2d.o(x$fpl$f2d) for __aeabi_f2d
    gw_conver.o(i.Gw_Conver_FloatToStr) refers to dmul.o(x$fpl$dmul) for __aeabi_dmul
    gw_conver.o(i.Gw_Conver_FloatToStr) refers to d2f.o(x$fpl$d2f) for __aeabi_d2f
    gw_conver.o(i.Gw_Conver_FloatToStr) refers to gw_conver.o(i.Conver_intToStr) for Conver_intToStr
    gw_conver.o(i.Gw_Conver_FloatToStr) refers to dflt_clz.o(x$fpl$dfltu) for __aeabi_ui2d
    gw_conver.o(i.Gw_Conver_FloatToStr) refers to pow.o(i.pow) for pow
    gw_conver.o(i.Gw_Conver_FloatToStr) refers to gw_conver.o(.bss) for str
    gw_conver.o(i.Gw_Conver_IntToStr) refers to gw_conver.o(i.Conver_reverse) for Conver_reverse
    gw_conver.o(i.Gw_Conver_IntToStr) refers to gw_conver.o(.bss) for str
    gw_conver.o(i.Gw_Conver_StrToFloat) refers to fdiv.o(x$fpl$fdiv) for __aeabi_fdiv
    gw_conver.o(i.Gw_Conver_StrToFloat) refers to fflt_clz.o(x$fpl$fflt) for __aeabi_i2f
    gw_conver.o(i.Gw_Conver_StrToFloat) refers to fmul.o(x$fpl$fmul) for __aeabi_fmul
    gw_conver.o(i.Gw_Conver_StrToFloat) refers to faddsub_clz.o(x$fpl$fadd) for __aeabi_fadd
    gw_conver.o(i.Gw_Conver_StrToFloat) refers to dflt_clz.o(x$fpl$dflt) for __aeabi_i2d
    gw_conver.o(i.Gw_Conver_StrToFloat) refers to f2d.o(x$fpl$f2d) for __aeabi_f2d
    gw_conver.o(i.Gw_Conver_StrToFloat) refers to dmul.o(x$fpl$dmul) for __aeabi_dmul
    gw_conver.o(i.Gw_Conver_StrToFloat) refers to daddsub_clz.o(x$fpl$dadd) for __aeabi_dadd
    gw_conver.o(i.Gw_Conver_StrToFloat) refers to d2f.o(x$fpl$d2f) for __aeabi_d2f
    gw_delay.o(i.Gw_DELAY_Init) refers to gw_delay.o(.data) for fac_us
    gw_delay.o(i.Gw_DELAY_ms) refers to gw_delay.o(.data) for fac_ms
    gw_delay.o(i.Gw_DELAY_us) refers to gw_delay.o(.data) for fac_us
    gw_sys.o(i.Gw_Sys_Init) refers to gw_uart.o(i.Gw_Uart_Init2) for Gw_Uart_Init2
    gw_sys.o(i.Gw_Sys_Init) refers to gw_uart.o(i.Gw_Uart_Init1) for Gw_Uart_Init1
    gw_sys.o(i.Gw_Sys_Init) refers to gw_gpio.o(i.Gw_GPIO_Init) for Gw_GPIO_Init
    gw_sys.o(i.Gw_Sys_Init) refers to gw_delay.o(i.Gw_DELAY_Init) for Gw_DELAY_Init
    gw_sys.o(i.Gw_Sys_Init) refers to gw_device_command.o(i.comm_create_command) for comm_create_command
    gw_sys.o(i.Gw_Sys_Init) refers to gw_uart.o(i.Gw_Uart1_SendString) for Gw_Uart1_SendString
    gw_sys.o(i.Gw_Sys_Init) refers to gw_device_command.o(i.comm_detect_command) for comm_detect_command
    gw_sys.o(i.Gw_Sys_Init) refers to gw_conver.o(i.Gw_Conver_FloatToStr) for Gw_Conver_FloatToStr
    gw_sys.o(i.Gw_Sys_Run) refers to gw_test.o(i.Gw_Test_Run) for Gw_Test_Run
    gw_sys.o(i.Gw_Sys_Run) refers to gw_delay.o(i.Gw_DELAY_ms) for Gw_DELAY_ms
    gw_gpio.o(i.GET_GPIO_PORT_Init) refers to stm32f10x_rcc.o(i.RCC_APB2PeriphClockCmd) for RCC_APB2PeriphClockCmd
    gw_gpio.o(i.GET_GPIO_PORT_Init) refers to stm32f10x_gpio.o(i.GPIO_PinRemapConfig) for GPIO_PinRemapConfig
    gw_gpio.o(i.GET_GPIO_PORT_Init) refers to stm32f10x_gpio.o(i.GPIO_Init) for GPIO_Init
    gw_gpio.o(i.Gw_GPIO_Init) refers to gw_gpio.o(i.SET_GPIO_PORT_Init) for SET_GPIO_PORT_Init
    gw_gpio.o(i.Gw_GPIO_Init) refers to gw_gpio.o(i.GET_GPIO_PORT_Init) for GET_GPIO_PORT_Init
    gw_gpio.o(i.Gw_GPIO_Set_OFF) refers to stm32f10x_gpio.o(i.GPIO_ResetBits) for GPIO_ResetBits
    gw_gpio.o(i.Gw_GPIO_Set_ON) refers to stm32f10x_gpio.o(i.GPIO_SetBits) for GPIO_SetBits
    gw_gpio.o(i.SET_GPIO_PORT_Init) refers to stm32f10x_rcc.o(i.RCC_APB2PeriphClockCmd) for RCC_APB2PeriphClockCmd
    gw_gpio.o(i.SET_GPIO_PORT_Init) refers to stm32f10x_gpio.o(i.GPIO_PinRemapConfig) for GPIO_PinRemapConfig
    gw_gpio.o(i.SET_GPIO_PORT_Init) refers to stm32f10x_gpio.o(i.GPIO_Init) for GPIO_Init
    gw_uart.o(i.Gw_Uart1_SendString) refers to gw_uart.o(i.Gw_Uart1_SendChar) for Gw_Uart1_SendChar
    gw_uart.o(i.Gw_Uart2_SendString) refers to stm32f10x_gpio.o(i.GPIO_SetBits) for GPIO_SetBits
    gw_uart.o(i.Gw_Uart2_SendString) refers to gw_uart.o(i.Gw_Uart2_SendChar) for Gw_Uart2_SendChar
    gw_uart.o(i.Gw_Uart2_SendString) refers to stm32f10x_gpio.o(i.GPIO_ResetBits) for GPIO_ResetBits
    gw_uart.o(i.Gw_Uart_Init) refers to gw_uart.o(i.Gw_Uart_Init1) for Gw_Uart_Init1
    gw_uart.o(i.Gw_Uart_Init) refers to gw_uart.o(i.Gw_Uart_Init2) for Gw_Uart_Init2
[...]
    Removing stm32f10x_tim.o(i.TIM_GetITStatus), (34 bytes).
    Removing stm32f10x_tim.o(i.TIM_GetPrescaler), (6 bytes).
    Removing stm32f10x_tim.o(i.TIM_ICInit), (172 bytes).
    Removing stm32f10x_tim.o(i.TIM_ICStructInit), (18 bytes).
    Removing stm32f10x_tim.o(i.TIM_ITConfig), (18 bytes).
    Removing stm32f10x_tim.o(i.TIM_ITRxExternalClockConfig), (24 bytes).
    Removing stm32f10x_tim.o(i.TIM_InternalClockConfig), (12 bytes).
    Removing stm32f10x_tim.o(i.TIM_OC1FastConfig), (18 bytes).
    Removing stm32f10x_tim.o(i.TIM_OC1Init), (152 bytes).
    Removing stm32f10x_tim.o(i.TIM_OC1NPolarityConfig), (18 bytes).
    Removing stm32f10x_tim.o(i.TIM_OC1PolarityConfig), (18 bytes).
    Removing stm32f10x_tim.o(i.TIM_OC1PreloadConfig), (18 bytes).
    Removing stm32f10x_tim.o(i.TIM_OC2FastConfig), (26 bytes).
    Removing stm32f10x_tim.o(i.TIM_OC2Init), (164 bytes).
    Removing stm32f10x_tim.o(i.TIM_OC2NPolarityConfig), (26 bytes).
    Removing stm32f10x_tim.o(i.TIM_OC2PolarityConfig), (26 bytes).
    Removing stm32f10x_tim.o(i.TIM_OC2PreloadConfig), (26 bytes).
    Removing stm32f10x_tim.o(i.TIM_OC3FastConfig), (18 bytes).
    Removing stm32f10x_tim.o(i.TIM_OC3Init), (160 bytes).
    Removing stm32f10x_tim.o(i.TIM_OC3NPolarityConfig), (26 bytes).
    Removing stm32f10x_tim.o(i.TIM_OC3PolarityConfig), (26 bytes).
    Removing stm32f10x_tim.o(i.TIM_OC3PreloadConfig), (18 bytes).
    Removing stm32f10x_tim.o(i.TIM_OC4FastConfig), (26 bytes).
    Removing stm32f10x_tim.o(i.TIM_OC4Init), (124 bytes).
    Removing stm32f10x_tim.o(i.TIM_OC4PolarityConfig), (26 bytes).
    Removing stm32f10x_tim.o(i.TIM_OC4PreloadConfig), (26 bytes).
    Removing stm32f10x_tim.o(i.TIM_OCStructInit), (20 bytes).
    Removing stm32f10x_tim.o(i.TIM_PWMIConfig), (124 bytes).
    Removing stm32f10x_tim.o(i.TIM_PrescalerConfig), (6 bytes).
    Removing stm32f10x_tim.o(i.TIM_SelectCCDMA), (24 bytes).
    Removing stm32f10x_tim.o(i.TIM_SelectCOM), (24 bytes).
    Removing stm32f10x_tim.o(i.TIM_SelectHallSensor), (24 bytes).
    Removing stm32f10x_tim.o(i.TIM_SelectInputTrigger), (18 bytes).
    Removing stm32f10x_tim.o(i.TIM_SelectMasterSlaveMode), (18 bytes).
    Removing stm32f10x_tim.o(i.TIM_SelectOCxM), (82 bytes).
    Removing stm32f10x_tim.o(i.TIM_SelectOnePulseMode), (18 bytes).
    Removing stm32f10x_tim.o(i.TIM_SelectOutputTrigger), (18 bytes).
    Removing stm32f10x_tim.o(i.TIM_SelectSlaveMode), (18 bytes).
    Removing stm32f10x_tim.o(i.TIM_SetAutoreload), (4 bytes).
    Removing stm32f10x_tim.o(i.TIM_SetClockDivision), (18 bytes).
    Removing stm32f10x_tim.o(i.TIM_SetCompare1), (4 bytes).
    Removing stm32f10x_tim.o(i.TIM_SetCompare2), (4 bytes).
    Removing stm32f10x_tim.o(i.TIM_SetCompare3), (4 bytes).
    Removing stm32f10x_tim.o(i.TIM_SetCompare4), (6 bytes).
    Removing stm32f10x_tim.o(i.TIM_SetCounter), (4 bytes).
    Removing stm32f10x_tim.o(i.TIM_SetIC1Prescaler), (18 bytes).
    Removing stm32f10x_tim.o(i.TIM_SetIC2Prescaler), (26 bytes).
    Removing stm32f10x_tim.o(i.TIM_SetIC3Prescaler), (18 bytes).
    Removing stm32f10x_tim.o(i.TIM_SetIC4Prescaler), (26 bytes).
    Removing stm32f10x_tim.o(i.TIM_TIxExternalClockConfig), (62 bytes).
    Removing stm32f10x_tim.o(i.TIM_TimeBaseInit), (164 bytes).
    Removing stm32f10x_tim.o(i.TIM_TimeBaseStructInit), (18 bytes).
    Removing stm32f10x_tim.o(i.TIM_UpdateDisableConfig), (24 bytes).
    Removing stm32f10x_tim.o(i.TIM_UpdateRequestConfig), (24 bytes).
    Removing stm32f10x_usart.o(.rev16_text), (4 bytes).
    Removing stm32f10x_usart.o(.revsh_text), (4 bytes).
    Removing stm32f10x_usart.o(.rrx_text), (6 bytes).
    Removing stm32f10x_usart.o(i.USART_ClearFlag), (18 bytes).
    Removing stm32f10x_usart.o(i.USART_ClockInit), (34 bytes).
    Removing stm32f10x_usart.o(i.USART_ClockStructInit), (12 bytes).
    Removing stm32f10x_usart.o(i.USART_Cmd), (24 bytes).
    Removing stm32f10x_usart.o(i.USART_DMACmd), (18 bytes).
    Removing stm32f10x_usart.o(i.USART_DeInit), (156 bytes).
    Removing stm32f10x_usart.o(i.USART_GetFlagStatus), (26 bytes).
    Removing stm32f10x_usart.o(i.USART_GetITStatus), (84 bytes).
    Removing stm32f10x_usart.o(i.USART_HalfDuplexCmd), (24 bytes).
    Removing stm32f10x_usart.o(i.USART_ITConfig), (74 bytes).
    Removing stm32f10x_usart.o(i.USART_Init), (216 bytes).
    Removing stm32f10x_usart.o(i.USART_IrDACmd), (24 bytes).
    Removing stm32f10x_usart.o(i.USART_IrDAConfig), (18 bytes).
    Removing stm32f10x_usart.o(i.USART_LINBreakDetectLengthConfig), (18 bytes).
    Removing stm32f10x_usart.o(i.USART_LINCmd), (24 bytes).
    Removing stm32f10x_usart.o(i.USART_OneBitMethodCmd), (24 bytes).
    Removing stm32f10x_usart.o(i.USART_OverSampling8Cmd), (22 bytes).
    Removing stm32f10x_usart.o(i.USART_ReceiverWakeUpCmd), (24 bytes).
    Removing stm32f10x_usart.o(i.USART_SendBreak), (10 bytes).
    Removing stm32f10x_usart.o(i.USART_SendData), (8 bytes).
    Removing stm32f10x_usart.o(i.USART_SetAddress), (18 bytes).
    Removing stm32f10x_usart.o(i.USART_SetGuardTime), (16 bytes).
    Removing stm32f10x_usart.o(i.USART_SetPrescaler), (16 bytes).
    Removing stm32f10x_usart.o(i.USART_SmartCardCmd), (24 bytes).
    Removing stm32f10x_usart.o(i.USART_SmartCardNACKCmd), (24 bytes).
    Removing stm32f10x_usart.o(i.USART_StructInit), (24 bytes).
    Removing stm32f10x_usart.o(i.USART_WakeUpConfig), (18 bytes).
    Removing system_stm32f10x.o(.rev16_text), (4 bytes).
    Removing system_stm32f10x.o(.revsh_text), (4 bytes).
    Removing system_stm32f10x.o(.rrx_text), (6 bytes).
    Removing system_stm32f10x.o(i.SystemCoreClockUpdate), (164 bytes).

237 unused section(s) (total 7982 bytes) removed from the image.

==============================================================================

Image Symbol Table

    Local Symbols

    Symbol Name                              Value     Ov Type        Size  Object(Section)

    ../clib/angel/boardlib.s                 0x00000000   Number         0  boardshut.o ABSOLUTE
    ../clib/angel/boardlib.s                 0x00000000   Number         0  boardinit3.o ABSOLUTE
    ../clib/angel/boardlib.s                 0x00000000   Number         0  boardinit2.o ABSOLUTE
    ../clib/angel/boardlib.s                 0x00000000   Number         0  boardinit1.o ABSOLUTE
    ../clib/angel/handlers.s                 0x00000000   Number         0  __scatter_copy.o ABSOLUTE
    ../clib/angel/handlers.s                 0x00000000   Number         0  __scatter_zi.o ABSOLUTE
    ../clib/angel/kernel.s                   0x00000000   Number         0  rtexit2.o ABSOLUTE
    ../clib/angel/kernel.s                   0x00000000   Number         0  rtexit.o ABSOLUTE
    ../clib/angel/kernel.s                   0x00000000   Number         0  __rtentry2.o ABSOLUTE
    ../clib/angel/kernel.s                   0x00000000   Number         0  __rtentry4.o ABSOLUTE
    ../clib/angel/kernel.s                   0x00000000   Number         0  __rtentry.o ABSOLUTE
    ../clib/angel/rt.s                       0x00000000   Number         0  rt_raise.o ABSOLUTE
    ../clib/angel/rt.s                       0x00000000   Number         0  rt_errno_addr_intlibspace.o ABSOLUTE
    ../clib/angel/rt.s                       0x00000000   Number         0  rt_errno_addr.o ABSOLUTE
    ../clib/angel/scatter.s                  0x00000000   Number         0  __scatter.o ABSOLUTE
    ../clib/angel/startup.s                  0x00000000   Number         0  __main.o ABSOLUTE
    ../clib/angel/sys.s                      0x00000000   Number         0  use_no_semi.o ABSOLUTE
    ../clib/angel/sys.s                      0x00000000   Number         0  sys_stackheap_outer.o ABSOLUTE
    ../clib/angel/sys.s                      0x00000000   Number         0  indicate_semi.o ABSOLUTE
    ../clib/angel/sys.s                      0x00000000   Number         0  libspace.o ABSOLUTE
    ../clib/angel/sysapp.c                   0x00000000   Number         0  sys_command.o ABSOLUTE
    ../clib/angel/sysapp.c                   0x00000000   Number         0  sys_exit.o ABSOLUTE
    ../clib/angel/sysapp.c                   0x00000000   Number         0  sys_wrch.o ABSOLUTE
    ../clib/armsys.c                         0x00000000   Number         0  no_argv.o ABSOLUTE
    ../clib/armsys.c                         0x00000000   Number         0  _get_argv_nomalloc.o ABSOLUTE
    ../clib/armsys.c                         0x00000000   Number         0  argv_veneer.o ABSOLUTE
    ../clib/armsys.c                         0x00000000   Number         0  argv_veneer.o ABSOLUTE
    ../clib/fenv.c                           0x00000000   Number         0  _rserrno.o ABSOLUTE
    ../clib/heapalloc.c                      0x00000000   Number         0  hrguard.o ABSOLUTE
    ../clib/heapaux.c                        0x00000000   Number         0  heapauxi.o ABSOLUTE
    ../clib/libinit.s                        0x00000000   Number         0  libshutdown.o ABSOLUTE
    ../clib/libinit.s                        0x00000000   Number         0  libinit.o ABSOLUTE
    ../clib/libinit.s                        0x00000000   Number         0  libinit2.o ABSOLUTE
    ../clib/libinit.s                        0x00000000   Number         0  libshutdown2.o ABSOLUTE
    ../clib/printf.c                         0x00000000   Number         0  _printf_dec.o ABSOLUTE
    ../clib/printf.c                         0x00000000   Number         0  _printf_intcommon.o ABSOLUTE
    ../clib/printf.c                         0x00000000   Number         0  _printf_char_common.o ABSOLUTE
    ../clib/printf.c                         0x00000000   Number         0  __2sprintf.o ABSOLUTE
    ../clib/printf.c                         0x00000000   Number         0  noretval__2sprintf.o ABSOLUTE
    ../clib/printf.c                         0x00000000   Number         0  __printf.o ABSOLUTE
    ../clib/printf.c                         0x00000000   Number         0  __printf_ss_wp.o ABSOLUTE
    ../clib/printf.c                         0x00000000   Number         0  _sputc.o ABSOLUTE
    ../clib/printf.c                         0x00000000   Number         0  __printf_flags.o ABSOLUTE
    ../clib/printf.c                         0x00000000   Number         0  __printf_ss.o ABSOLUTE
    ../clib/printf.c                         0x00000000   Number         0  __printf_flags_ss.o ABSOLUTE
    ../clib/printf.c                         0x00000000   Number         0  __printf_wp.o ABSOLUTE
    ../clib/printf.c                         0x00000000   Number         0  __printf_flags_wp.o ABSOLUTE
    ../clib/printf.c                         0x00000000   Number         0  __printf_flags_ss_wp.o ABSOLUTE
    ../clib/printf.c                         0x00000000   Number         0  __printf_nopercent.o ABSOLUTE
    ../clib/printf_percent.s                 0x00000000   Number         0  _printf_percent_end.o ABSOLUTE
    ../clib/printf_percent.s                 0x00000000   Number         0  _printf_d.o ABSOLUTE
    ../clib/printf_percent.s                 0x00000000   Number         0  _printf_percent.o ABSOLUTE
    ../clib/signal.c                         0x00000000   Number         0  defsig_segv_inner.o ABSOLUTE
    ../clib/signal.c                         0x00000000   Number         0  defsig_cppl_inner.o ABSOLUTE
    ../clib/signal.c                         0x00000000   Number         0  defsig_pvfn_inner.o ABSOLUTE
    ../clib/signal.c                         0x00000000   Number         0  defsig_stak_inner.o ABSOLUTE
    ../clib/signal.c                         0x00000000   Number         0  defsig_rtred_inner.o ABSOLUTE
    ../clib/signal.c                         0x00000000   Number         0  defsig_fpe_inner.o ABSOLUTE
    ../clib/signal.c                         0x00000000   Number         0  defsig_abrt_inner.o ABSOLUTE
    ../clib/signal.c                         0x00000000   Number         0  defsig_general.o ABSOLUTE
    ../clib/signal.c                         0x00000000   Number         0  __raise.o ABSOLUTE
    ../clib/signal.c                         0x00000000   Number         0  defsig_exit.o ABSOLUTE
    ../clib/signal.c                         0x00000000   Number         0  defsig_rtmem_formal.o ABSOLUTE
    ../clib/signal.c                         0x00000000   Number         0  defsig_rtmem_outer.o ABSOLUTE
    ../clib/signal.c                         0x00000000   Number         0  defsig_rtmem_inner.o ABSOLUTE
    ../clib/signal.c                         0x00000000   Number         0  defsig_other.o ABSOLUTE
    ../clib/signal.s                         0x00000000   Number         0  defsig.o ABSOLUTE
    ../clib/stdlib.c                         0x00000000   Number         0  exit.o ABSOLUTE
    ../fplib/d2f.s                           0x00000000   Number         0  d2f.o ABSOLUTE
    ../fplib/daddsub.s                       0x00000000   Number         0  daddsub_clz.o ABSOLUTE
    ../fplib/dcheck1.s                       0x00000000   Number         0  dcheck1.o ABSOLUTE
    ../fplib/dcmpi.s                         0x00000000   Number         0  dcmpi.o ABSOLUTE
    ../fplib/ddiv.s                          0x00000000   Number         0  ddiv.o ABSOLUTE
    ../fplib/dflt.s                          0x00000000   Number         0  dflt_clz.o ABSOLUTE
    ../fplib/dleqf.s                         0x00000000   Number         0  dleqf.o ABSOLUTE
    ../fplib/dmul.s                          0x00000000   Number         0  dmul.o ABSOLUTE
    ../fplib/dnaninf.s                       0x00000000   Number         0  dnaninf.o ABSOLUTE
    ../fplib/dretinf.s                       0x00000000   Number         0  dretinf.o ABSOLUTE
    ../fplib/drleqf.s                        0x00000000   Number         0  drleqf.o ABSOLUTE
    ../fplib/dsqrt.s                         0x00000000   Number         0  dsqrt_noumaal.o ABSOLUTE
    ../fplib/f2d.s                           0x00000000   Number         0  f2d.o ABSOLUTE
    ../fplib/faddsub.s                       0x00000000   Number         0  faddsub_clz.o ABSOLUTE
    ../fplib/fcmpi.s                         0x00000000   Number         0  fcmpi.o ABSOLUTE
    ../fplib/fdiv.s                          0x00000000   Number         0  fdiv.o ABSOLUTE
    ../fplib/ffix.s                          0x00000000   Number         0  ffix.o ABSOLUTE
    ../fplib/fflt.s                          0x00000000   Number         0  fflt_clz.o ABSOLUTE
    ../fplib/fleqf.s                         0x00000000   Number         0  fleqf.o ABSOLUTE
    ../fplib/fmul.s                          0x00000000   Number         0  fmul.o ABSOLUTE
    ../fplib/fnaninf.s                       0x00000000   Number         0  fnaninf.o ABSOLUTE
    ../fplib/fpinit.s                        0x00000000   Number         0  fpinit.o ABSOLUTE
    ../fplib/fretinf.s                       0x00000000   Number         0  fretinf.o ABSOLUTE
    ../fplib/retnan.s                        0x00000000   Number         0  retnan.o ABSOLUTE
    ../fplib/scalbn.s                        0x00000000   Number         0  scalbn.o ABSOLUTE
    ../fplib/trapv.s                         0x00000000   Number         0  trapv.o ABSOLUTE
    ../fplib/usenofp.s                       0x00000000   Number         0  usenofp.o ABSOLUTE
    ../mathlib/dunder.c                      0x00000000   Number         0  dunder.o ABSOLUTE
    ../mathlib/fpclassify.c                  0x00000000   Number         0  fpclassify.o ABSOLUTE
    ../mathlib/poly.c                        0x00000000   Number         0  poly.o ABSOLUTE
    ../mathlib/pow.c                         0x00000000   Number         0  pow.o ABSOLUTE
    ../mathlib/pow.c                         0x00000000   Number         0  pow_x.o ABSOLUTE
    ../mathlib/qnan.c                        0x00000000   Number         0  qnan.o ABSOLUTE
    ../mathlib/sqrt.c                        0x00000000   Number         0  sqrt.o ABSOLUTE
    ../mathlib/sqrt.c                        0x00000000   Number         0  sqrt_x.o ABSOLUTE
    ..\USER\gw_conver.c                      0x00000000   Number         0  gw_conver.o ABSOLUTE
    ..\USER\gw_delay.c                       0x00000000   Number         0  gw_delay.o ABSOLUTE
    ..\USER\gw_device_command.c              0x00000000   Number         0  gw_device_command.o ABSOLUTE
    ..\USER\gw_gpio.c                        0x00000000   Number         0  gw_gpio.o ABSOLUTE
    ..\USER\gw_ringbuffer.c                  0x00000000   Number         0  gw_ringbuffer.o ABSOLUTE
    ..\USER\gw_sys.c                         0x00000000   Number         0  gw_sys.o ABSOLUTE
    ..\USER\gw_test.c                        0x00000000   Number         0  gw_test.o ABSOLUTE
    ..\USER\gw_uart.c                        0x00000000   Number         0  gw_uart.o ABSOLUTE
    ..\USER\main.c                           0x00000000   Number         0  main.o ABSOLUTE
    ..\\USER\\gw_conver.c                    0x00000000   Number         0  gw_conver.o ABSOLUTE
    ..\\USER\\gw_delay.c                     0x00000000   Number         0  gw_delay.o ABSOLUTE
    ..\\USER\\gw_device_command.c            0x00000000   Number         0  gw_device_command.o ABSOLUTE
    ..\\USER\\gw_gpio.c                      0x00000000   Number         0  gw_gpio.o ABSOLUTE
    ..\\USER\\gw_sys.c                       0x00000000   Number         0  gw_sys.o ABSOLUTE
    ..\\USER\\gw_test.c                      0x00000000   Number         0  gw_test.o ABSOLUTE
    ..\\USER\\gw_uart.c                      0x00000000   Number         0  gw_uart.o ABSOLUTE
    ..\\USER\\main.c                         0x00000000   Number         0  main.o ABSOLUTE
    C:\Keil_v517\ARM\PACK\Keil\STM32F1xx_DFP\2.1.0\Device\StdPeriph_Driver\src\misc.c 0x00000000   Number         0  misc.o ABSOLUTE
    C:\Keil_v517\ARM\PACK\Keil\STM32F1xx_DFP\2.1.0\Device\StdPeriph_Driver\src\stm32f10x_gpio.c 0x00000000   Number         0  stm32f10x_gpio.o ABSOLUTE
    C:\Keil_v517\ARM\PACK\Keil\STM32F1xx_DFP\2.1.0\Device\StdPeriph_Driver\src\stm32f10x_rcc.c 0x00000000   Number         0  stm32f10x_rcc.o ABSOLUTE
    C:\Keil_v517\ARM\PACK\Keil\STM32F1xx_DFP\2.1.0\Device\StdPeriph_Driver\src\stm32f10x_tim.c 0x00000000   Number         0  stm32f10x_tim.o ABSOLUTE
    C:\Keil_v517\ARM\PACK\Keil\STM32F1xx_DFP\2.1.0\Device\StdPeriph_Driver\src\stm32f10x_usart.c 0x00000000   Number         0  stm32f10x_usart.o ABSOLUTE
    C:\\Keil_v517\\ARM\\PACK\\Keil\\STM32F1xx_DFP\\2.1.0\\Device\\StdPeriph_Driver\\src\\misc.c 0x00000000   Number         0  misc.o ABSOLUTE
    C:\\Keil_v517\\ARM\\PACK\\Keil\\STM32F1xx_DFP\\2.1.0\\Device\\StdPeriph_Driver\\src\\stm32f10x_gpio.c 0x00000000   Number         0  stm32f10x_gpio.o ABSOLUTE
    C:\\Keil_v517\\ARM\\PACK\\Keil\\STM32F1xx_DFP\\2.1.0\\Device\\StdPeriph_Driver\\src\\stm32f10x_rcc.c 0x00000000   Number         0  stm32f10x_rcc.o ABSOLUTE
    C:\\Keil_v517\\ARM\\PACK\\Keil\\STM32F1xx_DFP\\2.1.0\\Device\\StdPeriph_Driver\\src\\stm32f10x_tim.c 0x00000000   Number         0  stm32f10x_tim.o ABSOLUTE
    C:\\Keil_v517\\ARM\\PACK\\Keil\\STM32F1xx_DFP\\2.1.0\\Device\\StdPeriph_Driver\\src\\stm32f10x_usart.c 0x00000000   Number         0  stm32f10x_usart.o ABSOLUTE
    RTE\Device\STM32F103C8\startup_stm32f10x_md.s 0x00000000   Number         0  startup_stm32f10x_md.o ABSOLUTE
    RTE\Device\STM32F103C8\system_stm32f10x.c 0x00000000   Number         0  system_stm32f10x.o ABSOLUTE
    RTE\\Device\\STM32F103C8\\system_stm32f10x.c 0x00000000   Number         0  system_stm32f10x.o ABSOLUTE
    dc.s                                     0x00000000   Number         0  dc.o ABSOLUTE
    RESET                                    0x08000000   Section      236  startup_stm32f10x_md.o(RESET)
    !!!main                                  0x080000ec   Section        8  __main.o(!!!main)
    !!!scatter                               0x080000f4   Section       52  __scatter.o(!!!scatter)
    !!handler_copy                           0x08000128   Section       26  __scatter_copy.o(!!handler_copy)
    !!handler_zi                             0x08000144   Section       28  __scatter_zi.o(!!handler_zi)
    .ARM.Collect$$_printf_percent$$00000000  0x08000160   Section        0  _printf_percent.o(.ARM.Collect$$_printf_percent$$00000000)
    .ARM.Collect$$_printf_percent$$00000009  0x08000160   Section        6  _printf_d.o(.ARM.Collect$$_printf_percent$$00000009)
    .ARM.Collect$$_printf_percent$$00000017  0x08000166   Section        4  _printf_percent_end.o(.ARM.Collect$$_printf_percent$$00000017)
    .ARM.Collect$$libinit$$00000000          0x0800016a   Section        2  libinit.o(.ARM.Collect$$libinit$$00000000)
    .ARM.Collect$$libinit$$00000002          0x0800016c   Section        0  libinit2.o(.ARM.Collect$$libinit$$00000002)
    .ARM.Collect$$libinit$$00000004          0x0800016c   Section        0  libinit2.o(.ARM.Collect$$libinit$$00000004)
    .ARM.Collect$$libinit$$0000000A          0x0800016c   Section        0  libinit2.o(.ARM.Collect$$libinit$$0000000A)
    .ARM.Collect$$libinit$$0000000C          0x0800016c   Section        0  libinit2.o(.ARM.Collect$$libinit$$0000000C)
    .ARM.Collect$$libinit$$0000000E          0x0800016c   Section        0  libinit2.o(.ARM.Collect$$libinit$$0000000E)
    .ARM.Collect$$libinit$$00000011          0x0800016c   Section        0  libinit2.o(.ARM.Collect$$libinit$$00000011)
    .ARM.Collect$$libinit$$00000013          0x0800016c   Section        0  libinit2.o(.ARM.Collect$$libinit$$00000013)
    .ARM.Collect$$libinit$$00000015          0x0800016c   Section        0  libinit2.o(.ARM.Collect$$libinit$$00000015)
    .ARM.Collect$$libinit$$00000017          0x0800016c   Section        0  libinit2.o(.ARM.Collect$$libinit$$00000017)
    .ARM.Collect$$libinit$$00000019          0x0800016c   Section        0  libinit2.o(.ARM.Collect$$libinit$$00000019)
    .ARM.Collect$$libinit$$0000001B          0x0800016c   Section        0  libinit2.o(.ARM.Collect$$libinit$$0000001B)
    .ARM.Collect$$libinit$$0000001D          0x0800016c   Section        0  libinit2.o(.ARM.Collect$$libinit$$0000001D)
    .ARM.Collect$$libinit$$0000001F          0x0800016c   Section        0  libinit2.o(.ARM.Collect$$libinit$$0000001F)
    .ARM.Collect$$libinit$$00000021          0x0800016c   Section        0  libinit2.o(.ARM.Collect$$libinit$$00000021)
    .ARM.Collect$$libinit$$00000023          0x0800016c   Section        0  libinit2.o(.ARM.Collect$$libinit$$00000023)
    .ARM.Collect$$libinit$$00000025          0x0800016c   Section        0  libinit2.o(.ARM.Collect$$libinit$$00000025)
    .ARM.Collect$$libinit$$0000002C          0x0800016c   Section        0  libinit2.o(.ARM.Collect$$libinit$$0000002C)
    .ARM.Collect$$libinit$$0000002E          0x0800016c   Section        0  libinit2.o(.ARM.Collect$$libinit$$0000002E)
    .ARM.Collect$$libinit$$00000030          0x0800016c   Section        0  libinit2.o(.ARM.Collect$$libinit$$00000030)
    .ARM.Collect$$libinit$$00000032          0x0800016c   Section        0  libinit2.o(.ARM.Collect$$libinit$$00000032)
    .ARM.Collect$$libinit$$00000033          0x0800016c   Section        2  libinit2.o(.ARM.Collect$$libinit$$00000033)
    .ARM.Collect$$libshutdown$$00000000      0x0800016e   Section        2  libshutdown.o(.ARM.Collect$$libshutdown$$00000000)
    .ARM.Collect$$libshutdown$$00000002      0x08000170   Section        0  libshutdown2.o(.ARM.Collect$$libshutdown$$00000002)
    .ARM.Collect$$libshutdown$$00000004      0x08000170   Section        0  libshutdown2.o(.ARM.Collect$$libshutdown$$00000004)
    .ARM.Collect$$libshutdown$$00000007      0x08000170   Section        0  libshutdown2.o(.ARM.Collect$$libshutdown$$00000007)
    .ARM.Collect$$libshutdown$$0000000A      0x08000170   Section        0  libshutdown2.o(.ARM.Collect$$libshutdown$$0000000A)
    .ARM.Collect$$libshutdown$$0000000C      0x08000170   Section        0  libshutdown2.o(.ARM.Collect$$libshutdown$$0000000C)
    .ARM.Collect$$libshutdown$$0000000F      0x08000170   Section        0  libshutdown2.o(.ARM.Collect$$libshutdown$$0000000F)
    .ARM.Collect$$libshutdown$$00000010      0x08000170   Section        2  libshutdown2.o(.ARM.Collect$$libshutdown$$00000010)
    .ARM.Collect$$rtentry$$00000000          0x08000172   Section        0  __rtentry.o(.ARM.Collect$$rtentry$$00000000)
    .ARM.Collect$$rtentry$$00000002          0x08000172   Section        0  __rtentry2.o(.ARM.Collect$$rtentry$$00000002)
    .ARM.Collect$$rtentry$$00000004          0x08000172   Section        6  __rtentry4.o(.ARM.Collect$$rtentry$$00000004)
    .ARM.Collect$$rtentry$$00000009          0x08000178   Section        0  __rtentry2.o(.ARM.Collect$$rtentry$$00000009)
    .ARM.Collect$$rtentry$$0000000A          0x08000178   Section        4  __rtentry2.o(.ARM.Collect$$rtentry$$0000000A)
    .ARM.Collect$$rtentry$$0000000C          0x0800017c   Section        0  __rtentry2.o(.ARM.Collect$$rtentry$$0000000C)
    .ARM.Collect$$rtentry$$0000000D          0x0800017c   Section        8  __rtentry2.o(.ARM.Collect$$rtentry$$0000000D)
    .ARM.Collect$$rtexit$$00000000           0x08000184   Section        2  rtexit.o(.ARM.Collect$$rtexit$$00000000)
    .ARM.Collect$$rtexit$$00000002           0x08000186   Section        0  rtexit2.o(.ARM.Collect$$rtexit$$00000002)
    .ARM.Collect$$rtexit$$00000003           0x08000186   Section        4  rtexit2.o(.ARM.Collect$$rtexit$$00000003)
    .ARM.Collect$$rtexit$$00000004           0x0800018a   Section        6  rtexit2.o(.ARM.Collect$$rtexit$$00000004)
    .text                                    0x08000190   Section       64  startup_stm32f10x_md.o(.text)
    .text                                    0x080001d0   Section        0  noretval__2sprintf.o(.text)
    .text                                    0x080001f8   Section        0  __printf.o(.text)
    .text                                    0x08000260   Section        0  _printf_dec.o(.text)
    .text                                    0x080002d8   Section        0  heapauxi.o(.text)
    .text                                    0x080002de   Section        0  _rserrno.o(.text)
    .text                                    0x080002f4   Section        0  _printf_intcommon.o(.text)
    .text                                    0x080003a8   Section        0  _printf_char_common.o(.text)
    _printf_input_char                       0x080003a9   Thumb Code    10  _printf_char_common.o(.text)
    .text                                    0x080003d8   Section        0  _sputc.o(.text)
    .text                                    0x080003e4   Section        8  rt_errno_addr_intlibspace.o(.text)
    .text                                    0x080003ec   Section        8  libspace.o(.text)
    .text                                    0x080003f4   Section       74  sys_stackheap_outer.o(.text)
    .text                                    0x0800043e   Section        0  exit.o(.text)
    .text                                    0x08000450   Section        0  sys_exit.o(.text)
    .text                                    0x0800045c   Section        2  use_no_semi.o(.text)
    .text                                    0x0800045e   Section        0  indicate_semi.o(.text)
    i.Conver_intToStr                        0x0800045e   Section        0  gw_conver.o(i.Conver_intToStr)
    Conver_intToStr                          0x0800045f   Thumb Code   116  gw_conver.o(i.Conver_intToStr)
    i.Conver_reverse                         0x080004d2   Section        0  gw_conver.o(i.Conver_reverse)
    Conver_reverse                           0x080004d3   Thumb Code    28  gw_conver.o(i.Conver_reverse)
    i.GET_GPIO_PORT_Init                     0x080004f0   Section        0  gw_gpio.o(i.GET_GPIO_PORT_Init)
    GET_GPIO_PORT_Init                       0x080004f1   Thumb Code    54  gw_gpio.o(i.GET_GPIO_PORT_Init)
    i.GPIO_Init                              0x08000530   Section        0  stm32f10x_gpio.o(i.GPIO_Init)
    i.GPIO_PinRemapConfig                    0x08000648   Section        0  stm32f10x_gpio.o(i.GPIO_PinRemapConfig)
    i.GPIO_ReadInputDataBit                  0x080006d8   Section        0  stm32f10x_gpio.o(i.GPIO_ReadInputDataBit)
    i.GPIO_ResetBits                         0x080006ea   Section        0  stm32f10x_gpio.o(i.GPIO_ResetBits)
    i.GPIO_SetBits                           0x080006ee   Section        0  stm32f10x_gpio.o(i.GPIO_SetBits)
    i.Gw_Conver_FloatToStr                   0x080006f4   Section        0  gw_conver.o(i.Gw_Conver_FloatToStr)
    i.Gw_Conver_IntToStr                     0x080007c4   Section        0  gw_conver.o(i.Gw_Conver_IntToStr)
    i.Gw_Conver_StrToFloat                   0x0800083c   Section        0  gw_conver.o(i.Gw_Conver_StrToFloat)
    i.Gw_Conver_StrToInt                     0x080008f0   Section        0  gw_conver.o(i.Gw_Conver_StrToInt)
    i.Gw_DELAY_Init                          0x08000934   Section        0  gw_delay.o(i.Gw_DELAY_Init)
    i.Gw_DELAY_ms                            0x08000974   Section        0  gw_delay.o(i.Gw_DELAY_ms)
    i.Gw_GPIO_Init                           0x080009b0   Section        0  gw_gpio.o(i.Gw_GPIO_Init)
    i.Gw_GPIO_Set_ON                         0x080009bc   Section        0  gw_gpio.o(i.Gw_GPIO_Set_ON)
    i.Gw_Sys_Init                            0x08000a24   Section        0  gw_sys.o(i.Gw_Sys_Init)
    i.Gw_Sys_Run                             0x08000ab4   Section        0  gw_sys.o(i.Gw_Sys_Run)
    i.Gw_Test_Gpio_ReadStt                   0x08000ac4   Section        0  gw_test.o(i.Gw_Test_Gpio_ReadStt)
    i.Gw_Test_Run                            0x08000b60   Section        0  gw_test.o(i.Gw_Test_Run)
    i.Gw_Uart1_SendChar                      0x08000b70   Section        0  gw_uart.o(i.Gw_Uart1_SendChar)
    i.Gw_Uart1_SendString                    0x08000b8c   Section        0  gw_uart.o(i.Gw_Uart1_SendString)
    i.Gw_Uart_Init1                          0x08000ba4   Section        0  gw_uart.o(i.Gw_Uart_Init1)
    i.Gw_Uart_Init2                          0x08000c1c   Section        0  gw_uart.o(i.Gw_Uart_Init2)
    i.RCC_APB2PeriphClockCmd                 0x08000cac   Section        0  stm32f10x_rcc.o(i.RCC_APB2PeriphClockCmd)
    i.SET_GPIO_PORT_Init                     0x08000ccc   Section        0  gw_gpio.o(i.SET_GPIO_PORT_Init)
    SET_GPIO_PORT_Init                       0x08000ccd   Thumb Code    80  gw_gpio.o(i.SET_GPIO_PORT_Init)
    i.SetSysClock                            0x08000d28   Section        0  system_stm32f10x.o(i.SetSysClock)
    SetSysClock                              0x08000d29   Thumb Code     8  system_stm32f10x.o(i.SetSysClock)
    i.SetSysClockTo72                        0x08000d30   Section        0  system_stm32f10x.o(i.SetSysClockTo72)
    SetSysClockTo72                          0x08000d31   Thumb Code   214  system_stm32f10x.o(i.SetSysClockTo72)
    i.SystemInit                             0x08000e10   Section        0  system_stm32f10x.o(i.SystemInit)
    i.USART1_IRQHandler                      0x08000e70   Section        0  gw_uart.o(i.USART1_IRQHandler)
    i.USART2_IRQHandler                      0x08000ec4   Section        0  gw_uart.o(i.USART2_IRQHandler)
    i.USART3_IRQHandler                      0x08000f24   Section        0  gw_uart.o(i.USART3_IRQHandler)
    i.USART_ClearITPendingBit                0x08000f78   Section        0  stm32f10x_usart.o(i.USART_ClearITPendingBit)
    i.USART_ReceiveData                      0x08000f96   Section        0  stm32f10x_usart.o(i.USART_ReceiveData)
    i.Uart_Gpio_Control_RS485                0x08000fa0   Section        0  gw_uart.o(i.Uart_Gpio_Control_RS485)
    Uart_Gpio_Control_RS485                  0x08000fa1   Thumb Code    44  gw_uart.o(i.Uart_Gpio_Control_RS485)
    i.__ARM_fpclassify                       0x08000fd0   Section        0  fpclassify.o(i.__ARM_fpclassify)
    i.__NVIC_EnableIRQ                       0x08000ff8   Section        0  gw_uart.o(i.__NVIC_EnableIRQ)
    __NVIC_EnableIRQ                         0x08000ff9   Thumb Code    34  gw_uart.o(i.__NVIC_EnableIRQ)
    i.__kernel_poly                          0x0800101a   Section        0  poly.o(i.__kernel_poly)
    i.__mathlib_dbl_divzero                  0x080010c4   Section        0  dunder.o(i.__mathlib_dbl_divzero)
    i.__mathlib_dbl_infnan2                  0x080010d4   Section        0  dunder.o(i.__mathlib_dbl_infnan2)
    i.__mathlib_dbl_invalid                  0x080010d8   Section        0  dunder.o(i.__mathlib_dbl_invalid)
    i.__mathlib_dbl_overflow                 0x080010e4   Section        0  dunder.o(i.__mathlib_dbl_overflow)
    i.__mathlib_dbl_underflow                0x080010f4   Section        0  dunder.o(i.__mathlib_dbl_underflow)
    i.checksum                               0x08001104   Section        0  gw_device_command.o(i.checksum)
    checksum                                 0x08001105   Thumb Code    56  gw_device_command.o(i.checksum)
    i.comm_create_command                    0x08001140   Section        0  gw_device_command.o(i.comm_create_command)
    i.comm_detect_command                    0x08001364   Section        0  gw_device_command.o(i.comm_detect_command)
    i.main                                   0x08001468   Section        0  main.o(i.main)
    i.pow                                    0x08001474   Section        0  pow.o(i.pow)
    i.ringbuffer_init                        0x08001e4c   Section        0  gw_ringbuffer.o(i.ringbuffer_init)
    i.sqrt                                   0x08001e64   Section        0  sqrt.o(i.sqrt)
    i.string_cat                             0x08001eb0   Section        0  gw_device_command.o(i.string_cat)
    string_cat                               0x08001eb1   Thumb Code    30  gw_device_command.o(i.string_cat)
    i.string_cmp_len                         0x08001ece   Section        0  gw_device_command.o(i.string_cmp_len)
    string_cmp_len                           0x08001ecf   Thumb Code    34  gw_device_command.o(i.string_cmp_len)
    i.string_copy                            0x08001ef0   Section        0  gw_device_command.o(i.string_copy)
    string_copy                              0x08001ef1   Thumb Code    42  gw_device_command.o(i.string_copy)
    i.string_crc                             0x08001f1c   Section        0  gw_device_command.o(i.string_crc)
    string_crc                               0x08001f1d   Thumb Code    54  gw_device_command.o(i.string_crc)
    i.string_length                          0x08001f58   Section        0  gw_device_command.o(i.string_length)
    string_length                            0x08001f59   Thumb Code    18  gw_device_command.o(i.string_length)
    i.string_split                           0x08001f6a   Section        0  gw_device_command.o(i.string_split)
    string_split                             0x08001f6b   Thumb Code   126  gw_device_command.o(i.string_split)
    x$fpl$d2f                                0x08001fe8   Section       98  d2f.o(x$fpl$d2f)
    x$fpl$dadd                               0x0800204c   Section      336  daddsub_clz.o(x$fpl$dadd)
    _dadd1                                   0x0800205d   Thumb Code     0  daddsub_clz.o(x$fpl$dadd)
    x$fpl$dcheck1                            0x0800219c   Section       16  dcheck1.o(x$fpl$dcheck1)
    x$fpl$dcmpinf                            0x080021ac   Section       24  dcmpi.o(x$fpl$dcmpinf)
    x$fpl$ddiv                               0x080021c4   Section      688  ddiv.o(x$fpl$ddiv)
    ddiv_entry                               0x080021cb   Thumb Code     0  ddiv.o(x$fpl$ddiv)
    x$fpl$dflt                               0x08002474   Section       46  dflt_clz.o(x$fpl$dflt)
    x$fpl$dfltu                              0x080024a2   Section       38  dflt_clz.o(x$fpl$dfltu)
    x$fpl$dleqf                              0x080024c8   Section      120  dleqf.o(x$fpl$dleqf)
    x$fpl$dmul                               0x08002540   Section      340  dmul.o(x$fpl$dmul)
    x$fpl$dnaninf                            0x08002694   Section      156  dnaninf.o(x$fpl$dnaninf)
    x$fpl$dretinf                            0x08002730   Section       12  dretinf.o(x$fpl$dretinf)
    x$fpl$drleqf                             0x0800273c   Section      108  drleqf.o(x$fpl$drleqf)
    x$fpl$drsb                               0x080027a8   Section       22  daddsub_clz.o(x$fpl$drsb)
    x$fpl$dsqrt                              0x080027c0   Section      460  dsqrt_noumaal.o(x$fpl$dsqrt)
    x$fpl$dsub                               0x0800298c   Section      468  daddsub_clz.o(x$fpl$dsub)
    _dsub1                                   0x0800299d   Thumb Code     0  daddsub_clz.o(x$fpl$dsub)
    x$fpl$f2d                                0x08002b60   Section       86  f2d.o(x$fpl$f2d)
    x$fpl$fadd                               0x08002bb8   Section      196  faddsub_clz.o(x$fpl$fadd)
    _fadd1                                   0x08002bc7   Thumb Code     0  faddsub_clz.o(x$fpl$fadd)
    x$fpl$fcmpinf                            0x08002c7c   Section       24  fcmpi.o(x$fpl$fcmpinf)
    x$fpl$fdiv                               0x08002c94   Section      388  fdiv.o(x$fpl$fdiv)
    _fdiv1                                   0x08002c95   Thumb Code     0  fdiv.o(x$fpl$fdiv)
    x$fpl$ffix                               0x08002e18   Section       54  ffix.o(x$fpl$ffix)
    x$fpl$fflt                               0x08002e50   Section       48  fflt_clz.o(x$fpl$fflt)
    x$fpl$fleqf                              0x08002e80   Section      104  fleqf.o(x$fpl$fleqf)
    x$fpl$fmul                               0x08002ee8   Section      258  fmul.o(x$fpl$fmul)
    x$fpl$fnaninf                            0x08002fea   Section      140  fnaninf.o(x$fpl$fnaninf)
    x$fpl$fretinf                            0x08003076   Section       10  fretinf.o(x$fpl$fretinf)
    x$fpl$frsb                               0x08003080   Section       20  faddsub_clz.o(x$fpl$frsb)
    x$fpl$fsub                               0x08003094   Section      234  faddsub_clz.o(x$fpl$fsub)
    _fsub1                                   0x080030a3   Thumb Code     0  faddsub_clz.o(x$fpl$fsub)
    x$fpl$retnan                             0x0800317e   Section      100  retnan.o(x$fpl$retnan)
    x$fpl$scalbn                             0x080031e2   Section       92  scalbn.o(x$fpl$scalbn)
    x$fpl$trapveneer                         0x0800323e   Section       48  trapv.o(x$fpl$trapveneer)
    x$fpl$usenofp                            0x0800326e   Section        0  usenofp.o(x$fpl$usenofp)
    .constdata                               0x08003270   Section      136  pow.o(.constdata)
    bp                                       0x08003270   Data          16  pow.o(.constdata)
    dp_h                                     0x08003280   Data          16  pow.o(.constdata)
    dp_l                                     0x08003290   Data          16  pow.o(.constdata)
    L                                        0x080032a0   Data          48  pow.o(.constdata)
    P                                        0x080032d0   Data          40  pow.o(.constdata)
    .constdata                               0x080032f8   Section        8  qnan.o(.constdata)
    .data                                    0x20000000   Section        4  gw_delay.o(.data)
    fac_us                                   0x20000000   Data           1  gw_delay.o(.data)
    fac_ms                                   0x20000002   Data           2  gw_delay.o(.data)
    .data                                    0x20000004   Section       10  gw_uart.o(.data)
    .data                                    0x2000000e   Section        1  gw_device_command.o(.data)
    tempcrc                                  0x2000000e   Data           1  gw_device_command.o(.data)
    .data                                    0x20000010   Section       12  gw_test.o(.data)
    .data                                    0x2000001c   Section       20  system_stm32f10x.o(.data)
    .bss                                     0x20000030   Section       30  gw_conver.o(.bss)
    str                                      0x20000030   Data          10  gw_conver.o(.bss)
    str                                      0x2000003a   Data          20  gw_conver.o(.bss)
    .bss                                     0x20000050   Section      168  gw_uart.o(.bss)
    .bss                                     0x200000f8   Section       96  libspace.o(.bss)
    HEAP                                     0x20000158   Section      512  startup_stm32f10x_md.o(HEAP)
    Heap_Mem                                 0x20000158   Data         512  startup_stm32f10x_md.o(HEAP)
    STACK                                    0x20000358   Section     1024  startup_stm32f10x_md.o(STACK)
    Stack_Mem                                0x20000358   Data        1024  startup_stm32f10x_md.o(STACK)
    __initial_sp                             0x20000758   Data           0  startup_stm32f10x_md.o(STACK)

    Global Symbols

    Symbol Name                              Value     Ov Type        Size  Object(Section)

    BuildAttributes$$THM_ISAv4$P$D$K$B$S$PE$A:L22UL41UL21$X:L11$S22US41US21$IEEE1$IW$USESV6$~STKCKD$USESV7$~SHL$OTIME$ROPI$IEEEX$EBA8$UX$STANDARDLIB$REQ8$PRES8$EABIv2 0x00000000   Number         0  anon$$obj.o ABSOLUTE
    __ARM_use_no_argv                        0x00000000   Number         0  main.o ABSOLUTE
    __ARM_exceptions_init                     - Undefined Weak Reference
    __alloca_initialize                       - Undefined Weak Reference
    __arm_preinit_                            - Undefined Weak Reference
    __cpp_initialize__aeabi_                  - Undefined Weak Reference
    __cxa_finalize                            - Undefined Weak Reference
    __rt_locale                               - Undefined Weak Reference
    __sigvec_lookup                           - Undefined Weak Reference
    _atexit_init                              - Undefined Weak Reference
    _call_atexit_fns                          - Undefined Weak Reference
    _clock_init                               - Undefined Weak Reference
    _fp_trap_init                             - Undefined Weak Reference
    _fp_trap_shutdown                         - Undefined Weak Reference
    _get_lc_collate                           - Undefined Weak Reference
    _get_lc_ctype                             - Undefined Weak Reference
    _get_lc_monetary                          - Undefined Weak Reference
    _get_lc_numeric                           - Undefined Weak Reference
    _get_lc_time                              - Undefined Weak Reference
    _getenv_init                              - Undefined Weak Reference
    _handle_redirection                       - Undefined Weak Reference
    _init_alloc                               - Undefined Weak Reference
    _init_user_alloc                          - Undefined Weak Reference
    _initio                                   - Undefined Weak Reference
    _printf_post_padding                      - Undefined Weak Reference
    _printf_pre_padding                       - Undefined Weak Reference
    _printf_truncate_signed                   - Undefined Weak Reference
    _printf_truncate_unsigned                 - Undefined Weak Reference
    _rand_init                                - Undefined Weak Reference
    _signal_finish                            - Undefined Weak Reference
    _signal_init                              - Undefined Weak Reference
    _terminate_alloc                          - Undefined Weak Reference
    _terminate_user_alloc                     - Undefined Weak Reference
    _terminateio                              - Undefined Weak Reference
    __Vectors_Size                           0x000000ec   Number         0  startup_stm32f10x_md.o ABSOLUTE
    __Vectors                                0x08000000   Data           4  startup_stm32f10x_md.o(RESET)
    __Vectors_End                            0x080000ec   Data           0  startup_stm32f10x_md.o(RESET)
    __main                                   0x080000ed   Thumb Code     8  __main.o(!!!main)
    __scatterload                            0x080000f5   Thumb Code     0  __scatter.o(!!!scatter)
    __scatterload_rt2                        0x080000f5   Thumb Code    44  __scatter.o(!!!scatter)
    __scatterload_rt2_thumb_only             0x080000f5   Thumb Code     0  __scatter.o(!!!scatter)
    __scatterload_null                       0x08000103   Thumb Code     0  __scatter.o(!!!scatter)
    __scatterload_copy                       0x08000129   Thumb Code    26  __scatter_copy.o(!!handler_copy)
    __scatterload_zeroinit                   0x08000145   Thumb Code    28  __scatter_zi.o(!!handler_zi)
    _printf_d                                0x08000161   Thumb Code     0  _printf_d.o(.ARM.Collect$$_printf_percent$$00000009)
    _printf_percent                          0x08000161   Thumb Code     0  _printf_percent.o(.ARM.Collect$$_printf_percent$$00000000)
    _printf_percent_end                      0x08000167   Thumb Code     0  _printf_percent_end.o(.ARM.Collect$$_printf_percent$$00000017)
    __rt_lib_init                            0x0800016b   Thumb Code     0  libinit.o(.ARM.Collect$$libinit$$00000000)
    __rt_lib_init_alloca_1                   0x0800016d   Thumb Code     0  libinit2.o(.ARM.Collect$$libinit$$0000002E)
    __rt_lib_init_argv_1                     0x0800016d   Thumb Code     0  libinit2.o(.ARM.Collect$$libinit$$0000002C)
    __rt_lib_init_atexit_1                   0x0800016d   Thumb Code     0  libinit2.o(.ARM.Collect$$libinit$$0000001B)
    __rt_lib_init_clock_1                    0x0800016d   Thumb Code     0  libinit2.o(.ARM.Collect$$libinit$$00000021)
    __rt_lib_init_cpp_1                      0x0800016d   Thumb Code     0  libinit2.o(.ARM.Collect$$libinit$$00000032)
    __rt_lib_init_exceptions_1               0x0800016d   Thumb Code     0  libinit2.o(.ARM.Collect$$libinit$$00000030)
    __rt_lib_init_fp_1                       0x0800016d   Thumb Code     0  libinit2.o(.ARM.Collect$$libinit$$00000002)
    __rt_lib_init_fp_trap_1                  0x0800016d   Thumb Code     0  libinit2.o(.ARM.Collect$$libinit$$0000001F)
    __rt_lib_init_getenv_1                   0x0800016d   Thumb Code     0  libinit2.o(.ARM.Collect$$libinit$$00000023)
    __rt_lib_init_heap_1                     0x0800016d   Thumb Code     0  libinit2.o(.ARM.Collect$$libinit$$0000000A)
    __rt_lib_init_lc_collate_1               0x0800016d   Thumb Code     0  libinit2.o(.ARM.Collect$$libinit$$00000011)
    __rt_lib_init_lc_ctype_1                 0x0800016d   Thumb Code     0  libinit2.o(.ARM.Collect$$libinit$$00000013)
    __rt_lib_init_lc_monetary_1              0x0800016d   Thumb Code     0  libinit2.o(.ARM.Collect$$libinit$$00000015)
    __rt_lib_init_lc_numeric_1               0x0800016d   Thumb Code     0  libinit2.o(.ARM.Collect$$libinit$$00000017)
    __rt_lib_init_lc_time_1                  0x0800016d   Thumb Code     0  libinit2.o(.ARM.Collect$$libinit$$00000019)
    __rt_lib_init_preinit_1                  0x0800016d   Thumb Code     0  libinit2.o(.ARM.Collect$$libinit$$00000004)
    __rt_lib_init_rand_1                     0x0800016d   Thumb Code     0  libinit2.o(.ARM.Collect$$libinit$$0000000E)
    __rt_lib_init_return                     0x0800016d   Thumb Code     0  libinit2.o(.ARM.Collect$$libinit$$00000033)
    __rt_lib_init_signal_1                   0x0800016d   Thumb Code     0  libinit2.o(.ARM.Collect$$libinit$$0000001D)
    __rt_lib_init_stdio_1                    0x0800016d   Thumb Code     0  libinit2.o(.ARM.Collect$$libinit$$00000025)
    __rt_lib_init_user_alloc_1               0x0800016d   Thumb Code     0  libinit2.o(.ARM.Collect$$libinit$$0000000C)
    __rt_lib_shutdown                        0x0800016f   Thumb Code     0  libshutdown.o(.ARM.Collect$$libshutdown$$00000000)
    __rt_lib_shutdown_cpp_1                  0x08000171   Thumb Code     0  libshutdown2.o(.ARM.Collect$$libshutdown$$00000002)
    __rt_lib_shutdown_fp_trap_1              0x08000171   Thumb Code     0  libshutdown2.o(.ARM.Collect$$libshutdown$$00000007)
    __rt_lib_shutdown_heap_1                 0x08000171   Thumb Code     0  libshutdown2.o(.ARM.Collect$$libshutdown$$0000000F)
    __rt_lib_shutdown_return                 0x08000171   Thumb Code     0  libshutdown2.o(.ARM.Collect$$libshutdown$$00000010)
    __rt_lib_shutdown_signal_1               0x08000171   Thumb Code     0  libshutdown2.o(.ARM.Collect$$libshutdown$$0000000A)
    __rt_lib_shutdown_stdio_1                0x08000171   Thumb Code     0  libshutdown2.o(.ARM.Collect$$libshutdown$$00000004)
    __rt_lib_shutdown_user_alloc_1           0x08000171   Thumb Code     0  libshutdown2.o(.ARM.Collect$$libshutdown$$0000000C)
    __rt_entry                               0x08000173   Thumb Code     0  __rtentry.o(.ARM.Collect$$rtentry$$00000000)
    __rt_entry_presh_1                       0x08000173   Thumb Code     0  __rtentry2.o(.ARM.Collect$$rtentry$$00000002)
    __rt_entry_sh                            0x08000173   Thumb Code     0  __rtentry4.o(.ARM.Collect$$rtentry$$00000004)
    __rt_entry_li                            0x08000179   Thumb Code     0  __rtentry2.o(.ARM.Collect$$rtentry$$0000000A)
    __rt_entry_postsh_1                      0x08000179   Thumb Code     0  __rtentry2.o(.ARM.Collect$$rtentry$$00000009)
    __rt_entry_main                          0x0800017d   Thumb Code     0  __rtentry2.o(.ARM.Collect$$rtentry$$0000000D)
    __rt_entry_postli_1                      0x0800017d   Thumb Code     0  __rtentry2.o(.ARM.Collect$$rtentry$$0000000C)
    __rt_exit                                0x08000185   Thumb Code     0  rtexit.o(.ARM.Collect$$rtexit$$00000000)
    __rt_exit_ls                             0x08000187   Thumb Code     0  rtexit2.o(.ARM.Collect$$rtexit$$00000003)
    __rt_exit_prels_1                        0x08000187   Thumb Code     0  rtexit2.o(.ARM.Collect$$rtexit$$00000002)
    __rt_exit_exit                           0x0800018b   Thumb Code     0  rtexit2.o(.ARM.Collect$$rtexit$$00000004)
    Reset_Handler                            0x08000191   Thumb Code     8  startup_stm32f10x_md.o(.text)
    NMI_Handler                              0x08000199   Thumb Code     2  startup_stm32f10x_md.o(.text)
    HardFault_Handler                        0x0800019b   Thumb Code     2  startup_stm32f10x_md.o(.text)
    MemManage_Handler                        0x0800019d   Thumb Code     2  startup_stm32f10x_md.o(.text)
    BusFault_Handler                         0x0800019f   Thumb Code     2  startup_stm32f10x_md.o(.text)
    UsageFault_Handler                       0x080001a1   Thumb Code     2  startup_stm32f10x_md.o(.text)
    SVC_Handler                              0x080001a3   Thumb Code     2  startup_stm32f10x_md.o(.text)
    DebugMon_Handler                         0x080001a5   Thumb Code     2  startup_stm32f10x_md.o(.text)
    PendSV_Handler                           0x080001a7   Thumb Code     2  startup_stm32f10x_md.o(.text)
    SysTick_Handler                          0x080001a9   Thumb Code     2  startup_stm32f10x_md.o(.text)
    ADC1_2_IRQHandler                        0x080001ab   Thumb Code     0  startup_stm32f10x_md.o(.text)
    CAN1_RX1_IRQHandler                      0x080001ab   Thumb Code     0  startup_stm32f10x_md.o(.text)
    CAN1_SCE_IRQHandler                      0x080001ab   Thumb Code     0  startup_stm32f10x_md.o(.text)
    DMA1_Channel1_IRQHandler                 0x080001ab   Thumb Code     0  startup_stm32f10x_md.o(.text)
    DMA1_Channel2_IRQHandler                 0x080001ab   Thumb Code     0  startup_stm32f10x_md.o(.text)
    DMA1_Channel3_IRQHandler                 0x080001ab   Thumb Code     0  startup_stm32f10x_md.o(.text)
    DMA1_Channel4_IRQHandler                 0x080001ab   Thumb Code     0  startup_stm32f10x_md.o(.text)
    DMA1_Channel5_IRQHandler                 0x080001ab   Thumb Code     0  startup_stm32f10x_md.o(.text)
    DMA1_Channel6_IRQHandler                 0x080001ab   Thumb Code     0  startup_stm32f10x_md.o(.text)
    DMA1_Channel7_IRQHandler                 0x080001ab   Thumb Code     0  startup_stm32f10x_md.o(.text)
    EXTI0_IRQHandler                         0x080001ab   Thumb Code     0  startup_stm32f10x_md.o(.text)
    EXTI15_10_IRQHandler                     0x080001ab   Thumb Code     0  startup_stm32f10x_md.o(.text)
    EXTI1_IRQHandler                         0x080001ab   Thumb Code     0  startup_stm32f10x_md.o(.text)
    EXTI2_IRQHandler                         0x080001ab   Thumb Code     0  startup_stm32f10x_md.o(.text)
    EXTI3_IRQHandler                         0x080001ab   Thumb Code     0  startup_stm32f10x_md.o(.text)
    EXTI4_IRQHandler                         0x080001ab   Thumb Code     0  startup_stm32f10x_md.o(.text)
    EXTI9_5_IRQHandler                       0x080001ab   Thumb Code     0  startup_stm32f10x_md.o(.text)
    FLASH_IRQHandler                         0x080001ab   Thumb Code     0  startup_stm32f10x_md.o(.text)
    I2C1_ER_IRQHandler                       0x080001ab   Thumb Code     0  startup_stm32f10x_md.o(.text)
    I2C1_EV_IRQHandler                       0x080001ab   Thumb Code     0  startup_stm32f10x_md.o(.text)
    I2C2_ER_IRQHandler                       0x080001ab   Thumb Code     0  startup_stm32f10x_md.o(.text)
    I2C2_EV_IRQHandler                       0x080001ab   Thumb Code     0  startup_stm32f10x_md.o(.text)
    PVD_IRQHandler                           0x080001ab   Thumb Code     0  startup_stm32f10x_md.o(.text)
    RCC_IRQHandler                           0x080001ab   Thumb Code     0  startup_stm32f10x_md.o(.text)
    RTCAlarm_IRQHandler                      0x080001ab   Thumb Code     0  startup_stm32f10x_md.o(.text)
    RTC_IRQHandler                           0x080001ab   Thumb Code     0  startup_stm32f10x_md.o(.text)
    SPI1_IRQHandler                          0x080001ab   Thumb Code     0  startup_stm32f10x_md.o(.text)
    SPI2_IRQHandler                          0x080001ab   Thumb Code     0  startup_stm32f10x_md.o(.text)
    TAMPER_IRQHandler                        0x080001ab   Thumb Code     0  startup_stm32f10x_md.o(.text)
    TIM1_BRK_IRQHandler                      0x080001ab   Thumb Code     0  startup_stm32f10x_md.o(.text)
    TIM1_CC_IRQHandler                       0x080001ab   Thumb Code     0  startup_stm32f10x_md.o(.text)
    TIM1_TRG_COM_IRQHandler                  0x080001ab   Thumb Code     0  startup_stm32f10x_md.o(.text)
    TIM1_UP_IRQHandler                       0x080001ab   Thumb Code     0  startup_stm32f10x_md.o(.text)
    TIM2_IRQHandler                          0x080001ab   Thumb Code     0  startup_stm32f10x_md.o(.text)
    TIM3_IRQHandler                          0x080001ab   Thumb Code     0  startup_stm32f10x_md.o(.text)
    TIM4_IRQHandler                          0x080001ab   Thumb Code     0  startup_stm32f10x_md.o(.text)
    USBWakeUp_IRQHandler                     0x080001ab   Thumb Code     0  startup_stm32f10x_md.o(.text)
    USB_HP_CAN1_TX_IRQHandler                0x080001ab   Thumb Code     0  startup_stm32f10x_md.o(.text)
    USB_LP_CAN1_RX0_IRQHandler               0x080001ab   Thumb Code     0  startup_stm32f10x_md.o(.text)
    WWDG_IRQHandler                          0x080001ab   Thumb Code     0  startup_stm32f10x_md.o(.text)
    __user_initial_stackheap                 0x080001ad   Thumb Code     0  startup_stm32f10x_md.o(.text)
    __2sprintf                               0x080001d1   Thumb Code    34  noretval__2sprintf.o(.text)
    __printf                                 0x080001f9   Thumb Code   104  __printf.o(.text)
    _printf_int_dec                          0x08000261   Thumb Code   104  _printf_dec.o(.text)
    __use_two_region_memory                  0x080002d9   Thumb Code     2  heapauxi.o(.text)
    __rt_heap_escrow$2region                 0x080002db   Thumb Code     2  heapauxi.o(.text)
    __rt_heap_expand$2region                 0x080002dd   Thumb Code     2  heapauxi.o(.text)
    __read_errno                             0x080002df   Thumb Code    10  _rserrno.o(.text)
    __set_errno                              0x080002e9   Thumb Code    12  _rserrno.o(.text)
    _printf_int_common                       0x080002f5   Thumb Code   178  _printf_intcommon.o(.text)
    _printf_char_common                      0x080003b3   Thumb Code    32  _printf_char_common.o(.text)
    _sputc                                   0x080003d9   Thumb Code    10  _sputc.o(.text)
    __aeabi_errno_addr                       0x080003e5   Thumb Code     8  rt_errno_addr_intlibspace.o(.text)
    __errno$intlibspace                      0x080003e5   Thumb Code     0  rt_errno_addr_intlibspace.o(.text)
    __rt_errno_addr$intlibspace              0x080003e5   Thumb Code     0  rt_errno_addr_intlibspace.o(.text)
    __user_libspace                          0x080003ed   Thumb Code     8  libspace.o(.text)
    __user_perproc_libspace                  0x080003ed   Thumb Code     0  libspace.o(.text)
    __user_perthread_libspace                0x080003ed   Thumb Code     0  libspace.o(.text)
    __user_setup_stackheap                   0x080003f5   Thumb Code    74  sys_stackheap_outer.o(.text)
    exit                                     0x0800043f   Thumb Code    18  exit.o(.text)
    _sys_exit                                0x08000451   Thumb Code     8  sys_exit.o(.text)
    __I$use$semihosting                      0x0800045d   Thumb Code     0  use_no_semi.o(.text)
    __use_no_semihosting_swi                 0x0800045d   Thumb Code     2  use_no_semi.o(.text)
    __semihosting_library_function           0x0800045f   Thumb Code     0  indicate_semi.o(.text)
    GPIO_Init                                0x08000531   Thumb Code   278  stm32f10x_gpio.o(i.GPIO_Init)
    GPIO_PinRemapConfig                      0x08000649   Thumb Code   138  stm32f10x_gpio.o(i.GPIO_PinRemapConfig)
    GPIO_ReadInputDataBit                    0x080006d9   Thumb Code    18  stm32f10x_gpio.o(i.GPIO_ReadInputDataBit)
    GPIO_ResetBits                           0x080006eb   Thumb Code     4  stm32f10x_gpio.o(i.GPIO_ResetBits)
    GPIO_SetBits                             0x080006ef   Thumb Code     4  stm32f10x_gpio.o(i.GPIO_SetBits)
    Gw_Conver_FloatToStr                     0x080006f5   Thumb Code   196  gw_conver.o(i.Gw_Conver_FloatToStr)
    Gw_Conver_IntToStr                       0x080007c5   Thumb Code   116  gw_conver.o(i.Gw_Conver_IntToStr)
    Gw_Conver_StrToFloat                     0x0800083d   Thumb Code   172  gw_conver.o(i.Gw_Conver_StrToFloat)
    Gw_Conver_StrToInt                       0x080008f1   Thumb Code    68  gw_conver.o(i.Gw_Conver_StrToInt)
    Gw_DELAY_Init                            0x08000935   Thumb Code    56  gw_delay.o(i.Gw_DELAY_Init)
    Gw_DELAY_ms                              0x08000975   Thumb Code    56  gw_delay.o(i.Gw_DELAY_ms)
    Gw_GPIO_Init                             0x080009b1   Thumb Code    12  gw_gpio.o(i.Gw_GPIO_Init)
    Gw_GPIO_Set_ON                           0x080009bd   Thumb Code    96  gw_gpio.o(i.Gw_GPIO_Set_ON)
    Gw_Sys_Init                              0x08000a25   Thumb Code   128  gw_sys.o(i.Gw_Sys_Init)
    Gw_Sys_Run                               0x08000ab5   Thumb Code    16  gw_sys.o(i.Gw_Sys_Run)
    Gw_Test_Gpio_ReadStt                     0x08000ac5   Thumb Code    88  gw_test.o(i.Gw_Test_Gpio_ReadStt)
    Gw_Test_Run                              0x08000b61   Thumb Code    16  gw_test.o(i.Gw_Test_Run)
    Gw_Uart1_SendChar                        0x08000b71   Thumb Code    24  gw_uart.o(i.Gw_Uart1_SendChar)
    Gw_Uart1_SendString                      0x08000b8d   Thumb Code    22  gw_uart.o(i.Gw_Uart1_SendString)
    Gw_Uart_Init1                            0x08000ba5   Thumb Code   102  gw_uart.o(i.Gw_Uart_Init1)
    Gw_Uart_Init2                            0x08000c1d   Thumb Code   118  gw_uart.o(i.Gw_Uart_Init2)
    RCC_APB2PeriphClockCmd                   0x08000cad   Thumb Code    26  stm32f10x_rcc.o(i.RCC_APB2PeriphClockCmd)
    SystemInit                               0x08000e11   Thumb Code    78  system_stm32f10x.o(i.SystemInit)
    USART1_IRQHandler                        0x08000e71   Thumb Code    66  gw_uart.o(i.USART1_IRQHandler)
    USART2_IRQHandler                        0x08000ec5   Thumb Code    78  gw_uart.o(i.USART2_IRQHandler)
    USART3_IRQHandler                        0x08000f25   Thumb Code    66  gw_uart.o(i.USART3_IRQHandler)
    USART_ClearITPendingBit                  0x08000f79   Thumb Code    30  stm32f10x_usart.o(i.USART_ClearITPendingBit)
    USART_ReceiveData                        0x08000f97   Thumb Code    10  stm32f10x_usart.o(i.USART_ReceiveData)
    __ARM_fpclassify                         0x08000fd1   Thumb Code    40  fpclassify.o(i.__ARM_fpclassify)
    __kernel_poly                            0x0800101b   Thumb Code   170  poly.o(i.__kernel_poly)
    __mathlib_dbl_divzero                    0x080010c5   Thumb Code    12  dunder.o(i.__mathlib_dbl_divzero)
    __mathlib_dbl_infnan2                    0x080010d5   Thumb Code     4  dunder.o(i.__mathlib_dbl_infnan2)
    __mathlib_dbl_invalid                    0x080010d9   Thumb Code    12  dunder.o(i.__mathlib_dbl_invalid)
    __mathlib_dbl_overflow                   0x080010e5   Thumb Code    14  dunder.o(i.__mathlib_dbl_overflow)
    __mathlib_dbl_underflow                  0x080010f5   Thumb Code    10  dunder.o(i.__mathlib_dbl_underflow)
    comm_create_command                      0x08001141   Thumb Code   534  gw_device_command.o(i.comm_create_command)
    comm_detect_command                      0x08001365   Thumb Code   252  gw_device_command.o(i.comm_detect_command)
    main                                     0x08001469   Thumb Code    12  main.o(i.main)
    pow                                      0x08001475   Thumb Code  2512  pow.o(i.pow)
    ringbuffer_init                          0x08001e4d   Thumb Code    24  gw_ringbuffer.o(i.ringbuffer_init)
    sqrt                                     0x08001e65   Thumb Code    76  sqrt.o(i.sqrt)
    __aeabi_d2f                              0x08001fe9   Thumb Code     0  d2f.o(x$fpl$d2f)
    _d2f                                     0x08001fe9   Thumb Code    98  d2f.o(x$fpl$d2f)
    __aeabi_dadd                             0x0800204d   Thumb Code     0  daddsub_clz.o(x$fpl$dadd)
    _dadd                                    0x0800204d   Thumb Code   332  daddsub_clz.o(x$fpl$dadd)
    __fpl_dcheck_NaN1                        0x0800219d   Thumb Code    10  dcheck1.o(x$fpl$dcheck1)
    __fpl_dcmp_Inf                           0x080021ad   Thumb Code    24  dcmpi.o(x$fpl$dcmpinf)
    __aeabi_ddiv                             0x080021c5   Thumb Code     0  ddiv.o(x$fpl$ddiv)
    _ddiv                                    0x080021c5   Thumb Code   552  ddiv.o(x$fpl$ddiv)
    __aeabi_i2d                              0x08002475   Thumb Code     0  dflt_clz.o(x$fpl$dflt)
    _dflt                                    0x08002475   Thumb Code    46  dflt_clz.o(x$fpl$dflt)
    __aeabi_ui2d                             0x080024a3   Thumb Code     0  dflt_clz.o(x$fpl$dfltu)
    _dfltu                                   0x080024a3   Thumb Code    38  dflt_clz.o(x$fpl$dfltu)
    __aeabi_cdcmple                          0x080024c9   Thumb Code     0  dleqf.o(x$fpl$dleqf)
    _dcmple                                  0x080024c9   Thumb Code   120  dleqf.o(x$fpl$dleqf)
    __fpl_dcmple_InfNaN                      0x0800252b   Thumb Code     0  dleqf.o(x$fpl$dleqf)
    __aeabi_dmul                             0x08002541   Thumb Code     0  dmul.o(x$fpl$dmul)
    _dmul                                    0x08002541   Thumb Code   332  dmul.o(x$fpl$dmul)
    __fpl_dnaninf                            0x08002695   Thumb Code   156  dnaninf.o(x$fpl$dnaninf)
    __fpl_dretinf                            0x08002731   Thumb Code    12  dretinf.o(x$fpl$dretinf)
    __aeabi_cdrcmple                         0x0800273d   Thumb Code     0  drleqf.o(x$fpl$drleqf)
    _drcmple                                 0x0800273d   Thumb Code   108  drleqf.o(x$fpl$drleqf)
    __aeabi_drsub                            0x080027a9   Thumb Code     0  daddsub_clz.o(x$fpl$drsb)
    _drsb                                    0x080027a9   Thumb Code    22  daddsub_clz.o(x$fpl$drsb)
    _dsqrt                                   0x080027c1   Thumb Code   456  dsqrt_noumaal.o(x$fpl$dsqrt)
    __aeabi_dsub                             0x0800298d   Thumb Code     0  daddsub_clz.o(x$fpl$dsub)
    _dsub                                    0x0800298d   Thumb Code   464  daddsub_clz.o(x$fpl$dsub)
    __aeabi_f2d                              0x08002b61   Thumb Code     0  f2d.o(x$fpl$f2d)
    _f2d                                     0x08002b61   Thumb Code    86  f2d.o(x$fpl$f2d)
    __aeabi_fadd                             0x08002bb9   Thumb Code     0  faddsub_clz.o(x$fpl$fadd)
    _fadd                                    0x08002bb9   Thumb Code   196  faddsub_clz.o(x$fpl$fadd)
    __fpl_fcmp_Inf                           0x08002c7d   Thumb Code    24  fcmpi.o(x$fpl$fcmpinf)
    __aeabi_fdiv                             0x08002c95   Thumb Code     0  fdiv.o(x$fpl$fdiv)
    _fdiv                                    0x08002c95   Thumb Code   384  fdiv.o(x$fpl$fdiv)
    __aeabi_f2iz                             0x08002e19   Thumb Code     0  ffix.o(x$fpl$ffix)
    _ffix                                    0x08002e19   Thumb Code    54  ffix.o(x$fpl$ffix)
    __aeabi_i2f                              0x08002e51   Thumb Code     0  fflt_clz.o(x$fpl$fflt)
    _fflt                                    0x08002e51   Thumb Code    48  fflt_clz.o(x$fpl$fflt)
    __aeabi_cfcmple                          0x08002e81   Thumb Code     0  fleqf.o(x$fpl$fleqf)
    _fcmple                                  0x08002e81   Thumb Code   104  fleqf.o(x$fpl$fleqf)
    __fpl_fcmple_InfNaN                      0x08002ed3   Thumb Code     0  fleqf.o(x$fpl$fleqf)
    __aeabi_fmul                             0x08002ee9   Thumb Code     0  fmul.o(x$fpl$fmul)
    _fmul                                    0x08002ee9   Thumb Code   258  fmul.o(x$fpl$fmul)
    __fpl_fnaninf                            0x08002feb   Thumb Code   140  fnaninf.o(x$fpl$fnaninf)
    __fpl_fretinf                            0x08003077   Thumb Code    10  fretinf.o(x$fpl$fretinf)
    __aeabi_frsub                            0x08003081   Thumb Code     0  faddsub_clz.o(x$fpl$frsb)
    _frsb                                    0x08003081   Thumb Code    20  faddsub_clz.o(x$fpl$frsb)
    __aeabi_fsub                             0x08003095   Thumb Code     0  faddsub_clz.o(x$fpl$fsub)
    _fsub                                    0x08003095   Thumb Code   234  faddsub_clz.o(x$fpl$fsub)
    __fpl_return_NaN                         0x0800317f   Thumb Code   100  retnan.o(x$fpl$retnan)
    __ARM_scalbn                             0x080031e3   Thumb Code    92  scalbn.o(x$fpl$scalbn)
    __fpl_cmpreturn                          0x0800323f   Thumb Code    48  trapv.o(x$fpl$trapveneer)
    __I$use$fp                               0x0800326e   Number         0  usenofp.o(x$fpl$usenofp)
    __mathlib_zero                           0x080032f8   Data           8  qnan.o(.constdata)
    Region$$Table$$Base                      0x08003300   Number         0  anon$$obj.o(Region$$Table)
    Region$$Table$$Limit                     0x08003320   Number         0  anon$$obj.o(Region$$Table)
    __stdout                                 0x20000004   Data           4  gw_uart.o(.data)
    Flag1_Receive                            0x20000008   Data           1  gw_uart.o(.data)
    Count1_Data                              0x20000009   Data           1  gw_uart.o(.data)
    Flag2_Receive                            0x2000000a   Data           1  gw_uart.o(.data)
    Count2_Data                              0x2000000b   Data           1  gw_uart.o(.data)
    Flag3_Receive                            0x2000000c   Data           1  gw_uart.o(.data)
    Count3_Data                              0x2000000d   Data           1  gw_uart.o(.data)
    GPIO_PORTB_Arr                           0x20000010   Data          12  gw_test.o(.data)
    SystemCoreClock                          0x2000001c   Data           4  system_stm32f10x.o(.data)
    AHBPrescTable                            0x20000020   Data          16  system_stm32f10x.o(.data)
    Array1_Receive                           0x20000050   Data          50  gw_uart.o(.bss)
    Array2_Receive                           0x20000082   Data          50  gw_uart.o(.bss)
    Array3_Receive                           0x200000b4   Data          50  gw_uart.o(.bss)
    ringbuffer_Test                          0x200000e8   Data          16  gw_uart.o(.bss)
    __libspace_start                         0x200000f8   Data          96  libspace.o(.bss)
    __temporary_stack_top$libspace           0x20000158   Data           0  libspace.o(.bss)



==============================================================================

Memory Map of the image

  Image Entry point : 0x080000ed

  Load Region LR_IROM1 (Base: 0x08000000, Size: 0x00003350, Max: 0x00010000, ABSOLUTE)

    Execution Region ER_IROM1 (Base: 0x08000000, Size: 0x00003320, Max: 0x00010000, ABSOLUTE)

    Base Addr    Size         Type   Attr      Idx    E Section Name        Object

    0x08000000   0x000000ec   Data   RO         1750    RESET               startup_stm32f10x_md.o
    0x080000ec   0x00000008   Code   RO         1835  * !!!main             c_w.l(__main.o)
    0x080000f4   0x00000034   Code   RO         2118    !!!scatter          c_w.l(__scatter.o)
    0x08000128   0x0000001a   Code   RO         2120    !!handler_copy      c_w.l(__scatter_copy.o)
    0x08000142   0x00000002   PAD
    0x08000144   0x0000001c   Code   RO         2122    !!handler_zi        c_w.l(__scatter_zi.o)
    0x08000160   0x00000000   Code   RO         1832    .ARM.Collect$$_printf_percent$$00000000  c_w.l(_printf_percent.o)
    0x08000160   0x00000006   Code   RO         1831    .ARM.Collect$$_printf_percent$$00000009  c_w.l(_printf_d.o)
    0x08000166   0x00000004   Code   RO         1898    .ARM.Collect$$_printf_percent$$00000017  c_w.l(_printf_percent_end.o)
    0x0800016a   0x00000002   Code   RO         1985    .ARM.Collect$$libinit$$00000000  c_w.l(libinit.o)
    0x0800016c   0x00000000   Code   RO         1993    .ARM.Collect$$libinit$$00000002  c_w.l(libinit2.o)
    0x0800016c   0x00000000   Code   RO         1995    .ARM.Collect$$libinit$$00000004  c_w.l(libinit2.o)
    0x0800016c   0x00000000   Code   RO         1998    .ARM.Collect$$libinit$$0000000A  c_w.l(libinit2.o)
    0x0800016c   0x00000000   Code   RO         2000    .ARM.Collect$$libinit$$0000000C  c_w.l(libinit2.o)
    0x0800016c   0x00000000   Code   RO         2002    .ARM.Collect$$libinit$$0000000E  c_w.l(libinit2.o)
    0x0800016c   0x00000000   Code   RO         2005    .ARM.Collect$$libinit$$00000011  c_w.l(libinit2.o)
    0x0800016c   0x00000000   Code   RO         2007    .ARM.Collect$$libinit$$00000013  c_w.l(libinit2.o)
    0x0800016c   0x00000000   Code   RO         2009    .ARM.Collect$$libinit$$00000015  c_w.l(libinit2.o)
    0x0800016c   0x00000000   Code   RO         2011    .ARM.Collect$$libinit$$00000017  c_w.l(libinit2.o)
    0x0800016c   0x00000000   Code   RO         2013    .ARM.Collect$$libinit$$00000019  c_w.l(libinit2.o)
    0x0800016c   0x00000000   Code   RO         2015    .ARM.Collect$$libinit$$0000001B  c_w.l(libinit2.o)
    0x0800016c   0x00000000   Code   RO         2017    .ARM.Collect$$libinit$$0000001D  c_w.l(libinit2.o)
    0x0800016c   0x00000000   Code   RO         2019    .ARM.Collect$$libinit$$0000001F  c_w.l(libinit2.o)
    0x0800016c   0x00000000   Code   RO         2021    .ARM.Collect$$libinit$$00000021  c_w.l(libinit2.o)
    0x0800016c   0x00000000   Code   RO         2023    .ARM.Collect$$libinit$$00000023  c_w.l(libinit2.o)
    0x0800016c   0x00000000   Code   RO         2025    .ARM.Collect$$libinit$$00000025  c_w.l(libinit2.o)
    0x0800016c   0x00000000   Code   RO         2029    .ARM.Collect$$libinit$$0000002C  c_w.l(libinit2.o)
    0x0800016c   0x00000000   Code   RO         2031    .ARM.Collect$$libinit$$0000002E  c_w.l(libinit2.o)
    0x0800016c   0x00000000   Code   RO         2033    .ARM.Collect$$libinit$$00000030  c_w.l(libinit2.o)
    0x0800016c   0x00000000   Code   RO         2035    .ARM.Collect$$libinit$$00000032  c_w.l(libinit2.o)
    0x0800016c   0x00000002   Code   RO         2036    .ARM.Collect$$libinit$$00000033  c_w.l(libinit2.o)
    0x0800016e   0x00000002   Code   RO         2058    .ARM.Collect$$libshutdown$$00000000  c_w.l(libshutdown.o)
    0x08000170   0x00000000   Code   RO         2071    .ARM.Collect$$libshutdown$$00000002  c_w.l(libshutdown2.o)
    0x08000170   0x00000000   Code   RO         2073    .ARM.Collect$$libshutdown$$00000004  c_w.l(libshutdown2.o)
    0x08000170   0x00000000   Code   RO         2076    .ARM.Collect$$libshutdown$$00000007  c_w.l(libshutdown2.o)
    0x08000170   0x00000000   Code   RO         2079    .ARM.Collect$$libshutdown$$0000000A  c_w.l(libshutdown2.o)
    0x08000170   0x00000000   Code   RO         2081    .ARM.Collect$$libshutdown$$0000000C  c_w.l(libshutdown2.o)
    0x08000170   0x00000000   Code   RO         2084    .ARM.Collect$$libshutdown$$0000000F  c_w.l(libshutdown2.o)
    0x08000170   0x00000002   Code   RO         2085    .ARM.Collect$$libshutdown$$00000010  c_w.l(libshutdown2.o)
    0x08000172   0x00000000   Code   RO         1889    .ARM.Collect$$rtentry$$00000000  c_w.l(__rtentry.o)
    0x08000172   0x00000000   Code   RO         1946    .ARM.Collect$$rtentry$$00000002  c_w.l(__rtentry2.o)
    0x08000172   0x00000006   Code   RO         1958    .ARM.Collect$$rtentry$$00000004  c_w.l(__rtentry4.o)
    0x08000178   0x00000000   Code   RO         1948    .ARM.Collect$$rtentry$$00000009  c_w.l(__rtentry2.o)
    0x08000178   0x00000004   Code   RO         1949    .ARM.Collect$$rtentry$$0000000A  c_w.l(__rtentry2.o)
    0x0800017c   0x00000000   Code   RO         1951    .ARM.Collect$$rtentry$$0000000C  c_w.l(__rtentry2.o)
    0x0800017c   0x00000008   Code   RO         1952    .ARM.Collect$$rtentry$$0000000D  c_w.l(__rtentry2.o)
    0x08000184   0x00000002   Code   RO         1990    .ARM.Collect$$rtexit$$00000000  c_w.l(rtexit.o)
    0x08000186   0x00000000   Code   RO         2040    .ARM.Collect$$rtexit$$00000002  c_w.l(rtexit2.o)
    0x08000186   0x00000004   Code   RO         2041    .ARM.Collect$$rtexit$$00000003  c_w.l(rtexit2.o)
    0x0800018a   0x00000006   Code   RO         2042    .ARM.Collect$$rtexit$$00000004  c_w.l(rtexit2.o)
    0x08000190   0x00000040   Code   RO         1751    .text               startup_stm32f10x_md.o
    0x080001d0   0x00000028   Code   RO         1805    .text               c_w.l(noretval__2sprintf.o)
    0x080001f8   0x00000068   Code   RO         1807    .text               c_w.l(__printf.o)
    0x08000260   0x00000078   Code   RO         1809    .text               c_w.l(_printf_dec.o)
    0x080002d8   0x00000006   Code   RO         1833    .text               c_w.l(heapauxi.o)
    0x080002de   0x00000016   Code   RO         1890    .text               c_w.l(_rserrno.o)
    0x080002f4   0x000000b2   Code   RO         1892    .text               c_w.l(_printf_intcommon.o)
    0x080003a6   0x00000002   PAD
    0x080003a8   0x00000030   Code   RO         1894    .text               c_w.l(_printf_char_common.o)
    0x080003d8   0x0000000a   Code   RO         1896    .text               c_w.l(_sputc.o)
    0x080003e2   0x00000002   PAD
    0x080003e4   0x00000008   Code   RO         1963    .text               c_w.l(rt_errno_addr_intlibspace.o)
    0x080003ec   0x00000008   Code   RO         1973    .text               c_w.l(libspace.o)
    0x080003f4   0x0000004a   Code   RO         1976    .text               c_w.l(sys_stackheap_outer.o)
    0x0800043e   0x00000012   Code   RO         1978    .text               c_w.l(exit.o)
    0x08000450   0x0000000c   Code   RO         2050    .text               c_w.l(sys_exit.o)
    0x0800045c   0x00000002   Code   RO         2061    .text               c_w.l(use_no_semi.o)
    0x0800045e   0x00000000   Code   RO         2063    .text               c_w.l(indicate_semi.o)
    0x0800045e   0x00000074   Code   RO          110    i.Conver_intToStr   gw_conver.o
    0x080004d2   0x0000001c   Code   RO          111    i.Conver_reverse    gw_conver.o
    0x080004ee   0x00000002   PAD
    0x080004f0   0x00000040   Code   RO          238    i.GET_GPIO_PORT_Init  gw_gpio.o
    0x08000530   0x00000116   Code   RO          667    i.GPIO_Init         stm32f10x_gpio.o
    0x08000646   0x00000002   PAD
    0x08000648   0x00000090   Code   RO          669    i.GPIO_PinRemapConfig  stm32f10x_gpio.o
    0x080006d8   0x00000012   Code   RO          671    i.GPIO_ReadInputDataBit  stm32f10x_gpio.o
    0x080006ea   0x00000004   Code   RO          674    i.GPIO_ResetBits    stm32f10x_gpio.o
    0x080006ee   0x00000004   Code   RO          675    i.GPIO_SetBits      stm32f10x_gpio.o
    0x080006f2   0x00000002   PAD
    0x080006f4   0x000000d0   Code   RO          112    i.Gw_Conver_FloatToStr  gw_conver.o
    0x080007c4   0x00000078   Code   RO          113    i.Gw_Conver_IntToStr  gw_conver.o
    0x0800083c   0x000000b4   Code   RO          114    i.Gw_Conver_StrToFloat  gw_conver.o
    0x080008f0   0x00000044   Code   RO          115    i.Gw_Conver_StrToInt  gw_conver.o
    0x08000934   0x00000040   Code   RO          167    i.Gw_DELAY_Init     gw_delay.o
    0x08000974   0x0000003c   Code   RO          168    i.Gw_DELAY_ms       gw_delay.o
    0x080009b0   0x0000000c   Code   RO          239    i.Gw_GPIO_Init      gw_gpio.o
    0x080009bc   0x00000068   Code   RO          241    i.Gw_GPIO_Set_ON    gw_gpio.o
    0x08000a24   0x00000090   Code   RO          205    i.Gw_Sys_Init       gw_sys.o
    0x08000ab4   0x00000010   Code   RO          206    i.Gw_Sys_Run        gw_sys.o
    0x08000ac4   0x0000009c   Code   RO          553    i.Gw_Test_Gpio_ReadStt  gw_test.o
    0x08000b60   0x00000010   Code   RO          556    i.Gw_Test_Run       gw_test.o
    0x08000b70   0x0000001c   Code   RO          285    i.Gw_Uart1_SendChar  gw_uart.o
    0x08000b8c   0x00000016   Code   RO          286    i.Gw_Uart1_SendString  gw_uart.o
    0x08000ba2   0x00000002   PAD
    0x08000ba4   0x00000078   Code   RO          292    i.Gw_Uart_Init1     gw_uart.o
    0x08000c1c   0x00000090   Code   RO          293    i.Gw_Uart_Init2     gw_uart.o
    0x08000cac   0x00000020   Code   RO          791    i.RCC_APB2PeriphClockCmd  stm32f10x_rcc.o
    0x08000ccc   0x0000005c   Code   RO          242    i.SET_GPIO_PORT_Init  gw_gpio.o
    0x08000d28   0x00000008   Code   RO         1758    i.SetSysClock       system_stm32f10x.o
    0x08000d30   0x000000e0   Code   RO         1759    i.SetSysClockTo72   system_stm32f10x.o
    0x08000e10   0x00000060   Code   RO         1761    i.SystemInit        system_stm32f10x.o
    0x08000e70   0x00000054   Code   RO          296    i.USART1_IRQHandler  gw_uart.o
    0x08000ec4   0x00000060   Code   RO          297    i.USART2_IRQHandler  gw_uart.o
    0x08000f24   0x00000054   Code   RO          298    i.USART3_IRQHandler  gw_uart.o
    0x08000f78   0x0000001e   Code   RO         1560    i.USART_ClearITPendingBit  stm32f10x_usart.o
    0x08000f96   0x0000000a   Code   RO         1577    i.USART_ReceiveData  stm32f10x_usart.o
    0x08000fa0   0x00000030   Code   RO          299    i.Uart_Gpio_Control_RS485  gw_uart.o
    0x08000fd0   0x00000028   Code   RO         1932    i.__ARM_fpclassify  m_ws.l(fpclassify.o)
    0x08000ff8   0x00000022   Code   RO          300    i.__NVIC_EnableIRQ  gw_uart.o
    0x0800101a   0x000000aa   Code   RO         1934    i.__kernel_poly     m_ws.l(poly.o)
    0x080010c4   0x00000010   Code   RO         1918    i.__mathlib_dbl_divzero  m_ws.l(dunder.o)
    0x080010d4   0x00000004   Code   RO         1920    i.__mathlib_dbl_infnan2  m_ws.l(dunder.o)
    0x080010d8   0x0000000c   Code   RO         1921    i.__mathlib_dbl_invalid  m_ws.l(dunder.o)
    0x080010e4   0x0000000e   Code   RO         1922    i.__mathlib_dbl_overflow  m_ws.l(dunder.o)
    0x080010f2   0x00000002   PAD
    0x080010f4   0x00000010   Code   RO         1924    i.__mathlib_dbl_underflow  m_ws.l(dunder.o)
    0x08001104   0x0000003c   Code   RO          423    i.checksum          gw_device_command.o
    0x08001140   0x00000224   Code   RO          424    i.comm_create_command  gw_device_command.o
    0x08001364   0x00000104   Code   RO          425    i.comm_detect_command  gw_device_command.o
    0x08001468   0x0000000c   Code   RO            4    i.main              main.o
    0x08001474   0x000009d8   Code   RO         1880    i.pow               m_ws.l(pow.o)
    0x08001e4c   0x00000018   Code   RO          493    i.ringbuffer_init   gw_ringbuffer.o
    0x08001e64   0x0000004c   Code   RO         1938    i.sqrt              m_ws.l(sqrt.o)
    0x08001eb0   0x0000001e   Code   RO          426    i.string_cat        gw_device_command.o
    0x08001ece   0x00000022   Code   RO          427    i.string_cmp_len    gw_device_command.o
    0x08001ef0   0x0000002a   Code   RO          428    i.string_copy       gw_device_command.o
    0x08001f1a   0x00000002   PAD
    0x08001f1c   0x0000003c   Code   RO          429    i.string_crc        gw_device_command.o
    0x08001f58   0x00000012   Code   RO          430    i.string_length     gw_device_command.o
    0x08001f6a   0x0000007e   Code   RO          431    i.string_split      gw_device_command.o
    0x08001fe8   0x00000062   Code   RO         1837    x$fpl$d2f           fz_ws.l(d2f.o)
    0x0800204a   0x00000002   PAD
    0x0800204c   0x00000150   Code   RO         1839    x$fpl$dadd          fz_ws.l(daddsub_clz.o)
    0x0800219c   0x00000010   Code   RO         1967    x$fpl$dcheck1       fz_ws.l(dcheck1.o)
    0x080021ac   0x00000018   Code   RO         1986    x$fpl$dcmpinf       fz_ws.l(dcmpi.o)
    0x080021c4   0x000002b0   Code   RO         1900    x$fpl$ddiv          fz_ws.l(ddiv.o)
    0x08002474   0x0000002e   Code   RO         1846    x$fpl$dflt          fz_ws.l(dflt_clz.o)
    0x080024a2   0x00000026   Code   RO         1845    x$fpl$dfltu         fz_ws.l(dflt_clz.o)
    0x080024c8   0x00000078   Code   RO         1969    x$fpl$dleqf         fz_ws.l(dleqf.o)
    0x08002540   0x00000154   Code   RO         1851    x$fpl$dmul          fz_ws.l(dmul.o)
    0x08002694   0x0000009c   Code   RO         1903    x$fpl$dnaninf       fz_ws.l(dnaninf.o)
    0x08002730   0x0000000c   Code   RO         1905    x$fpl$dretinf       fz_ws.l(dretinf.o)
    0x0800273c   0x0000006c   Code   RO         1907    x$fpl$drleqf        fz_ws.l(drleqf.o)
    0x080027a8   0x00000016   Code   RO         1840    x$fpl$drsb          fz_ws.l(daddsub_clz.o)
    0x080027be   0x00000002   PAD
    0x080027c0   0x000001cc   Code   RO         1971    x$fpl$dsqrt         fz_ws.l(dsqrt_noumaal.o)
    0x0800298c   0x000001d4   Code   RO         1841    x$fpl$dsub          fz_ws.l(daddsub_clz.o)
    0x08002b60   0x00000056   Code   RO         1853    x$fpl$f2d           fz_ws.l(f2d.o)
    0x08002bb6   0x00000002   PAD
    0x08002bb8   0x000000c4   Code   RO         1855    x$fpl$fadd          fz_ws.l(faddsub_clz.o)
    0x08002c7c   0x00000018   Code   RO         1909    x$fpl$fcmpinf       fz_ws.l(fcmpi.o)
    0x08002c94   0x00000184   Code   RO         1862    x$fpl$fdiv          fz_ws.l(fdiv.o)
    0x08002e18   0x00000036   Code   RO         1865    x$fpl$ffix          fz_ws.l(ffix.o)
    0x08002e4e   0x00000002   PAD
    0x08002e50   0x00000030   Code   RO         1870    x$fpl$fflt          fz_ws.l(fflt_clz.o)
    0x08002e80   0x00000068   Code   RO         1875    x$fpl$fleqf         fz_ws.l(fleqf.o)
    0x08002ee8   0x00000102   Code   RO         1877    x$fpl$fmul          fz_ws.l(fmul.o)
    0x08002fea   0x0000008c   Code   RO         1911    x$fpl$fnaninf       fz_ws.l(fnaninf.o)
    0x08003076   0x0000000a   Code   RO         1913    x$fpl$fretinf       fz_ws.l(fretinf.o)
    0x08003080   0x00000014   Code   RO         1856    x$fpl$frsb          fz_ws.l(faddsub_clz.o)
    0x08003094   0x000000ea   Code   RO         1857    x$fpl$fsub          fz_ws.l(faddsub_clz.o)
    0x0800317e   0x00000064   Code   RO         1988    x$fpl$retnan        fz_ws.l(retnan.o)
    0x080031e2   0x0000005c   Code   RO         1915    x$fpl$scalbn        fz_ws.l(scalbn.o)
    0x0800323e   0x00000030   Code   RO         2037    x$fpl$trapveneer    fz_ws.l(trapv.o)
    0x0800326e   0x00000000   Code   RO         1917    x$fpl$usenofp       fz_ws.l(usenofp.o)
    0x0800326e   0x00000002   PAD
    0x08003270   0x00000088   Data   RO         1881    .constdata          m_ws.l(pow.o)
    0x080032f8   0x00000008   Data   RO         1936    .constdata          m_ws.l(qnan.o)
    0x08003300   0x00000020   Data   RO         2116    Region$$Table       anon$$obj.o


    Execution Region RW_IRAM1 (Base: 0x20000000, Size: 0x00000758, Max: 0x00005000, ABSOLUTE)

    Base Addr    Size         Type   Attr      Idx    E Section Name        Object

    0x20000000   0x00000004   Data   RW          170    .data               gw_delay.o
    0x20000004   0x0000000a   Data   RW          303    .data               gw_uart.o
    0x2000000e   0x00000001   Data   RW          432    .data               gw_device_command.o
    0x2000000f   0x00000001   PAD
    0x20000010   0x0000000c   Data   RW          558    .data               gw_test.o
    0x2000001c   0x00000014   Data   RW         1762    .data               system_stm32f10x.o
    0x20000030   0x0000001e   Zero   RW          116    .bss                gw_conver.o
    0x2000004e   0x00000002   PAD
    0x20000050   0x000000a8   Zero   RW          302    .bss                gw_uart.o
    0x200000f8   0x00000060   Zero   RW         1974    .bss                c_w.l(libspace.o)
    0x20000158   0x00000200   Zero   RW         1749    HEAP                startup_stm32f10x_md.o
    0x20000358   0x00000400   Zero   RW         1748    STACK               startup_stm32f10x_md.o


==============================================================================

Image component sizes


      Code (inc. data)   RO Data    RW Data    ZI Data      Debug   Object Name

       720         24          0          0         30       4944   gw_conver.o
       124         12          0          4          0       1314   gw_delay.o
      1178         32          0          1          0       6780   gw_device_command.o
       272         36          0          0          0       2036   gw_gpio.o
        24          0          0          0          0       1054   gw_ringbuffer.o
       160         16          0          0          0       1139   gw_sys.o
       172         68          0         12          0       1790   gw_test.o
       660        106          0         10        168       7119   gw_uart.o
        12          0          0          0          0     223383   main.o
        64         26        236          0       1536        864   startup_stm32f10x_md.o
       448          6          0          0          0       4770   stm32f10x_gpio.o
        32          6          0          0          0        609   stm32f10x_rcc.o
        40          0          0          0          0       2774   stm32f10x_usart.o
       328         28          0         20          0       2501   system_stm32f10x.o

    ----------------------------------------------------------------------
      4244        360        268         48       1736     261077   Object Totals
         0          0         32          0          0          0   (incl. Generated)
        10          0          0          1          2          0   (incl. Padding)

    ----------------------------------------------------------------------

      Code (inc. data)   RO Data    RW Data    ZI Data      Debug   Library Member Name

         8          0          0          0          0         68   __main.o
       104          0          0          0          0         84   __printf.o
         0          0          0          0          0          0   __rtentry.o
        12          0          0          0          0          0   __rtentry2.o
         6          0          0          0          0          0   __rtentry4.o
        52          8          0          0          0          0   __scatter.o
        26          0          0          0          0          0   __scatter_copy.o
        28          0          0          0          0          0   __scatter_zi.o
        48          6          0          0          0         96   _printf_char_common.o
         6          0          0          0          0          0   _printf_d.o
       120         16          0          0          0         92   _printf_dec.o
       178          0          0          0          0         88   _printf_intcommon.o
         0          0          0          0          0          0   _printf_percent.o
         4          0          0          0          0          0   _printf_percent_end.o
        22          0          0          0          0        100   _rserrno.o
        10          0          0          0          0         68   _sputc.o
        18          0          0          0          0         80   exit.o
         6          0          0          0          0        152   heapauxi.o
         0          0          0          0          0          0   indicate_semi.o
         2          0          0          0          0          0   libinit.o
         2          0          0          0          0          0   libinit2.o
         2          0          0          0          0          0   libshutdown.o
         2          0          0          0          0          0   libshutdown2.o
         8          4          0          0         96         68   libspace.o
        40          6          0          0          0         84   noretval__2sprintf.o
         8          4          0          0          0         68   rt_errno_addr_intlibspace.o
         2          0          0          0          0          0   rtexit.o
        10          0          0          0          0          0   rtexit2.o
        12          4          0          0          0         68   sys_exit.o
        74          0          0          0          0         80   sys_stackheap_outer.o
         2          0          0          0          0         68   use_no_semi.o
        98          4          0          0          0         92   d2f.o
       826         16          0          0          0        348   daddsub_clz.o
        16          4          0          0          0         68   dcheck1.o
        24          0          0          0          0         68   dcmpi.o
       688        140          0          0          0        208   ddiv.o
        84          0          0          0          0        136   dflt_clz.o
       120          4          0          0          0         92   dleqf.o
       340         12          0          0          0        104   dmul.o
       156          4          0          0          0         92   dnaninf.o
        12          0          0          0          0         68   dretinf.o
       108          0          0          0          0         80   drleqf.o
       460         56          0          0          0        120   dsqrt_noumaal.o
        86          4          0          0          0         84   f2d.o
       450          8          0          0          0        236   faddsub_clz.o
        24          0          0          0          0         68   fcmpi.o
       388         76          0          0          0         96   fdiv.o
        54          4          0          0          0         84   ffix.o
        48          0          0          0          0         68   fflt_clz.o
       104          4          0          0          0         84   fleqf.o
       258          4          0          0          0         84   fmul.o
       140          4          0          0          0         84   fnaninf.o
        10          0          0          0          0         68   fretinf.o
       100          0          0          0          0         68   retnan.o
        92          0          0          0          0         68   scalbn.o
        48          0          0          0          0         68   trapv.o
         0          0          0          0          0          0   usenofp.o
        62         10          0          0          0        340   dunder.o
        40          0          0          0          0         68   fpclassify.o
       170          0          0          0          0         96   poly.o
      2520        190        136          0          0        324   pow.o
         0          0          8          0          0          0   qnan.o
        76          0          0          0          0         84   sqrt.o

    ----------------------------------------------------------------------
      8432        592        144          0         96       4812   Library Totals
        18          0          0          0          0          0   (incl. Padding)

    ----------------------------------------------------------------------

      Code (inc. data)   RO Data    RW Data    ZI Data      Debug   Library Name

       812         48          0          0         96       1264   c_w.l
      4734        344          0          0          0       2636   fz_ws.l
      2868        200        144          0          0        912   m_ws.l

    ----------------------------------------------------------------------
      8432        592        144          0         96       4812   Library Totals

    ----------------------------------------------------------------------

==============================================================================


      Code (inc. data)   RO Data    RW Data    ZI Data      Debug   

     12676        952        412         48       1832     260997   Grand Totals
     12676        952        412         48       1832     260997   ELF Image Totals
     12676        952        412         48          0          0   ROM Totals

==============================================================================

    Total RO  Size (Code + RO Data)                13088 (  12.78kB)
    Total RW  Size (RW Data + ZI Data)              1880 (   1.84kB)
    Total ROM Size (Code + RO Data + RW Data)      13136 (  12.83kB)

==============================================================================

