Component: ARM Compiler 5.06 update 7 (build 960) Tool: armlink [4d3601]

==============================================================================

Section Cross References

    main.o(i.main) refers to gw_sys.o(i.Gw_Sys_Init) for Gw_Sys_Init
    main.o(i.main) refers to gw_sys.o(i.Gw_Sys_Run) for Gw_Sys_Run
    gw_conver.o(i.Conver_intToStr) refers to gw_conver.o(i.Conver_reverse) for Conver_reverse
    gw_conver.o(i.Gw_Conver_FloatToStr) refers to ffix.o(x$fpl$ffix) for __aeabi_f2iz
    gw_conver.o(i.Gw_Conver_FloatToStr) refers to fflt_clz.o(x$fpl$fflt) for __aeabi_i2f
    gw_conver.o(i.Gw_Conver_FloatToStr) refers to faddsub_clz.o(x$fpl$frsb) for __aeabi_frsub
    gw_conver.o(i.Gw_Conver_FloatToStr) refers to fleqf.o(x$fpl$fleqf) for __aeabi_cfcmple
    gw_conver.o(i.Gw_Conver_FloatToStr) refers to f2d.o(x$fpl$f2d) for __aeabi_f2d
    gw_conver.o(i.Gw_Conver_FloatToStr) refers to dmul.o(x$fpl$dmul) for __aeabi_dmul
    gw_conver.o(i.Gw_Conver_FloatToStr) refers to d2f.o(x$fpl$d2f) for __aeabi_d2f
    gw_conver.o(i.Gw_Conver_FloatToStr) refers to gw_conver.o(i.Conver_intToStr) for Conver_intToStr
    gw_conver.o(i.Gw_Conver_FloatToStr) refers to dflt_clz.o(x$fpl$dfltu) for __aeabi_ui2d
    gw_conver.o(i.Gw_Conver_FloatToStr) refers to pow.o(i.pow) for pow
    gw_conver.o(i.Gw_Conver_FloatToStr) refers to gw_conver.o(.bss) for str
    gw_conver.o(i.Gw_Conver_IntToStr) refers to gw_conver.o(i.Conver_reverse) for Conver_reverse
    gw_conver.o(i.Gw_Conver_IntToStr) refers to gw_conver.o(.bss) for str
    gw_conver.o(i.Gw_Conver_StrToFloat) refers to fdiv.o(x$fpl$fdiv) for __aeabi_fdiv
    gw_conver.o(i.Gw_Conver_StrToFloat) refers to fflt_clz.o(x$fpl$fflt) for __aeabi_i2f
    gw_conver.o(i.Gw_Conver_StrToFloat) refers to fmul.o(x$fpl$fmul) for __aeabi_fmul
    gw_conver.o(i.Gw_Conver_StrToFloat) refers to faddsub_clz.o(x$fpl$fadd) for __aeabi_fadd
    gw_conver.o(i.Gw_Conver_StrToFloat) refers to dflt_clz.o(x$fpl$dflt) for __aeabi_i2d
    gw_conver.o(i.Gw_Conver_StrToFloat) refers to f2d.o(x$fpl$f2d) for __aeabi_f2d
    gw_conver.o(i.Gw_Conver_StrToFloat) refers to dmul.o(x$fpl$dmul) for __aeabi_dmul
    gw_conver.o(i.Gw_Conver_StrToFloat) refers to daddsub_clz.o(x$fpl$dadd) for __aeabi_dadd
    gw_conver.o(i.Gw_Conver_StrToFloat) refers to d2f.o(x$fpl$d2f) for __aeabi_d2f
    gw_delay.o(i.Gw_DELAY_Init) refers to gw_delay.o(.data) for fac_us
    gw_delay.o(i.Gw_DELAY_ms) refers to gw_delay.o(.data) for fac_ms
    gw_delay.o(i.Gw_DELAY_us) refers to gw_delay.o(.data) for fac_us
    gw_sys.o(i.Gw_Sys_Init) refers to gw_uart.o(i.Gw_Uart_Init2) for Gw_Uart_Init2
    gw_sys.o(i.Gw_Sys_Init) refers to gw_uart.o(i.Gw_Uart_Init1) for Gw_Uart_Init1
    gw_sys.o(i.Gw_Sys_Init) refers to gw_gpio.o(i.Gw_GPIO_Init) for Gw_GPIO_Init
    gw_sys.o(i.Gw_Sys_Init) refers to gw_delay.o(i.Gw_DELAY_Init) for Gw_DELAY_Init
    gw_sys.o(i.Gw_Sys_Init) refers to gw_gpio.o(i.Gw_GPIO_Set_ON) for Gw_GPIO_Set_ON
    gw_sys.o(i.Gw_Sys_Init) refers to gw_device_command.o(i.comm_create_command) for comm_create_command
    gw_sys.o(i.Gw_Sys_Init) refers to gw_uart.o(i.Gw_Uart1_SendString) for Gw_Uart1_SendString
    gw_sys.o(i.Gw_Sys_Init) refers to gw_device_command.o(i.comm_detect_command) for comm_detect_command
    gw_sys.o(i.Gw_Sys_Init) refers to gw_conver.o(i.Gw_Conver_FloatToStr) for Gw_Conver_FloatToStr
    gw_gpio.o(i.GET_GPIO_PORT_Init) refers to stm32f10x_rcc.o(i.RCC_APB2PeriphClockCmd) for RCC_APB2PeriphClockCmd
    gw_gpio.o(i.GET_GPIO_PORT_Init) refers to stm32f10x_gpio.o(i.GPIO_PinRemapConfig) for GPIO_PinRemapConfig
    gw_gpio.o(i.GET_GPIO_PORT_Init) refers to stm32f10x_gpio.o(i.GPIO_Init) for GPIO_Init
    gw_gpio.o(i.Gw_GPIO_Init) refers to gw_gpio.o(i.SET_GPIO_PORT_Init) for SET_GPIO_PORT_Init
    gw_gpio.o(i.Gw_GPIO_Init) refers to gw_gpio.o(i.GET_GPIO_PORT_Init) for GET_GPIO_PORT_Init
    gw_gpio.o(i.Gw_GPIO_Set_OFF) refers to stm32f10x_gpio.o(i.GPIO_ResetBits) for GPIO_ResetBits
    gw_gpio.o(i.Gw_GPIO_Set_ON) refers to stm32f10x_gpio.o(i.GPIO_SetBits) for GPIO_SetBits
    gw_gpio.o(i.SET_GPIO_PORT_Init) refers to stm32f10x_rcc.o(i.RCC_APB2PeriphClockCmd) for RCC_APB2PeriphClockCmd
    gw_gpio.o(i.SET_GPIO_PORT_Init) refers to stm32f10x_gpio.o(i.GPIO_PinRemapConfig) for GPIO_PinRemapConfig
    gw_gpio.o(i.SET_GPIO_PORT_Init) refers to stm32f10x_gpio.o(i.GPIO_Init) for GPIO_Init
    gw_uart.o(i.Gw_Uart1_SendString) refers to gw_uart.o(i.Gw_Uart1_SendChar) for Gw_Uart1_SendChar
    gw_uart.o(i.Gw_Uart2_SendString) refers to stm32f10x_gpio.o(i.GPIO_SetBits) for GPIO_SetBits
    gw_uart.o(i.Gw_Uart2_SendString) refers to gw_uart.o(i.Gw_Uart2_SendChar) for Gw_Uart2_SendChar
    gw_uart.o(i.Gw_Uart2_SendString) refers to stm32f10x_gpio.o(i.GPIO_ResetBits) for GPIO_ResetBits
    gw_uart.o(i.Gw_Uart_Init) refers to gw_uart.o(i.Gw_Uart_Init1) for Gw_Uart_Init1
    gw_uart.o(i.Gw_Uart_Init) refers to gw_uart.o(i.Gw_Uart_Init2) for Gw_Uart_Init2
[...]
    Removing stm32f10x_rcc.o(i.RCC_HCLKConfig), (24 bytes).
    Removing stm32f10x_rcc.o(i.RCC_HSEConfig), (76 bytes).
    Removing stm32f10x_rcc.o(i.RCC_HSICmd), (12 bytes).
    Removing stm32f10x_rcc.o(i.RCC_ITConfig), (32 bytes).
    Removing stm32f10x_rcc.o(i.RCC_LSEConfig), (52 bytes).
    Removing stm32f10x_rcc.o(i.RCC_LSICmd), (12 bytes).
    Removing stm32f10x_rcc.o(i.RCC_MCOConfig), (12 bytes).
    Removing stm32f10x_rcc.o(i.RCC_PCLK1Config), (24 bytes).
    Removing stm32f10x_rcc.o(i.RCC_PCLK2Config), (24 bytes).
    Removing stm32f10x_rcc.o(i.RCC_PLLCmd), (12 bytes).
    Removing stm32f10x_rcc.o(i.RCC_PLLConfig), (28 bytes).
    Removing stm32f10x_rcc.o(i.RCC_RTCCLKCmd), (12 bytes).
    Removing stm32f10x_rcc.o(i.RCC_RTCCLKConfig), (16 bytes).
    Removing stm32f10x_rcc.o(i.RCC_SYSCLKConfig), (24 bytes).
    Removing stm32f10x_rcc.o(i.RCC_USBCLKConfig), (12 bytes).
    Removing stm32f10x_rcc.o(i.RCC_WaitForHSEStartUp), (56 bytes).
    Removing stm32f10x_rcc.o(.data), (20 bytes).
    Removing stm32f10x_tim.o(.rev16_text), (4 bytes).
    Removing stm32f10x_tim.o(.revsh_text), (4 bytes).
    Removing stm32f10x_tim.o(.rrx_text), (6 bytes).
    Removing stm32f10x_tim.o(i.TI1_Config), (128 bytes).
    Removing stm32f10x_tim.o(i.TI2_Config), (152 bytes).
    Removing stm32f10x_tim.o(i.TI3_Config), (144 bytes).
    Removing stm32f10x_tim.o(i.TI4_Config), (152 bytes).
    Removing stm32f10x_tim.o(i.TIM_ARRPreloadConfig), (24 bytes).
    Removing stm32f10x_tim.o(i.TIM_BDTRConfig), (32 bytes).
    Removing stm32f10x_tim.o(i.TIM_BDTRStructInit), (18 bytes).
    Removing stm32f10x_tim.o(i.TIM_CCPreloadControl), (24 bytes).
    Removing stm32f10x_tim.o(i.TIM_CCxCmd), (30 bytes).
    Removing stm32f10x_tim.o(i.TIM_CCxNCmd), (30 bytes).
    Removing stm32f10x_tim.o(i.TIM_ClearFlag), (6 bytes).
    Removing stm32f10x_tim.o(i.TIM_ClearITPendingBit), (6 bytes).
    Removing stm32f10x_tim.o(i.TIM_ClearOC1Ref), (18 bytes).
    Removing stm32f10x_tim.o(i.TIM_ClearOC2Ref), (24 bytes).
    Removing stm32f10x_tim.o(i.TIM_ClearOC3Ref), (18 bytes).
    Removing stm32f10x_tim.o(i.TIM_ClearOC4Ref), (24 bytes).
    Removing stm32f10x_tim.o(i.TIM_Cmd), (24 bytes).
    Removing stm32f10x_tim.o(i.TIM_CounterModeConfig), (18 bytes).
    Removing stm32f10x_tim.o(i.TIM_CtrlPWMOutputs), (30 bytes).
    Removing stm32f10x_tim.o(i.TIM_DMACmd), (18 bytes).
    Removing stm32f10x_tim.o(i.TIM_DMAConfig), (10 bytes).
    Removing stm32f10x_tim.o(i.TIM_DeInit), (488 bytes).
    Removing stm32f10x_tim.o(i.TIM_ETRClockMode1Config), (54 bytes).
    Removing stm32f10x_tim.o(i.TIM_ETRClockMode2Config), (32 bytes).
    Removing stm32f10x_tim.o(i.TIM_ETRConfig), (28 bytes).
    Removing stm32f10x_tim.o(i.TIM_EncoderInterfaceConfig), (66 bytes).
    Removing stm32f10x_tim.o(i.TIM_ForcedOC1Config), (18 bytes).
    Removing stm32f10x_tim.o(i.TIM_ForcedOC2Config), (26 bytes).
    Removing stm32f10x_tim.o(i.TIM_ForcedOC3Config), (18 bytes).
    Removing stm32f10x_tim.o(i.TIM_ForcedOC4Config), (26 bytes).
    Removing stm32f10x_tim.o(i.TIM_GenerateEvent), (4 bytes).
    Removing stm32f10x_tim.o(i.TIM_GetCapture1), (6 bytes).
    Removing stm32f10x_tim.o(i.TIM_GetCapture2), (6 bytes).
    Removing stm32f10x_tim.o(i.TIM_GetCapture3), (6 bytes).
    Removing stm32f10x_tim.o(i.TIM_GetCapture4), (8 bytes).
    Removing stm32f10x_tim.o(i.TIM_GetCounter), (6 bytes).
    Removing stm32f10x_tim.o(i.TIM_GetFlagStatus), (18 bytes).
    Removing stm32f10x_tim.o(i.TIM_GetITStatus), (34 bytes).
    Removing stm32f10x_tim.o(i.TIM_GetPrescaler), (6 bytes).
    Removing stm32f10x_tim.o(i.TIM_ICInit), (172 bytes).
    Removing stm32f10x_tim.o(i.TIM_ICStructInit), (18 bytes).
    Removing stm32f10x_tim.o(i.TIM_ITConfig), (18 bytes).
    Removing stm32f10x_tim.o(i.TIM_ITRxExternalClockConfig), (24 bytes).
    Removing stm32f10x_tim.o(i.TIM_InternalClockConfig), (12 bytes).
    Removing stm32f10x_tim.o(i.TIM_OC1FastConfig), (18 bytes).
    Removing stm32f10x_tim.o(i.TIM_OC1Init), (152 bytes).
    Removing stm32f10x_tim.o(i.TIM_OC1NPolarityConfig), (18 bytes).
    Removing stm32f10x_tim.o(i.TIM_OC1PolarityConfig), (18 bytes).
    Removing stm32f10x_tim.o(i.TIM_OC1PreloadConfig), (18 bytes).
    Removing stm32f10x_tim.o(i.TIM_OC2FastConfig), (26 bytes).
    Removing stm32f10x_tim.o(i.TIM_OC2Init), (164 bytes).
    Removing stm32f10x_tim.o(i.TIM_OC2NPolarityConfig), (26 bytes).
    Removing stm32f10x_tim.o(i.TIM_OC2PolarityConfig), (26 bytes).
    Removing stm32f10x_tim.o(i.TIM_OC2PreloadConfig), (26 bytes).
    Removing stm32f10x_tim.o(i.TIM_OC3FastConfig), (18 bytes).
    Removing stm32f10x_tim.o(i.TIM_OC3Init), (160 bytes).
    Removing stm32f10x_tim.o(i.TIM_OC3NPolarityConfig), (26 bytes).
    Removing stm32f10x_tim.o(i.TIM_OC3PolarityConfig), (26 bytes).
    Removing stm32f10x_tim.o(i.TIM_OC3PreloadConfig), (18 bytes).
    Removing stm32f10x_tim.o(i.TIM_OC4FastConfig), (26 bytes).
    Removing stm32f10x_tim.o(i.TIM_OC4Init), (124 bytes).
    Removing stm32f10x_tim.o(i.TIM_OC4PolarityConfig), (26 bytes).
    Removing stm32f10x_tim.o(i.TIM_OC4PreloadConfig), (26 bytes).
    Removing stm32f10x_tim.o(i.TIM_OCStructInit), (20 bytes).
    Removing stm32f10x_tim.o(i.TIM_PWMIConfig), (124 bytes).
    Removing stm32f10x_tim.o(i.TIM_PrescalerConfig), (6 bytes).
    Removing stm32f10x_tim.o(i.TIM_SelectCCDMA), (24 bytes).
    Removing stm32f10x_tim.o(i.TIM_SelectCOM), (24 bytes).
    Removing stm32f10x_tim.o(i.TIM_SelectHallSensor), (24 bytes).
    Removing stm32f10x_tim.o(i.TIM_SelectInputTrigger), (18 bytes).
    Removing stm32f10x_tim.o(i.TIM_SelectMasterSlaveMode), (18 bytes).
    Removing stm32f10x_tim.o(i.TIM_SelectOCxM), (82 bytes).
    Removing stm32f10x_tim.o(i.TIM_SelectOnePulseMode), (18 bytes).
    Removing stm32f10x_tim.o(i.TIM_SelectOutputTrigger), (18 bytes).
    Removing stm32f10x_tim.o(i.TIM_SelectSlaveMode), (18 bytes).
    Removing stm32f10x_tim.o(i.TIM_SetAutoreload), (4 bytes).
    Removing stm32f10x_tim.o(i.TIM_SetClockDivision), (18 bytes).
    Removing stm32f10x_tim.o(i.TIM_SetCompare1), (4 bytes).
    Removing stm32f10x_tim.o(i.TIM_SetCompare2), (4 bytes).
    Removing stm32f10x_tim.o(i.TIM_SetCompare3), (4 bytes).
    Removing stm32f10x_tim.o(i.TIM_SetCompare4), (6 bytes).
    Removing stm32f10x_tim.o(i.TIM_SetCounter), (4 bytes).
    Removing stm32f10x_tim.o(i.TIM_SetIC1Prescaler), (18 bytes).
    Removing stm32f10x_tim.o(i.TIM_SetIC2Prescaler), (26 bytes).
    Removing stm32f10x_tim.o(i.TIM_SetIC3Prescaler), (18 bytes).
    Removing stm32f10x_tim.o(i.TIM_SetIC4Prescaler), (26 bytes).
    Removing stm32f10x_tim.o(i.TIM_TIxExternalClockConfig), (62 bytes).
    Removing stm32f10x_tim.o(i.TIM_TimeBaseInit), (164 bytes).
    Removing stm32f10x_tim.o(i.TIM_TimeBaseStructInit), (18 bytes).
    Removing stm32f10x_tim.o(i.TIM_UpdateDisableConfig), (24 bytes).
    Removing stm32f10x_tim.o(i.TIM_UpdateRequestConfig), (24 bytes).
    Removing stm32f10x_usart.o(.rev16_text), (4 bytes).
    Removing stm32f10x_usart.o(.revsh_text), (4 bytes).
    Removing stm32f10x_usart.o(.rrx_text), (6 bytes).
    Removing stm32f10x_usart.o(i.USART_ClearFlag), (18 bytes).
    Removing stm32f10x_usart.o(i.USART_ClockInit), (34 bytes).
    Removing stm32f10x_usart.o(i.USART_ClockStructInit), (12 bytes).
    Removing stm32f10x_usart.o(i.USART_Cmd), (24 bytes).
    Removing stm32f10x_usart.o(i.USART_DMACmd), (18 bytes).
    Removing stm32f10x_usart.o(i.USART_DeInit), (156 bytes).
    Removing stm32f10x_usart.o(i.USART_GetFlagStatus), (26 bytes).
    Removing stm32f10x_usart.o(i.USART_GetITStatus), (84 bytes).
    Removing stm32f10x_usart.o(i.USART_HalfDuplexCmd), (24 bytes).
    Removing stm32f10x_usart.o(i.USART_ITConfig), (74 bytes).
    Removing stm32f10x_usart.o(i.USART_Init), (216 bytes).
    Removing stm32f10x_usart.o(i.USART_IrDACmd), (24 bytes).
    Removing stm32f10x_usart.o(i.USART_IrDAConfig), (18 bytes).
    Removing stm32f10x_usart.o(i.USART_LINBreakDetectLengthConfig), (18 bytes).
    Removing stm32f10x_usart.o(i.USART_LINCmd), (24 bytes).
    Removing stm32f10x_usart.o(i.USART_OneBitMethodCmd), (24 bytes).
    Removing stm32f10x_usart.o(i.USART_OverSampling8Cmd), (22 bytes).
    Removing stm32f10x_usart.o(i.USART_ReceiverWakeUpCmd), (24 bytes).
    Removing stm32f10x_usart.o(i.USART_SendBreak), (10 bytes).
    Removing stm32f10x_usart.o(i.USART_SendData), (8 bytes).
    Removing stm32f10x_usart.o(i.USART_SetAddress), (18 bytes).
    Removing stm32f10x_usart.o(i.USART_SetGuardTime), (16 bytes).
    Removing stm32f10x_usart.o(i.USART_SetPrescaler), (16 bytes).
    Removing stm32f10x_usart.o(i.USART_SmartCardCmd), (24 bytes).
    Removing stm32f10x_usart.o(i.USART_SmartCardNACKCmd), (24 bytes).
    Removing stm32f10x_usart.o(i.USART_StructInit), (24 bytes).
    Removing stm32f10x_usart.o(i.USART_WakeUpConfig), (18 bytes).
    Removing system_stm32f10x.o(.rev16_text), (4 bytes).
    Removing system_stm32f10x.o(.revsh_text), (4 bytes).
    Removing system_stm32f10x.o(.rrx_text), (6 bytes).
    Removing system_stm32f10x.o(i.SystemCoreClockUpdate), (164 bytes).

227 unused section(s) (total 7784 bytes) removed from the image.

==============================================================================

Image Symbol Table

    Local Symbols

    Symbol Name                              Value     Ov Type        Size  Object(Section)

    ../clib/angel/boardlib.s                 0x00000000   Number         0  boardinit3.o ABSOLUTE
    ../clib/angel/boardlib.s                 0x00000000   Number         0  boardshut.o ABSOLUTE
    ../clib/angel/boardlib.s                 0x00000000   Number         0  boardinit2.o ABSOLUTE
    ../clib/angel/boardlib.s                 0x00000000   Number         0  boardinit1.o ABSOLUTE
    ../clib/angel/handlers.s                 0x00000000   Number         0  __scatter_copy.o ABSOLUTE
    ../clib/angel/handlers.s                 0x00000000   Number         0  __scatter_zi.o ABSOLUTE
    ../clib/angel/kernel.s                   0x00000000   Number         0  __rtentry.o ABSOLUTE
    ../clib/angel/kernel.s                   0x00000000   Number         0  __rtentry4.o ABSOLUTE
    ../clib/angel/kernel.s                   0x00000000   Number         0  rtexit.o ABSOLUTE
    ../clib/angel/kernel.s                   0x00000000   Number         0  __rtentry2.o ABSOLUTE
    ../clib/angel/kernel.s                   0x00000000   Number         0  rtexit2.o ABSOLUTE
    ../clib/angel/rt.s                       0x00000000   Number         0  rt_raise.o ABSOLUTE
    ../clib/angel/rt.s                       0x00000000   Number         0  rt_errno_addr.o ABSOLUTE
    ../clib/angel/rt.s                       0x00000000   Number         0  rt_errno_addr_intlibspace.o ABSOLUTE
    ../clib/angel/scatter.s                  0x00000000   Number         0  __scatter.o ABSOLUTE
    ../clib/angel/startup.s                  0x00000000   Number         0  __main.o ABSOLUTE
    ../clib/angel/sys.s                      0x00000000   Number         0  use_no_semi.o ABSOLUTE
    ../clib/angel/sys.s                      0x00000000   Number         0  indicate_semi.o ABSOLUTE
    ../clib/angel/sys.s                      0x00000000   Number         0  libspace.o ABSOLUTE
    ../clib/angel/sys.s                      0x00000000   Number         0  sys_stackheap_outer.o ABSOLUTE
    ../clib/angel/sysapp.c                   0x00000000   Number         0  sys_wrch.o ABSOLUTE
    ../clib/angel/sysapp.c                   0x00000000   Number         0  sys_command.o ABSOLUTE
    ../clib/angel/sysapp.c                   0x00000000   Number         0  sys_exit.o ABSOLUTE
    ../clib/armsys.c                         0x00000000   Number         0  no_argv.o ABSOLUTE
    ../clib/armsys.c                         0x00000000   Number         0  argv_veneer.o ABSOLUTE
    ../clib/armsys.c                         0x00000000   Number         0  _get_argv_nomalloc.o ABSOLUTE
    ../clib/armsys.c                         0x00000000   Number         0  argv_veneer.o ABSOLUTE
    ../clib/fenv.c                           0x00000000   Number         0  _rserrno.o ABSOLUTE
    ../clib/heapalloc.c                      0x00000000   Number         0  hrguard.o ABSOLUTE
    ../clib/heapaux.c                        0x00000000   Number         0  heapauxi.o ABSOLUTE
    ../clib/libinit.s                        0x00000000   Number         0  libshutdown2.o ABSOLUTE
    ../clib/libinit.s                        0x00000000   Number         0  libshutdown.o ABSOLUTE
    ../clib/libinit.s                        0x00000000   Number         0  libinit2.o ABSOLUTE
    ../clib/libinit.s                        0x00000000   Number         0  libinit.o ABSOLUTE
    ../clib/signal.c                         0x00000000   Number         0  defsig_rtred_inner.o ABSOLUTE
    ../clib/signal.c                         0x00000000   Number         0  defsig_stak_inner.o ABSOLUTE
    ../clib/signal.c                         0x00000000   Number         0  defsig_pvfn_inner.o ABSOLUTE
    ../clib/signal.c                         0x00000000   Number         0  defsig_segv_inner.o ABSOLUTE
    ../clib/signal.c                         0x00000000   Number         0  defsig_other.o ABSOLUTE
    ../clib/signal.c                         0x00000000   Number         0  defsig_rtmem_inner.o ABSOLUTE
    ../clib/signal.c                         0x00000000   Number         0  defsig_rtmem_outer.o ABSOLUTE
    ../clib/signal.c                         0x00000000   Number         0  __raise.o ABSOLUTE
    ../clib/signal.c                         0x00000000   Number         0  defsig_exit.o ABSOLUTE
    ../clib/signal.c                         0x00000000   Number         0  defsig_general.o ABSOLUTE
    ../clib/signal.c                         0x00000000   Number         0  defsig_rtmem_formal.o ABSOLUTE
    ../clib/signal.c                         0x00000000   Number         0  defsig_cppl_inner.o ABSOLUTE
    ../clib/signal.c                         0x00000000   Number         0  defsig_abrt_inner.o ABSOLUTE
    ../clib/signal.c                         0x00000000   Number         0  defsig_fpe_inner.o ABSOLUTE
    ../clib/signal.s                         0x00000000   Number         0  defsig.o ABSOLUTE
    ../clib/stdlib.c                         0x00000000   Number         0  exit.o ABSOLUTE
    ../fplib/d2f.s                           0x00000000   Number         0  d2f.o ABSOLUTE
    ../fplib/daddsub.s                       0x00000000   Number         0  daddsub_clz.o ABSOLUTE
    ../fplib/dcheck1.s                       0x00000000   Number         0  dcheck1.o ABSOLUTE
    ../fplib/dcmpi.s                         0x00000000   Number         0  dcmpi.o ABSOLUTE
    ../fplib/ddiv.s                          0x00000000   Number         0  ddiv.o ABSOLUTE
    ../fplib/dflt.s                          0x00000000   Number         0  dflt_clz.o ABSOLUTE
    ../fplib/dleqf.s                         0x00000000   Number         0  dleqf.o ABSOLUTE
    ../fplib/dmul.s                          0x00000000   Number         0  dmul.o ABSOLUTE
    ../fplib/dnaninf.s                       0x00000000   Number         0  dnaninf.o ABSOLUTE
    ../fplib/dretinf.s                       0x00000000   Number         0  dretinf.o ABSOLUTE
    ../fplib/drleqf.s                        0x00000000   Number         0  drleqf.o ABSOLUTE
    ../fplib/dsqrt.s                         0x00000000   Number         0  dsqrt_noumaal.o ABSOLUTE
    ../fplib/f2d.s                           0x00000000   Number         0  f2d.o ABSOLUTE
    ../fplib/faddsub.s                       0x00000000   Number         0  faddsub_clz.o ABSOLUTE
    ../fplib/fcmpi.s                         0x00000000   Number         0  fcmpi.o ABSOLUTE
    ../fplib/fdiv.s                          0x00000000   Number         0  fdiv.o ABSOLUTE
    ../fplib/ffix.s                          0x00000000   Number         0  ffix.o ABSOLUTE
    ../fplib/fflt.s                          0x00000000   Number         0  fflt_clz.o ABSOLUTE
    ../fplib/fleqf.s                         0x00000000   Number         0  fleqf.o ABSOLUTE
    ../fplib/fmul.s                          0x00000000   Number         0  fmul.o ABSOLUTE
    ../fplib/fnaninf.s                       0x00000000   Number         0  fnaninf.o ABSOLUTE
    ../fplib/fpinit.s                        0x00000000   Number         0  fpinit.o ABSOLUTE
    ../fplib/fretinf.s                       0x00000000   Number         0  fretinf.o ABSOLUTE
    ../fplib/retnan.s                        0x00000000   Number         0  retnan.o ABSOLUTE
    ../fplib/scalbn.s                        0x00000000   Number         0  scalbn.o ABSOLUTE
    ../fplib/trapv.s                         0x00000000   Number         0  trapv.o ABSOLUTE
    ../fplib/usenofp.s                       0x00000000   Number         0  usenofp.o ABSOLUTE
    ../mathlib/dunder.c                      0x00000000   Number         0  dunder.o ABSOLUTE
    ../mathlib/fpclassify.c                  0x00000000   Number         0  fpclassify.o ABSOLUTE
    ../mathlib/poly.c                        0x00000000   Number         0  poly.o ABSOLUTE
    ../mathlib/pow.c                         0x00000000   Number         0  pow_x.o ABSOLUTE
    ../mathlib/pow.c                         0x00000000   Number         0  pow.o ABSOLUTE
    ../mathlib/qnan.c                        0x00000000   Number         0  qnan.o ABSOLUTE
    ../mathlib/sqrt.c                        0x00000000   Number         0  sqrt.o ABSOLUTE
    ../mathlib/sqrt.c                        0x00000000   Number         0  sqrt_x.o ABSOLUTE
    ..\USER\gw_conver.c                      0x00000000   Number         0  gw_conver.o ABSOLUTE
    ..\USER\gw_delay.c                       0x00000000   Number         0  gw_delay.o ABSOLUTE
    ..\USER\gw_device_command.c              0x00000000   Number         0  gw_device_command.o ABSOLUTE
    ..\USER\gw_gpio.c                        0x00000000   Number         0  gw_gpio.o ABSOLUTE
    ..\USER\gw_ringbuffer.c                  0x00000000   Number         0  gw_ringbuffer.o ABSOLUTE
    ..\USER\gw_sys.c                         0x00000000   Number         0  gw_sys.o ABSOLUTE
    ..\USER\gw_uart.c                        0x00000000   Number         0  gw_uart.o ABSOLUTE
    ..\USER\main.c                           0x00000000   Number         0  main.o ABSOLUTE
    ..\\USER\\gw_conver.c                    0x00000000   Number         0  gw_conver.o ABSOLUTE
    ..\\USER\\gw_delay.c                     0x00000000   Number         0  gw_delay.o ABSOLUTE
    ..\\USER\\gw_device_command.c            0x00000000   Number         0  gw_device_command.o ABSOLUTE
    ..\\USER\\gw_gpio.c                      0x00000000   Number         0  gw_gpio.o ABSOLUTE
    ..\\USER\\gw_sys.c                       0x00000000   Number         0  gw_sys.o ABSOLUTE
    ..\\USER\\gw_uart.c                      0x00000000   Number         0  gw_uart.o ABSOLUTE
    ..\\USER\\main.c                         0x00000000   Number         0  main.o ABSOLUTE
    C:\Users\nhanma\AppData\Local\Arm\Packs\Keil\STM32F1xx_DFP\2.4.0\Device\StdPeriph_Driver\src\misc.c 0x00000000   Number         0  misc.o ABSOLUTE
    C:\Users\nhanma\AppData\Local\Arm\Packs\Keil\STM32F1xx_DFP\2.4.0\Device\StdPeriph_Driver\src\stm32f10x_gpio.c 0x00000000   Number         0  stm32f10x_gpio.o ABSOLUTE
    C:\Users\nhanma\AppData\Local\Arm\Packs\Keil\STM32F1xx_DFP\2.4.0\Device\StdPeriph_Driver\src\stm32f10x_rcc.c 0x00000000   Number         0  stm32f10x_rcc.o ABSOLUTE
    C:\Users\nhanma\AppData\Local\Arm\Packs\Keil\STM32F1xx_DFP\2.4.0\Device\StdPeriph_Driver\src\stm32f10x_tim.c 0x00000000   Number         0  stm32f10x_tim.o ABSOLUTE
    C:\Users\nhanma\AppData\Local\Arm\Packs\Keil\STM32F1xx_DFP\2.4.0\Device\StdPeriph_Driver\src\stm32f10x_usart.c 0x00000000   Number         0  stm32f10x_usart.o ABSOLUTE
    C:\\Users\\nhanma\\AppData\\Local\\Arm\\Packs\\Keil\\STM32F1xx_DFP\\2.4.0\\Device\\StdPeriph_Driver\\src\\misc.c 0x00000000   Number         0  misc.o ABSOLUTE
    C:\\Users\\nhanma\\AppData\\Local\\Arm\\Packs\\Keil\\STM32F1xx_DFP\\2.4.0\\Device\\StdPeriph_Driver\\src\\stm32f10x_gpio.c 0x00000000   Number         0  stm32f10x_gpio.o ABSOLUTE
    C:\\Users\\nhanma\\AppData\\Local\\Arm\\Packs\\Keil\\STM32F1xx_DFP\\2.4.0\\Device\\StdPeriph_Driver\\src\\stm32f10x_rcc.c 0x00000000   Number         0  stm32f10x_rcc.o ABSOLUTE
    C:\\Users\\nhanma\\AppData\\Local\\Arm\\Packs\\Keil\\STM32F1xx_DFP\\2.4.0\\Device\\StdPeriph_Driver\\src\\stm32f10x_tim.c 0x00000000   Number         0  stm32f10x_tim.o ABSOLUTE
    C:\\Users\\nhanma\\AppData\\Local\\Arm\\Packs\\Keil\\STM32F1xx_DFP\\2.4.0\\Device\\StdPeriph_Driver\\src\\stm32f10x_usart.c 0x00000000   Number         0  stm32f10x_usart.o ABSOLUTE
    RTE\Device\STM32F103C8\startup_stm32f10x_md.s 0x00000000   Number         0  startup_stm32f10x_md.o ABSOLUTE
    RTE\Device\STM32F103C8\system_stm32f10x.c 0x00000000   Number         0  system_stm32f10x.o ABSOLUTE
    RTE\\Device\\STM32F103C8\\system_stm32f10x.c 0x00000000   Number         0  system_stm32f10x.o ABSOLUTE
    dc.s                                     0x00000000   Number         0  dc.o ABSOLUTE
    RESET                                    0x08000000   Section      236  startup_stm32f10x_md.o(RESET)
    !!!main                                  0x080000ec   Section        8  __main.o(!!!main)
    !!!scatter                               0x080000f4   Section       52  __scatter.o(!!!scatter)
    !!handler_copy                           0x08000128   Section       26  __scatter_copy.o(!!handler_copy)
    !!handler_zi                             0x08000144   Section       28  __scatter_zi.o(!!handler_zi)
    .ARM.Collect$$libinit$$00000000          0x08000160   Section        2  libinit.o(.ARM.Collect$$libinit$$00000000)
    .ARM.Collect$$libinit$$00000002          0x08000162   Section        0  libinit2.o(.ARM.Collect$$libinit$$00000002)
    .ARM.Collect$$libinit$$00000004          0x08000162   Section        0  libinit2.o(.ARM.Collect$$libinit$$00000004)
    .ARM.Collect$$libinit$$0000000A          0x08000162   Section        0  libinit2.o(.ARM.Collect$$libinit$$0000000A)
    .ARM.Collect$$libinit$$0000000C          0x08000162   Section        0  libinit2.o(.ARM.Collect$$libinit$$0000000C)
    .ARM.Collect$$libinit$$0000000E          0x08000162   Section        0  libinit2.o(.ARM.Collect$$libinit$$0000000E)
    .ARM.Collect$$libinit$$00000011          0x08000162   Section        0  libinit2.o(.ARM.Collect$$libinit$$00000011)
    .ARM.Collect$$libinit$$00000013          0x08000162   Section        0  libinit2.o(.ARM.Collect$$libinit$$00000013)
    .ARM.Collect$$libinit$$00000015          0x08000162   Section        0  libinit2.o(.ARM.Collect$$libinit$$00000015)
    .ARM.Collect$$libinit$$00000017          0x08000162   Section        0  libinit2.o(.ARM.Collect$$libinit$$00000017)
    .ARM.Collect$$libinit$$00000019          0x08000162   Section        0  libinit2.o(.ARM.Collect$$libinit$$00000019)
    .ARM.Collect$$libinit$$0000001B          0x08000162   Section        0  libinit2.o(.ARM.Collect$$libinit$$0000001B)
    .ARM.Collect$$libinit$$0000001D          0x08000162   Section        0  libinit2.o(.ARM.Collect$$libinit$$0000001D)
    .ARM.Collect$$libinit$$0000001F          0x08000162   Section        0  libinit2.o(.ARM.Collect$$libinit$$0000001F)
    .ARM.Collect$$libinit$$00000021          0x08000162   Section        0  libinit2.o(.ARM.Collect$$libinit$$00000021)
    .ARM.Collect$$libinit$$00000023          0x08000162   Section        0  libinit2.o(.ARM.Collect$$libinit$$00000023)
    .ARM.Collect$$libinit$$00000025          0x08000162   Section        0  libinit2.o(.ARM.Collect$$libinit$$00000025)
    .ARM.Collect$$libinit$$0000002C          0x08000162   Section        0  libinit2.o(.ARM.Collect$$libinit$$0000002C)
    .ARM.Collect$$libinit$$0000002E          0x08000162   Section        0  libinit2.o(.ARM.Collect$$libinit$$0000002E)
    .ARM.Collect$$libinit$$00000030          0x08000162   Section        0  libinit2.o(.ARM.Collect$$libinit$$00000030)
    .ARM.Collect$$libinit$$00000032          0x08000162   Section        0  libinit2.o(.ARM.Collect$$libinit$$00000032)
    .ARM.Collect$$libinit$$00000033          0x08000162   Section        2  libinit2.o(.ARM.Collect$$libinit$$00000033)
    .ARM.Collect$$libshutdown$$00000000      0x08000164   Section        2  libshutdown.o(.ARM.Collect$$libshutdown$$00000000)
    .ARM.Collect$$libshutdown$$00000002      0x08000166   Section        0  libshutdown2.o(.ARM.Collect$$libshutdown$$00000002)
    .ARM.Collect$$libshutdown$$00000004      0x08000166   Section        0  libshutdown2.o(.ARM.Collect$$libshutdown$$00000004)
    .ARM.Collect$$libshutdown$$00000006      0x08000166   Section        0  libshutdown2.o(.ARM.Collect$$libshutdown$$00000006)
    .ARM.Collect$$libshutdown$$00000009      0x08000166   Section        0  libshutdown2.o(.ARM.Collect$$libshutdown$$00000009)
    .ARM.Collect$$libshutdown$$0000000C      0x08000166   Section        0  libshutdown2.o(.ARM.Collect$$libshutdown$$0000000C)
    .ARM.Collect$$libshutdown$$0000000E      0x08000166   Section        0  libshutdown2.o(.ARM.Collect$$libshutdown$$0000000E)
    .ARM.Collect$$libshutdown$$00000011      0x08000166   Section        0  libshutdown2.o(.ARM.Collect$$libshutdown$$00000011)
    .ARM.Collect$$libshutdown$$00000012      0x08000166   Section        2  libshutdown2.o(.ARM.Collect$$libshutdown$$00000012)
    .ARM.Collect$$rtentry$$00000000          0x08000168   Section        0  __rtentry.o(.ARM.Collect$$rtentry$$00000000)
    .ARM.Collect$$rtentry$$00000002          0x08000168   Section        0  __rtentry2.o(.ARM.Collect$$rtentry$$00000002)
    .ARM.Collect$$rtentry$$00000004          0x08000168   Section        6  __rtentry4.o(.ARM.Collect$$rtentry$$00000004)
    .ARM.Collect$$rtentry$$00000009          0x0800016e   Section        0  __rtentry2.o(.ARM.Collect$$rtentry$$00000009)
    .ARM.Collect$$rtentry$$0000000A          0x0800016e   Section        4  __rtentry2.o(.ARM.Collect$$rtentry$$0000000A)
    .ARM.Collect$$rtentry$$0000000C          0x08000172   Section        0  __rtentry2.o(.ARM.Collect$$rtentry$$0000000C)
    .ARM.Collect$$rtentry$$0000000D          0x08000172   Section        8  __rtentry2.o(.ARM.Collect$$rtentry$$0000000D)
    .ARM.Collect$$rtexit$$00000000           0x0800017a   Section        2  rtexit.o(.ARM.Collect$$rtexit$$00000000)
    .ARM.Collect$$rtexit$$00000002           0x0800017c   Section        0  rtexit2.o(.ARM.Collect$$rtexit$$00000002)
    .ARM.Collect$$rtexit$$00000003           0x0800017c   Section        4  rtexit2.o(.ARM.Collect$$rtexit$$00000003)
    .ARM.Collect$$rtexit$$00000004           0x08000180   Section        6  rtexit2.o(.ARM.Collect$$rtexit$$00000004)
    .text                                    0x08000188   Section       64  startup_stm32f10x_md.o(.text)
    .text                                    0x080001c8   Section        0  heapauxi.o(.text)
    .text                                    0x080001ce   Section        0  _rserrno.o(.text)
    .text                                    0x080001e4   Section        8  rt_errno_addr_intlibspace.o(.text)
    .text                                    0x080001ec   Section        8  libspace.o(.text)
    .text                                    0x080001f4   Section       74  sys_stackheap_outer.o(.text)
    .text                                    0x0800023e   Section        0  exit.o(.text)
    .text                                    0x08000250   Section        0  sys_exit.o(.text)
    .text                                    0x0800025c   Section        2  use_no_semi.o(.text)
    .text                                    0x0800025e   Section        0  indicate_semi.o(.text)
    i.Conver_intToStr                        0x0800025e   Section        0  gw_conver.o(i.Conver_intToStr)
    Conver_intToStr                          0x0800025f   Thumb Code   116  gw_conver.o(i.Conver_intToStr)
    i.Conver_reverse                         0x080002d2   Section        0  gw_conver.o(i.Conver_reverse)
    Conver_reverse                           0x080002d3   Thumb Code    28  gw_conver.o(i.Conver_reverse)
    i.GET_GPIO_PORT_Init                     0x080002f0   Section        0  gw_gpio.o(i.GET_GPIO_PORT_Init)
    GET_GPIO_PORT_Init                       0x080002f1   Thumb Code    54  gw_gpio.o(i.GET_GPIO_PORT_Init)
    i.GPIO_Init                              0x08000330   Section        0  stm32f10x_gpio.o(i.GPIO_Init)
    i.GPIO_PinRemapConfig                    0x08000448   Section        0  stm32f10x_gpio.o(i.GPIO_PinRemapConfig)
    i.GPIO_ResetBits                         0x080004d8   Section        0  stm32f10x_gpio.o(i.GPIO_ResetBits)
    i.GPIO_SetBits                           0x080004dc   Section        0  stm32f10x_gpio.o(i.GPIO_SetBits)
    i.Gw_Conver_FloatToStr                   0x080004e0   Section        0  gw_conver.o(i.Gw_Conver_FloatToStr)
    i.Gw_Conver_IntToStr                     0x080005b0   Section        0  gw_conver.o(i.Gw_Conver_IntToStr)
    i.Gw_Conver_StrToFloat                   0x08000628   Section        0  gw_conver.o(i.Gw_Conver_StrToFloat)
    i.Gw_Conver_StrToInt                     0x080006dc   Section        0  gw_conver.o(i.Gw_Conver_StrToInt)
    i.Gw_DELAY_Init                          0x08000720   Section        0  gw_delay.o(i.Gw_DELAY_Init)
    i.Gw_GPIO_Init                           0x08000760   Section        0  gw_gpio.o(i.Gw_GPIO_Init)
    i.Gw_GPIO_Set_ON                         0x0800076c   Section        0  gw_gpio.o(i.Gw_GPIO_Set_ON)
    i.Gw_Sys_Init                            0x080007d4   Section        0  gw_sys.o(i.Gw_Sys_Init)
    i.Gw_Sys_Run                             0x08000878   Section        0  gw_sys.o(i.Gw_Sys_Run)
    i.Gw_Uart1_SendChar                      0x0800087c   Section        0  gw_uart.o(i.Gw_Uart1_SendChar)
    i.Gw_Uart1_SendString                    0x08000898   Section        0  gw_uart.o(i.Gw_Uart1_SendString)
    i.Gw_Uart_Init1                          0x080008b0   Section        0  gw_uart.o(i.Gw_Uart_Init1)
    i.Gw_Uart_Init2                          0x08000928   Section        0  gw_uart.o(i.Gw_Uart_Init2)
    i.RCC_APB2PeriphClockCmd                 0x080009b8   Section        0  stm32f10x_rcc.o(i.RCC_APB2PeriphClockCmd)
    i.SET_GPIO_PORT_Init                     0x080009d8   Section        0  gw_gpio.o(i.SET_GPIO_PORT_Init)
    SET_GPIO_PORT_Init                       0x080009d9   Thumb Code    80  gw_gpio.o(i.SET_GPIO_PORT_Init)
    i.SetSysClock                            0x08000a34   Section        0  system_stm32f10x.o(i.SetSysClock)
    SetSysClock                              0x08000a35   Thumb Code     8  system_stm32f10x.o(i.SetSysClock)
    i.SetSysClockTo72                        0x08000a3c   Section        0  system_stm32f10x.o(i.SetSysClockTo72)
    SetSysClockTo72                          0x08000a3d   Thumb Code   214  system_stm32f10x.o(i.SetSysClockTo72)
    i.SystemInit                             0x08000b1c   Section        0  system_stm32f10x.o(i.SystemInit)
    i.USART1_IRQHandler                      0x08000b7c   Section        0  gw_uart.o(i.USART1_IRQHandler)
    i.USART2_IRQHandler                      0x08000bd0   Section        0  gw_uart.o(i.USART2_IRQHandler)
    i.USART3_IRQHandler                      0x08000c08   Section        0  gw_uart.o(i.USART3_IRQHandler)
    i.USART_ClearITPendingBit                0x08000c5c   Section        0  stm32f10x_usart.o(i.USART_ClearITPendingBit)
    i.USART_ReceiveData                      0x08000c7a   Section        0  stm32f10x_usart.o(i.USART_ReceiveData)
    i.Uart_Gpio_Control_RS485                0x08000c84   Section        0  gw_uart.o(i.Uart_Gpio_Control_RS485)
    Uart_Gpio_Control_RS485                  0x08000c85   Thumb Code    44  gw_uart.o(i.Uart_Gpio_Control_RS485)
    i.__ARM_fpclassify                       0x08000cb4   Section        0  fpclassify.o(i.__ARM_fpclassify)
    i.__NVIC_EnableIRQ                       0x08000cdc   Section        0  gw_uart.o(i.__NVIC_EnableIRQ)
    __NVIC_EnableIRQ                         0x08000cdd   Thumb Code    34  gw_uart.o(i.__NVIC_EnableIRQ)
    i.__kernel_poly                          0x08000cfe   Section        0  poly.o(i.__kernel_poly)
    i.__mathlib_dbl_divzero                  0x08000da8   Section        0  dunder.o(i.__mathlib_dbl_divzero)
    i.__mathlib_dbl_infnan2                  0x08000db8   Section        0  dunder.o(i.__mathlib_dbl_infnan2)
    i.__mathlib_dbl_invalid                  0x08000dbc   Section        0  dunder.o(i.__mathlib_dbl_invalid)
    i.__mathlib_dbl_overflow                 0x08000dc8   Section        0  dunder.o(i.__mathlib_dbl_overflow)
    i.__mathlib_dbl_underflow                0x08000dd8   Section        0  dunder.o(i.__mathlib_dbl_underflow)
    i.checksum                               0x08000de8   Section        0  gw_device_command.o(i.checksum)
    checksum                                 0x08000de9   Thumb Code    56  gw_device_command.o(i.checksum)
    i.comm_create_command                    0x08000e24   Section        0  gw_device_command.o(i.comm_create_command)
    i.comm_detect_command                    0x08001048   Section        0  gw_device_command.o(i.comm_detect_command)
    i.main                                   0x0800114c   Section        0  main.o(i.main)
    i.pow                                    0x08001158   Section        0  pow.o(i.pow)
    i.ringbuffer_full                        0x08001b30   Section        0  gw_ringbuffer.o(i.ringbuffer_full)
    ringbuffer_full                          0x08001b31   Thumb Code    30  gw_ringbuffer.o(i.ringbuffer_full)
    i.ringbuffer_increase_head               0x08001b4e   Section        0  gw_ringbuffer.o(i.ringbuffer_increase_head)
    ringbuffer_increase_head                 0x08001b4f   Thumb Code    18  gw_ringbuffer.o(i.ringbuffer_increase_head)
    i.ringbuffer_increase_tail               0x08001b60   Section        0  gw_ringbuffer.o(i.ringbuffer_increase_tail)
    ringbuffer_increase_tail                 0x08001b61   Thumb Code    18  gw_ringbuffer.o(i.ringbuffer_increase_tail)
    i.ringbuffer_init                        0x08001b72   Section        0  gw_ringbuffer.o(i.ringbuffer_init)
    i.ringbuffer_push                        0x08001b8a   Section        0  gw_ringbuffer.o(i.ringbuffer_push)
    i.sqrt                                   0x08001bb0   Section        0  sqrt.o(i.sqrt)
    i.string_cat                             0x08001bfc   Section        0  gw_device_command.o(i.string_cat)
    string_cat                               0x08001bfd   Thumb Code    30  gw_device_command.o(i.string_cat)
    i.string_cmp_len                         0x08001c1a   Section        0  gw_device_command.o(i.string_cmp_len)
    string_cmp_len                           0x08001c1b   Thumb Code    34  gw_device_command.o(i.string_cmp_len)
    i.string_copy                            0x08001c3c   Section        0  gw_device_command.o(i.string_copy)
    string_copy                              0x08001c3d   Thumb Code    42  gw_device_command.o(i.string_copy)
    i.string_crc                             0x08001c68   Section        0  gw_device_command.o(i.string_crc)
    string_crc                               0x08001c69   Thumb Code    54  gw_device_command.o(i.string_crc)
    i.string_length                          0x08001ca4   Section        0  gw_device_command.o(i.string_length)
    string_length                            0x08001ca5   Thumb Code    18  gw_device_command.o(i.string_length)
    i.string_split                           0x08001cb6   Section        0  gw_device_command.o(i.string_split)
    string_split                             0x08001cb7   Thumb Code   126  gw_device_command.o(i.string_split)
    x$fpl$d2f                                0x08001d34   Section       98  d2f.o(x$fpl$d2f)
    x$fpl$dadd                               0x08001d98   Section      336  daddsub_clz.o(x$fpl$dadd)
    _dadd1                                   0x08001da9   Thumb Code     0  daddsub_clz.o(x$fpl$dadd)
    x$fpl$dcheck1                            0x08001ee8   Section       16  dcheck1.o(x$fpl$dcheck1)
    x$fpl$dcmpinf                            0x08001ef8   Section       24  dcmpi.o(x$fpl$dcmpinf)
    x$fpl$ddiv                               0x08001f10   Section      688  ddiv.o(x$fpl$ddiv)
    ddiv_entry                               0x08001f17   Thumb Code     0  ddiv.o(x$fpl$ddiv)
    x$fpl$dflt                               0x080021c0   Section       46  dflt_clz.o(x$fpl$dflt)
    x$fpl$dfltu                              0x080021ee   Section       38  dflt_clz.o(x$fpl$dfltu)
    x$fpl$dleqf                              0x08002214   Section      120  dleqf.o(x$fpl$dleqf)
    x$fpl$dmul                               0x0800228c   Section      340  dmul.o(x$fpl$dmul)
    x$fpl$dnaninf                            0x080023e0   Section      156  dnaninf.o(x$fpl$dnaninf)
    x$fpl$dretinf                            0x0800247c   Section       12  dretinf.o(x$fpl$dretinf)
    x$fpl$drleqf                             0x08002488   Section      108  drleqf.o(x$fpl$drleqf)
    x$fpl$drsb                               0x080024f4   Section       22  daddsub_clz.o(x$fpl$drsb)
    x$fpl$dsqrt                              0x0800250c   Section      460  dsqrt_noumaal.o(x$fpl$dsqrt)
    x$fpl$dsub                               0x080026d8   Section      468  daddsub_clz.o(x$fpl$dsub)
    _dsub1                                   0x080026e9   Thumb Code     0  daddsub_clz.o(x$fpl$dsub)
    x$fpl$f2d                                0x080028ac   Section       86  f2d.o(x$fpl$f2d)
    x$fpl$fadd                               0x08002904   Section      196  faddsub_clz.o(x$fpl$fadd)
    _fadd1                                   0x08002913   Thumb Code     0  faddsub_clz.o(x$fpl$fadd)
    x$fpl$fcmpinf                            0x080029c8   Section       24  fcmpi.o(x$fpl$fcmpinf)
    x$fpl$fdiv                               0x080029e0   Section      388  fdiv.o(x$fpl$fdiv)
    _fdiv1                                   0x080029e1   Thumb Code     0  fdiv.o(x$fpl$fdiv)
    x$fpl$ffix                               0x08002b64   Section       54  ffix.o(x$fpl$ffix)
    x$fpl$fflt                               0x08002b9c   Section       48  fflt_clz.o(x$fpl$fflt)
    x$fpl$fleqf                              0x08002bcc   Section      104  fleqf.o(x$fpl$fleqf)
    x$fpl$fmul                               0x08002c34   Section      258  fmul.o(x$fpl$fmul)
    x$fpl$fnaninf                            0x08002d36   Section      140  fnaninf.o(x$fpl$fnaninf)
    x$fpl$fretinf                            0x08002dc2   Section       10  fretinf.o(x$fpl$fretinf)
    x$fpl$frsb                               0x08002dcc   Section       20  faddsub_clz.o(x$fpl$frsb)
    x$fpl$fsub                               0x08002de0   Section      234  faddsub_clz.o(x$fpl$fsub)
    _fsub1                                   0x08002def   Thumb Code     0  faddsub_clz.o(x$fpl$fsub)
    x$fpl$retnan                             0x08002eca   Section      100  retnan.o(x$fpl$retnan)
    x$fpl$scalbn                             0x08002f2e   Section       92  scalbn.o(x$fpl$scalbn)
    x$fpl$trapveneer                         0x08002f8a   Section       48  trapv.o(x$fpl$trapveneer)
    x$fpl$usenofp                            0x08002fba   Section        0  usenofp.o(x$fpl$usenofp)
    .constdata                               0x08002fc0   Section      136  pow.o(.constdata)
    bp                                       0x08002fc0   Data          16  pow.o(.constdata)
    dp_h                                     0x08002fd0   Data          16  pow.o(.constdata)
    dp_l                                     0x08002fe0   Data          16  pow.o(.constdata)
    L                                        0x08002ff0   Data          48  pow.o(.constdata)
    P                                        0x08003020   Data          40  pow.o(.constdata)
    .constdata                               0x08003048   Section        8  qnan.o(.constdata)
    .data                                    0x20000000   Section        4  gw_delay.o(.data)
    fac_us                                   0x20000000   Data           1  gw_delay.o(.data)
    fac_ms                                   0x20000002   Data           2  gw_delay.o(.data)
    .data                                    0x20000004   Section       10  gw_uart.o(.data)
    .data                                    0x2000000e   Section        1  gw_device_command.o(.data)
    tempcrc                                  0x2000000e   Data           1  gw_device_command.o(.data)
    .data                                    0x20000010   Section       20  system_stm32f10x.o(.data)
    .bss                                     0x20000024   Section       30  gw_conver.o(.bss)
    str                                      0x20000024   Data          10  gw_conver.o(.bss)
    str                                      0x2000002e   Data          20  gw_conver.o(.bss)
    .bss                                     0x20000044   Section      168  gw_uart.o(.bss)
    .bss                                     0x200000ec   Section       96  libspace.o(.bss)
    HEAP                                     0x20000150   Section      512  startup_stm32f10x_md.o(HEAP)
    Heap_Mem                                 0x20000150   Data         512  startup_stm32f10x_md.o(HEAP)
    STACK                                    0x20000350   Section     1024  startup_stm32f10x_md.o(STACK)
    Stack_Mem                                0x20000350   Data        1024  startup_stm32f10x_md.o(STACK)
    __initial_sp                             0x20000750   Data           0  startup_stm32f10x_md.o(STACK)

    Global Symbols

    Symbol Name                              Value     Ov Type        Size  Object(Section)

    BuildAttributes$$THM_ISAv4$P$D$K$B$S$PE$A:L22UL41UL21$X:L11$S22US41US21$IEEE1$IW$USESV6$~STKCKD$USESV7$~SHL$OTIME$ROPI$IEEEX$EBA8$UX$STANDARDLIB$REQ8$PRES8$EABIv2 0x00000000   Number         0  anon$$obj.o ABSOLUTE
    __ARM_use_no_argv                        0x00000000   Number         0  main.o ABSOLUTE
    __ARM_exceptions_init                     - Undefined Weak Reference
    __alloca_initialize                       - Undefined Weak Reference
    __arm_fini_                               - Undefined Weak Reference
    __arm_preinit_                            - Undefined Weak Reference
    __cpp_initialize__aeabi_                  - Undefined Weak Reference
    __cxa_finalize                            - Undefined Weak Reference
    __rt_locale                               - Undefined Weak Reference
    __sigvec_lookup                           - Undefined Weak Reference
    _atexit_init                              - Undefined Weak Reference
    _call_atexit_fns                          - Undefined Weak Reference
    _clock_init                               - Undefined Weak Reference
    _fp_trap_init                             - Undefined Weak Reference
    _fp_trap_shutdown                         - Undefined Weak Reference
    _get_lc_collate                           - Undefined Weak Reference
    _get_lc_ctype                             - Undefined Weak Reference
    _get_lc_monetary                          - Undefined Weak Reference
    _get_lc_numeric                           - Undefined Weak Reference
    _get_lc_time                              - Undefined Weak Reference
    _getenv_init                              - Undefined Weak Reference
    _handle_redirection                       - Undefined Weak Reference
    _init_alloc                               - Undefined Weak Reference
    _init_user_alloc                          - Undefined Weak Reference
    _initio                                   - Undefined Weak Reference
    _rand_init                                - Undefined Weak Reference
    _signal_finish                            - Undefined Weak Reference
    _signal_init                              - Undefined Weak Reference
    _terminate_alloc                          - Undefined Weak Reference
    _terminate_user_alloc                     - Undefined Weak Reference
    _terminateio                              - Undefined Weak Reference
    __Vectors_Size                           0x000000ec   Number         0  startup_stm32f10x_md.o ABSOLUTE
    __Vectors                                0x08000000   Data           4  startup_stm32f10x_md.o(RESET)
    __Vectors_End                            0x080000ec   Data           0  startup_stm32f10x_md.o(RESET)
    __main                                   0x080000ed   Thumb Code     8  __main.o(!!!main)
    __scatterload                            0x080000f5   Thumb Code     0  __scatter.o(!!!scatter)
    __scatterload_rt2                        0x080000f5   Thumb Code    44  __scatter.o(!!!scatter)
    __scatterload_rt2_thumb_only             0x080000f5   Thumb Code     0  __scatter.o(!!!scatter)
    __scatterload_null                       0x08000103   Thumb Code     0  __scatter.o(!!!scatter)
    __scatterload_copy                       0x08000129   Thumb Code    26  __scatter_copy.o(!!handler_copy)
    __scatterload_zeroinit                   0x08000145   Thumb Code    28  __scatter_zi.o(!!handler_zi)
    __rt_lib_init                            0x08000161   Thumb Code     0  libinit.o(.ARM.Collect$$libinit$$00000000)
    __rt_lib_init_alloca_1                   0x08000163   Thumb Code     0  libinit2.o(.ARM.Collect$$libinit$$0000002E)
    __rt_lib_init_argv_1                     0x08000163   Thumb Code     0  libinit2.o(.ARM.Collect$$libinit$$0000002C)
    __rt_lib_init_atexit_1                   0x08000163   Thumb Code     0  libinit2.o(.ARM.Collect$$libinit$$0000001B)
    __rt_lib_init_clock_1                    0x08000163   Thumb Code     0  libinit2.o(.ARM.Collect$$libinit$$00000021)
    __rt_lib_init_cpp_1                      0x08000163   Thumb Code     0  libinit2.o(.ARM.Collect$$libinit$$00000032)
    __rt_lib_init_exceptions_1               0x08000163   Thumb Code     0  libinit2.o(.ARM.Collect$$libinit$$00000030)
    __rt_lib_init_fp_1                       0x08000163   Thumb Code     0  libinit2.o(.ARM.Collect$$libinit$$00000002)
    __rt_lib_init_fp_trap_1                  0x08000163   Thumb Code     0  libinit2.o(.ARM.Collect$$libinit$$0000001F)
    __rt_lib_init_getenv_1                   0x08000163   Thumb Code     0  libinit2.o(.ARM.Collect$$libinit$$00000023)
    __rt_lib_init_heap_1                     0x08000163   Thumb Code     0  libinit2.o(.ARM.Collect$$libinit$$0000000A)
    __rt_lib_init_lc_collate_1               0x08000163   Thumb Code     0  libinit2.o(.ARM.Collect$$libinit$$00000011)
    __rt_lib_init_lc_ctype_1                 0x08000163   Thumb Code     0  libinit2.o(.ARM.Collect$$libinit$$00000013)
    __rt_lib_init_lc_monetary_1              0x08000163   Thumb Code     0  libinit2.o(.ARM.Collect$$libinit$$00000015)
    __rt_lib_init_lc_numeric_1               0x08000163   Thumb Code     0  libinit2.o(.ARM.Collect$$libinit$$00000017)
    __rt_lib_init_lc_time_1                  0x08000163   Thumb Code     0  libinit2.o(.ARM.Collect$$libinit$$00000019)
    __rt_lib_init_preinit_1                  0x08000163   Thumb Code     0  libinit2.o(.ARM.Collect$$libinit$$00000004)
    __rt_lib_init_rand_1                     0x08000163   Thumb Code     0  libinit2.o(.ARM.Collect$$libinit$$0000000E)
    __rt_lib_init_return                     0x08000163   Thumb Code     0  libinit2.o(.ARM.Collect$$libinit$$00000033)
    __rt_lib_init_signal_1                   0x08000163   Thumb Code     0  libinit2.o(.ARM.Collect$$libinit$$0000001D)
    __rt_lib_init_stdio_1                    0x08000163   Thumb Code     0  libinit2.o(.ARM.Collect$$libinit$$00000025)
    __rt_lib_init_user_alloc_1               0x08000163   Thumb Code     0  libinit2.o(.ARM.Collect$$libinit$$0000000C)
    __rt_lib_shutdown                        0x08000165   Thumb Code     0  libshutdown.o(.ARM.Collect$$libshutdown$$00000000)
    __rt_lib_shutdown_cpp_1                  0x08000167   Thumb Code     0  libshutdown2.o(.ARM.Collect$$libshutdown$$00000004)
    __rt_lib_shutdown_fini_1                 0x08000167   Thumb Code     0  libshutdown2.o(.ARM.Collect$$libshutdown$$00000002)
    __rt_lib_shutdown_fp_trap_1              0x08000167   Thumb Code     0  libshutdown2.o(.ARM.Collect$$libshutdown$$00000009)
    __rt_lib_shutdown_heap_1                 0x08000167   Thumb Code     0  libshutdown2.o(.ARM.Collect$$libshutdown$$00000011)
    __rt_lib_shutdown_return                 0x08000167   Thumb Code     0  libshutdown2.o(.ARM.Collect$$libshutdown$$00000012)
    __rt_lib_shutdown_signal_1               0x08000167   Thumb Code     0  libshutdown2.o(.ARM.Collect$$libshutdown$$0000000C)
    __rt_lib_shutdown_stdio_1                0x08000167   Thumb Code     0  libshutdown2.o(.ARM.Collect$$libshutdown$$00000006)
    __rt_lib_shutdown_user_alloc_1           0x08000167   Thumb Code     0  libshutdown2.o(.ARM.Collect$$libshutdown$$0000000E)
    __rt_entry                               0x08000169   Thumb Code     0  __rtentry.o(.ARM.Collect$$rtentry$$00000000)
    __rt_entry_presh_1                       0x08000169   Thumb Code     0  __rtentry2.o(.ARM.Collect$$rtentry$$00000002)
    __rt_entry_sh                            0x08000169   Thumb Code     0  __rtentry4.o(.ARM.Collect$$rtentry$$00000004)
    __rt_entry_li                            0x0800016f   Thumb Code     0  __rtentry2.o(.ARM.Collect$$rtentry$$0000000A)
    __rt_entry_postsh_1                      0x0800016f   Thumb Code     0  __rtentry2.o(.ARM.Collect$$rtentry$$00000009)
    __rt_entry_main                          0x08000173   Thumb Code     0  __rtentry2.o(.ARM.Collect$$rtentry$$0000000D)
    __rt_entry_postli_1                      0x08000173   Thumb Code     0  __rtentry2.o(.ARM.Collect$$rtentry$$0000000C)
    __rt_exit                                0x0800017b   Thumb Code     0  rtexit.o(.ARM.Collect$$rtexit$$00000000)
    __rt_exit_ls                             0x0800017d   Thumb Code     0  rtexit2.o(.ARM.Collect$$rtexit$$00000003)
    __rt_exit_prels_1                        0x0800017d   Thumb Code     0  rtexit2.o(.ARM.Collect$$rtexit$$00000002)
    __rt_exit_exit                           0x08000181   Thumb Code     0  rtexit2.o(.ARM.Collect$$rtexit$$00000004)
    Reset_Handler                            0x08000189   Thumb Code     8  startup_stm32f10x_md.o(.text)
    NMI_Handler                              0x08000191   Thumb Code     2  startup_stm32f10x_md.o(.text)
    HardFault_Handler                        0x08000193   Thumb Code     2  startup_stm32f10x_md.o(.text)
    MemManage_Handler                        0x08000195   Thumb Code     2  startup_stm32f10x_md.o(.text)
    BusFault_Handler                         0x08000197   Thumb Code     2  startup_stm32f10x_md.o(.text)
    UsageFault_Handler                       0x08000199   Thumb Code     2  startup_stm32f10x_md.o(.text)
    SVC_Handler                              0x0800019b   Thumb Code     2  startup_stm32f10x_md.o(.text)
    DebugMon_Handler                         0x0800019d   Thumb Code     2  startup_stm32f10x_md.o(.text)
    PendSV_Handler                           0x0800019f   Thumb Code     2  startup_stm32f10x_md.o(.text)
    SysTick_Handler                          0x080001a1   Thumb Code     2  startup_stm32f10x_md.o(.text)
    ADC1_2_IRQHandler                        0x080001a3   Thumb Code     0  startup_stm32f10x_md.o(.text)
    CAN1_RX1_IRQHandler                      0x080001a3   Thumb Code     0  startup_stm32f10x_md.o(.text)
    CAN1_SCE_IRQHandler                      0x080001a3   Thumb Code     0  startup_stm32f10x_md.o(.text)
    DMA1_Channel1_IRQHandler                 0x080001a3   Thumb Code     0  startup_stm32f10x_md.o(.text)
    DMA1_Channel2_IRQHandler                 0x080001a3   Thumb Code     0  startup_stm32f10x_md.o(.text)
    DMA1_Channel3_IRQHandler                 0x080001a3   Thumb Code     0  startup_stm32f10x_md.o(.text)
    DMA1_Channel4_IRQHandler                 0x080001a3   Thumb Code     0  startup_stm32f10x_md.o(.text)
    DMA1_Channel5_IRQHandler                 0x080001a3   Thumb Code     0  startup_stm32f10x_md.o(.text)
    DMA1_Channel6_IRQHandler                 0x080001a3   Thumb Code     0  startup_stm32f10x_md.o(.text)
    DMA1_Channel7_IRQHandler                 0x080001a3   Thumb Code     0  startup_stm32f10x_md.o(.text)
    EXTI0_IRQHandler                         0x080001a3   Thumb Code     0  startup_stm32f10x_md.o(.text)
    EXTI15_10_IRQHandler                     0x080001a3   Thumb Code     0  startup_stm32f10x_md.o(.text)
    EXTI1_IRQHandler                         0x080001a3   Thumb Code     0  startup_stm32f10x_md.o(.text)
    EXTI2_IRQHandler                         0x080001a3   Thumb Code     0  startup_stm32f10x_md.o(.text)
    EXTI3_IRQHandler                         0x080001a3   Thumb Code     0  startup_stm32f10x_md.o(.text)
    EXTI4_IRQHandler                         0x080001a3   Thumb Code     0  startup_stm32f10x_md.o(.text)
    EXTI9_5_IRQHandler                       0x080001a3   Thumb Code     0  startup_stm32f10x_md.o(.text)
    FLASH_IRQHandler                         0x080001a3   Thumb Code     0  startup_stm32f10x_md.o(.text)
    I2C1_ER_IRQHandler                       0x080001a3   Thumb Code     0  startup_stm32f10x_md.o(.text)
    I2C1_EV_IRQHandler                       0x080001a3   Thumb Code     0  startup_stm32f10x_md.o(.text)
    I2C2_ER_IRQHandler                       0x080001a3   Thumb Code     0  startup_stm32f10x_md.o(.text)
    I2C2_EV_IRQHandler                       0x080001a3   Thumb Code     0  startup_stm32f10x_md.o(.text)
    PVD_IRQHandler                           0x080001a3   Thumb Code     0  startup_stm32f10x_md.o(.text)
    RCC_IRQHandler                           0x080001a3   Thumb Code     0  startup_stm32f10x_md.o(.text)
    RTCAlarm_IRQHandler                      0x080001a3   Thumb Code     0  startup_stm32f10x_md.o(.text)
    RTC_IRQHandler                           0x080001a3   Thumb Code     0  startup_stm32f10x_md.o(.text)
    SPI1_IRQHandler                          0x080001a3   Thumb Code     0  startup_stm32f10x_md.o(.text)
    SPI2_IRQHandler                          0x080001a3   Thumb Code     0  startup_stm32f10x_md.o(.text)
    TAMPER_IRQHandler                        0x080001a3   Thumb Code     0  startup_stm32f10x_md.o(.text)
    TIM1_BRK_IRQHandler                      0x080001a3   Thumb Code     0  startup_stm32f10x_md.o(.text)
    TIM1_CC_IRQHandler                       0x080001a3   Thumb Code     0  startup_stm32f10x_md.o(.text)
    TIM1_TRG_COM_IRQHandler                  0x080001a3   Thumb Code     0  startup_stm32f10x_md.o(.text)
    TIM1_UP_IRQHandler                       0x080001a3   Thumb Code     0  startup_stm32f10x_md.o(.text)
    TIM2_IRQHandler                          0x080001a3   Thumb Code     0  startup_stm32f10x_md.o(.text)
    TIM3_IRQHandler                          0x080001a3   Thumb Code     0  startup_stm32f10x_md.o(.text)
    TIM4_IRQHandler                          0x080001a3   Thumb Code     0  startup_stm32f10x_md.o(.text)
    USBWakeUp_IRQHandler                     0x080001a3   Thumb Code     0  startup_stm32f10x_md.o(.text)
    USB_HP_CAN1_TX_IRQHandler                0x080001a3   Thumb Code     0  startup_stm32f10x_md.o(.text)
    USB_LP_CAN1_RX0_IRQHandler               0x080001a3   Thumb Code     0  startup_stm32f10x_md.o(.text)
    WWDG_IRQHandler                          0x080001a3   Thumb Code     0  startup_stm32f10x_md.o(.text)
    __user_initial_stackheap                 0x080001a5   Thumb Code     0  startup_stm32f10x_md.o(.text)
    __use_two_region_memory                  0x080001c9   Thumb Code     2  heapauxi.o(.text)
    __rt_heap_escrow$2region                 0x080001cb   Thumb Code     2  heapauxi.o(.text)
    __rt_heap_expand$2region                 0x080001cd   Thumb Code     2  heapauxi.o(.text)
    __read_errno                             0x080001cf   Thumb Code    10  _rserrno.o(.text)
    __set_errno                              0x080001d9   Thumb Code    12  _rserrno.o(.text)
    __aeabi_errno_addr                       0x080001e5   Thumb Code     8  rt_errno_addr_intlibspace.o(.text)
    __errno$intlibspace                      0x080001e5   Thumb Code     0  rt_errno_addr_intlibspace.o(.text)
    __rt_errno_addr$intlibspace              0x080001e5   Thumb Code     0  rt_errno_addr_intlibspace.o(.text)
    __user_libspace                          0x080001ed   Thumb Code     8  libspace.o(.text)
    __user_perproc_libspace                  0x080001ed   Thumb Code     0  libspace.o(.text)
    __user_perthread_libspace                0x080001ed   Thumb Code     0  libspace.o(.text)
    __user_setup_stackheap                   0x080001f5   Thumb Code    74  sys_stackheap_outer.o(.text)
    exit                                     0x0800023f   Thumb Code    18  exit.o(.text)
    _sys_exit                                0x08000251   Thumb Code     8  sys_exit.o(.text)
    __I$use$semihosting                      0x0800025d   Thumb Code     0  use_no_semi.o(.text)
    __use_no_semihosting_swi                 0x0800025d   Thumb Code     2  use_no_semi.o(.text)
    __semihosting_library_function           0x0800025f   Thumb Code     0  indicate_semi.o(.text)
    GPIO_Init                                0x08000331   Thumb Code   278  stm32f10x_gpio.o(i.GPIO_Init)
    GPIO_PinRemapConfig                      0x08000449   Thumb Code   138  stm32f10x_gpio.o(i.GPIO_PinRemapConfig)
    GPIO_ResetBits                           0x080004d9   Thumb Code     4  stm32f10x_gpio.o(i.GPIO_ResetBits)
    GPIO_SetBits                             0x080004dd   Thumb Code     4  stm32f10x_gpio.o(i.GPIO_SetBits)
    Gw_Conver_FloatToStr                     0x080004e1   Thumb Code   196  gw_conver.o(i.Gw_Conver_FloatToStr)
    Gw_Conver_IntToStr                       0x080005b1   Thumb Code   116  gw_conver.o(i.Gw_Conver_IntToStr)
    Gw_Conver_StrToFloat                     0x08000629   Thumb Code   172  gw_conver.o(i.Gw_Conver_StrToFloat)
    Gw_Conver_StrToInt                       0x080006dd   Thumb Code    68  gw_conver.o(i.Gw_Conver_StrToInt)
    Gw_DELAY_Init                            0x08000721   Thumb Code    56  gw_delay.o(i.Gw_DELAY_Init)
    Gw_GPIO_Init                             0x08000761   Thumb Code    12  gw_gpio.o(i.Gw_GPIO_Init)
    Gw_GPIO_Set_ON                           0x0800076d   Thumb Code    96  gw_gpio.o(i.Gw_GPIO_Set_ON)
    Gw_Sys_Init                              0x080007d5   Thumb Code   146  gw_sys.o(i.Gw_Sys_Init)
    Gw_Sys_Run                               0x08000879   Thumb Code     2  gw_sys.o(i.Gw_Sys_Run)
    Gw_Uart1_SendChar                        0x0800087d   Thumb Code    24  gw_uart.o(i.Gw_Uart1_SendChar)
    Gw_Uart1_SendString                      0x08000899   Thumb Code    22  gw_uart.o(i.Gw_Uart1_SendString)
    Gw_Uart_Init1                            0x080008b1   Thumb Code   102  gw_uart.o(i.Gw_Uart_Init1)
    Gw_Uart_Init2                            0x08000929   Thumb Code   118  gw_uart.o(i.Gw_Uart_Init2)
    RCC_APB2PeriphClockCmd                   0x080009b9   Thumb Code    26  stm32f10x_rcc.o(i.RCC_APB2PeriphClockCmd)
    SystemInit                               0x08000b1d   Thumb Code    78  system_stm32f10x.o(i.SystemInit)
    USART1_IRQHandler                        0x08000b7d   Thumb Code    66  gw_uart.o(i.USART1_IRQHandler)
    USART2_IRQHandler                        0x08000bd1   Thumb Code    44  gw_uart.o(i.USART2_IRQHandler)
    USART3_IRQHandler                        0x08000c09   Thumb Code    66  gw_uart.o(i.USART3_IRQHandler)
    USART_ClearITPendingBit                  0x08000c5d   Thumb Code    30  stm32f10x_usart.o(i.USART_ClearITPendingBit)
    USART_ReceiveData                        0x08000c7b   Thumb Code    10  stm32f10x_usart.o(i.USART_ReceiveData)
    __ARM_fpclassify                         0x08000cb5   Thumb Code    40  fpclassify.o(i.__ARM_fpclassify)
    __kernel_poly                            0x08000cff   Thumb Code   170  poly.o(i.__kernel_poly)
    __mathlib_dbl_divzero                    0x08000da9   Thumb Code    12  dunder.o(i.__mathlib_dbl_divzero)
    __mathlib_dbl_infnan2                    0x08000db9   Thumb Code     4  dunder.o(i.__mathlib_dbl_infnan2)
    __mathlib_dbl_invalid                    0x08000dbd   Thumb Code    12  dunder.o(i.__mathlib_dbl_invalid)
    __mathlib_dbl_overflow                   0x08000dc9   Thumb Code    14  dunder.o(i.__mathlib_dbl_overflow)
    __mathlib_dbl_underflow                  0x08000dd9   Thumb Code    10  dunder.o(i.__mathlib_dbl_underflow)
    comm_create_command                      0x08000e25   Thumb Code   534  gw_device_command.o(i.comm_create_command)
    comm_detect_command                      0x08001049   Thumb Code   252  gw_device_command.o(i.comm_detect_command)
    main                                     0x0800114d   Thumb Code    12  main.o(i.main)
    pow                                      0x08001159   Thumb Code  2512  pow.o(i.pow)
    ringbuffer_init                          0x08001b73   Thumb Code    24  gw_ringbuffer.o(i.ringbuffer_init)
    ringbuffer_push                          0x08001b8b   Thumb Code    38  gw_ringbuffer.o(i.ringbuffer_push)
    sqrt                                     0x08001bb1   Thumb Code    76  sqrt.o(i.sqrt)
    __aeabi_d2f                              0x08001d35   Thumb Code     0  d2f.o(x$fpl$d2f)
    _d2f                                     0x08001d35   Thumb Code    98  d2f.o(x$fpl$d2f)
    __aeabi_dadd                             0x08001d99   Thumb Code     0  daddsub_clz.o(x$fpl$dadd)
    _dadd                                    0x08001d99   Thumb Code   332  daddsub_clz.o(x$fpl$dadd)
    __fpl_dcheck_NaN1                        0x08001ee9   Thumb Code    10  dcheck1.o(x$fpl$dcheck1)
    __fpl_dcmp_Inf                           0x08001ef9   Thumb Code    24  dcmpi.o(x$fpl$dcmpinf)
    __aeabi_ddiv                             0x08001f11   Thumb Code     0  ddiv.o(x$fpl$ddiv)
    _ddiv                                    0x08001f11   Thumb Code   552  ddiv.o(x$fpl$ddiv)
    __aeabi_i2d                              0x080021c1   Thumb Code     0  dflt_clz.o(x$fpl$dflt)
    _dflt                                    0x080021c1   Thumb Code    46  dflt_clz.o(x$fpl$dflt)
    __aeabi_ui2d                             0x080021ef   Thumb Code     0  dflt_clz.o(x$fpl$dfltu)
    _dfltu                                   0x080021ef   Thumb Code    38  dflt_clz.o(x$fpl$dfltu)
    __aeabi_cdcmple                          0x08002215   Thumb Code     0  dleqf.o(x$fpl$dleqf)
    _dcmple                                  0x08002215   Thumb Code   120  dleqf.o(x$fpl$dleqf)
    __fpl_dcmple_InfNaN                      0x08002277   Thumb Code     0  dleqf.o(x$fpl$dleqf)
    __aeabi_dmul                             0x0800228d   Thumb Code     0  dmul.o(x$fpl$dmul)
    _dmul                                    0x0800228d   Thumb Code   332  dmul.o(x$fpl$dmul)
    __fpl_dnaninf                            0x080023e1   Thumb Code   156  dnaninf.o(x$fpl$dnaninf)
    __fpl_dretinf                            0x0800247d   Thumb Code    12  dretinf.o(x$fpl$dretinf)
    __aeabi_cdrcmple                         0x08002489   Thumb Code     0  drleqf.o(x$fpl$drleqf)
    _drcmple                                 0x08002489   Thumb Code   108  drleqf.o(x$fpl$drleqf)
    __aeabi_drsub                            0x080024f5   Thumb Code     0  daddsub_clz.o(x$fpl$drsb)
    _drsb                                    0x080024f5   Thumb Code    22  daddsub_clz.o(x$fpl$drsb)
    _dsqrt                                   0x0800250d   Thumb Code   456  dsqrt_noumaal.o(x$fpl$dsqrt)
    __aeabi_dsub                             0x080026d9   Thumb Code     0  daddsub_clz.o(x$fpl$dsub)
    _dsub                                    0x080026d9   Thumb Code   464  daddsub_clz.o(x$fpl$dsub)
    __aeabi_f2d                              0x080028ad   Thumb Code     0  f2d.o(x$fpl$f2d)
    _f2d                                     0x080028ad   Thumb Code    86  f2d.o(x$fpl$f2d)
    __aeabi_fadd                             0x08002905   Thumb Code     0  faddsub_clz.o(x$fpl$fadd)
    _fadd                                    0x08002905   Thumb Code   196  faddsub_clz.o(x$fpl$fadd)
    __fpl_fcmp_Inf                           0x080029c9   Thumb Code    24  fcmpi.o(x$fpl$fcmpinf)
    __aeabi_fdiv                             0x080029e1   Thumb Code     0  fdiv.o(x$fpl$fdiv)
    _fdiv                                    0x080029e1   Thumb Code   384  fdiv.o(x$fpl$fdiv)
    __aeabi_f2iz                             0x08002b65   Thumb Code     0  ffix.o(x$fpl$ffix)
    _ffix                                    0x08002b65   Thumb Code    54  ffix.o(x$fpl$ffix)
    __aeabi_i2f                              0x08002b9d   Thumb Code     0  fflt_clz.o(x$fpl$fflt)
    _fflt                                    0x08002b9d   Thumb Code    48  fflt_clz.o(x$fpl$fflt)
    __aeabi_cfcmple                          0x08002bcd   Thumb Code     0  fleqf.o(x$fpl$fleqf)
    _fcmple                                  0x08002bcd   Thumb Code   104  fleqf.o(x$fpl$fleqf)
    __fpl_fcmple_InfNaN                      0x08002c1f   Thumb Code     0  fleqf.o(x$fpl$fleqf)
    __aeabi_fmul                             0x08002c35   Thumb Code     0  fmul.o(x$fpl$fmul)
    _fmul                                    0x08002c35   Thumb Code   258  fmul.o(x$fpl$fmul)
    __fpl_fnaninf                            0x08002d37   Thumb Code   140  fnaninf.o(x$fpl$fnaninf)
    __fpl_fretinf                            0x08002dc3   Thumb Code    10  fretinf.o(x$fpl$fretinf)
    __aeabi_frsub                            0x08002dcd   Thumb Code     0  faddsub_clz.o(x$fpl$frsb)
    _frsb                                    0x08002dcd   Thumb Code    20  faddsub_clz.o(x$fpl$frsb)
    __aeabi_fsub                             0x08002de1   Thumb Code     0  faddsub_clz.o(x$fpl$fsub)
    _fsub                                    0x08002de1   Thumb Code   234  faddsub_clz.o(x$fpl$fsub)
    __fpl_return_NaN                         0x08002ecb   Thumb Code   100  retnan.o(x$fpl$retnan)
    __ARM_scalbn                             0x08002f2f   Thumb Code    92  scalbn.o(x$fpl$scalbn)
    __fpl_cmpreturn                          0x08002f8b   Thumb Code    48  trapv.o(x$fpl$trapveneer)
    __I$use$fp                               0x08002fba   Number         0  usenofp.o(x$fpl$usenofp)
    __mathlib_zero                           0x08003048   Data           8  qnan.o(.constdata)
    Region$$Table$$Base                      0x08003050   Number         0  anon$$obj.o(Region$$Table)
    Region$$Table$$Limit                     0x08003070   Number         0  anon$$obj.o(Region$$Table)
    __stdout                                 0x20000004   Data           4  gw_uart.o(.data)
    Flag1_Receive                            0x20000008   Data           1  gw_uart.o(.data)
    Count1_Data                              0x20000009   Data           1  gw_uart.o(.data)
    Flag2_Receive                            0x2000000a   Data           1  gw_uart.o(.data)
    Count2_Data                              0x2000000b   Data           1  gw_uart.o(.data)
    Flag3_Receive                            0x2000000c   Data           1  gw_uart.o(.data)
    Count3_Data                              0x2000000d   Data           1  gw_uart.o(.data)
    SystemCoreClock                          0x20000010   Data           4  system_stm32f10x.o(.data)
    AHBPrescTable                            0x20000014   Data          16  system_stm32f10x.o(.data)
    Array1_Receive                           0x20000044   Data          50  gw_uart.o(.bss)
    Array2_Receive                           0x20000076   Data          50  gw_uart.o(.bss)
    Array3_Receive                           0x200000a8   Data          50  gw_uart.o(.bss)
    ringbuffer_Test                          0x200000dc   Data          16  gw_uart.o(.bss)
    __libspace_start                         0x200000ec   Data          96  libspace.o(.bss)
    __temporary_stack_top$libspace           0x2000014c   Data           0  libspace.o(.bss)



==============================================================================

Memory Map of the image

  Image Entry point : 0x080000ed

  Load Region LR_IROM1 (Base: 0x08000000, Size: 0x00003094, Max: 0x00010000, ABSOLUTE)

    Execution Region ER_IROM1 (Exec base: 0x08000000, Load base: 0x08000000, Size: 0x00003070, Max: 0x00010000, ABSOLUTE)

    Exec Addr    Load Addr    Size         Type   Attr      Idx    E Section Name        Object

    0x08000000   0x08000000   0x000000ec   Data   RO         1689    RESET               startup_stm32f10x_md.o
    0x080000ec   0x080000ec   0x00000008   Code   RO         1744  * !!!main             c_w.l(__main.o)
    0x080000f4   0x080000f4   0x00000034   Code   RO         2020    !!!scatter          c_w.l(__scatter.o)
    0x08000128   0x08000128   0x0000001a   Code   RO         2022    !!handler_copy      c_w.l(__scatter_copy.o)
    0x08000142   0x08000142   0x00000002   PAD
    0x08000144   0x08000144   0x0000001c   Code   RO         2024    !!handler_zi        c_w.l(__scatter_zi.o)
    0x08000160   0x08000160   0x00000002   Code   RO         1885    .ARM.Collect$$libinit$$00000000  c_w.l(libinit.o)
    0x08000162   0x08000162   0x00000000   Code   RO         1893    .ARM.Collect$$libinit$$00000002  c_w.l(libinit2.o)
    0x08000162   0x08000162   0x00000000   Code   RO         1895    .ARM.Collect$$libinit$$00000004  c_w.l(libinit2.o)
    0x08000162   0x08000162   0x00000000   Code   RO         1898    .ARM.Collect$$libinit$$0000000A  c_w.l(libinit2.o)
    0x08000162   0x08000162   0x00000000   Code   RO         1900    .ARM.Collect$$libinit$$0000000C  c_w.l(libinit2.o)
    0x08000162   0x08000162   0x00000000   Code   RO         1902    .ARM.Collect$$libinit$$0000000E  c_w.l(libinit2.o)
    0x08000162   0x08000162   0x00000000   Code   RO         1905    .ARM.Collect$$libinit$$00000011  c_w.l(libinit2.o)
    0x08000162   0x08000162   0x00000000   Code   RO         1907    .ARM.Collect$$libinit$$00000013  c_w.l(libinit2.o)
    0x08000162   0x08000162   0x00000000   Code   RO         1909    .ARM.Collect$$libinit$$00000015  c_w.l(libinit2.o)
    0x08000162   0x08000162   0x00000000   Code   RO         1911    .ARM.Collect$$libinit$$00000017  c_w.l(libinit2.o)
    0x08000162   0x08000162   0x00000000   Code   RO         1913    .ARM.Collect$$libinit$$00000019  c_w.l(libinit2.o)
    0x08000162   0x08000162   0x00000000   Code   RO         1915    .ARM.Collect$$libinit$$0000001B  c_w.l(libinit2.o)
    0x08000162   0x08000162   0x00000000   Code   RO         1917    .ARM.Collect$$libinit$$0000001D  c_w.l(libinit2.o)
    0x08000162   0x08000162   0x00000000   Code   RO         1919    .ARM.Collect$$libinit$$0000001F  c_w.l(libinit2.o)
    0x08000162   0x08000162   0x00000000   Code   RO         1921    .ARM.Collect$$libinit$$00000021  c_w.l(libinit2.o)
    0x08000162   0x08000162   0x00000000   Code   RO         1923    .ARM.Collect$$libinit$$00000023  c_w.l(libinit2.o)
    0x08000162   0x08000162   0x00000000   Code   RO         1925    .ARM.Collect$$libinit$$00000025  c_w.l(libinit2.o)
    0x08000162   0x08000162   0x00000000   Code   RO         1929    .ARM.Collect$$libinit$$0000002C  c_w.l(libinit2.o)
    0x08000162   0x08000162   0x00000000   Code   RO         1931    .ARM.Collect$$libinit$$0000002E  c_w.l(libinit2.o)
    0x08000162   0x08000162   0x00000000   Code   RO         1933    .ARM.Collect$$libinit$$00000030  c_w.l(libinit2.o)
    0x08000162   0x08000162   0x00000000   Code   RO         1935    .ARM.Collect$$libinit$$00000032  c_w.l(libinit2.o)
    0x08000162   0x08000162   0x00000002   Code   RO         1936    .ARM.Collect$$libinit$$00000033  c_w.l(libinit2.o)
    0x08000164   0x08000164   0x00000002   Code   RO         1958    .ARM.Collect$$libshutdown$$00000000  c_w.l(libshutdown.o)
    0x08000166   0x08000166   0x00000000   Code   RO         1971    .ARM.Collect$$libshutdown$$00000002  c_w.l(libshutdown2.o)
    0x08000166   0x08000166   0x00000000   Code   RO         1973    .ARM.Collect$$libshutdown$$00000004  c_w.l(libshutdown2.o)
    0x08000166   0x08000166   0x00000000   Code   RO         1975    .ARM.Collect$$libshutdown$$00000006  c_w.l(libshutdown2.o)
    0x08000166   0x08000166   0x00000000   Code   RO         1978    .ARM.Collect$$libshutdown$$00000009  c_w.l(libshutdown2.o)
    0x08000166   0x08000166   0x00000000   Code   RO         1981    .ARM.Collect$$libshutdown$$0000000C  c_w.l(libshutdown2.o)
    0x08000166   0x08000166   0x00000000   Code   RO         1983    .ARM.Collect$$libshutdown$$0000000E  c_w.l(libshutdown2.o)
    0x08000166   0x08000166   0x00000000   Code   RO         1986    .ARM.Collect$$libshutdown$$00000011  c_w.l(libshutdown2.o)
    0x08000166   0x08000166   0x00000002   Code   RO         1987    .ARM.Collect$$libshutdown$$00000012  c_w.l(libshutdown2.o)
    0x08000168   0x08000168   0x00000000   Code   RO         1798    .ARM.Collect$$rtentry$$00000000  c_w.l(__rtentry.o)
    0x08000168   0x08000168   0x00000000   Code   RO         1848    .ARM.Collect$$rtentry$$00000002  c_w.l(__rtentry2.o)
    0x08000168   0x08000168   0x00000006   Code   RO         1860    .ARM.Collect$$rtentry$$00000004  c_w.l(__rtentry4.o)
    0x0800016e   0x0800016e   0x00000000   Code   RO         1850    .ARM.Collect$$rtentry$$00000009  c_w.l(__rtentry2.o)
    0x0800016e   0x0800016e   0x00000004   Code   RO         1851    .ARM.Collect$$rtentry$$0000000A  c_w.l(__rtentry2.o)
    0x08000172   0x08000172   0x00000000   Code   RO         1853    .ARM.Collect$$rtentry$$0000000C  c_w.l(__rtentry2.o)
    0x08000172   0x08000172   0x00000008   Code   RO         1854    .ARM.Collect$$rtentry$$0000000D  c_w.l(__rtentry2.o)
    0x0800017a   0x0800017a   0x00000002   Code   RO         1890    .ARM.Collect$$rtexit$$00000000  c_w.l(rtexit.o)
    0x0800017c   0x0800017c   0x00000000   Code   RO         1940    .ARM.Collect$$rtexit$$00000002  c_w.l(rtexit2.o)
    0x0800017c   0x0800017c   0x00000004   Code   RO         1941    .ARM.Collect$$rtexit$$00000003  c_w.l(rtexit2.o)
    0x08000180   0x08000180   0x00000006   Code   RO         1942    .ARM.Collect$$rtexit$$00000004  c_w.l(rtexit2.o)
    0x08000186   0x08000186   0x00000002   PAD
    0x08000188   0x08000188   0x00000040   Code   RO         1690    .text               startup_stm32f10x_md.o
    0x080001c8   0x080001c8   0x00000006   Code   RO         1742    .text               c_w.l(heapauxi.o)
    0x080001ce   0x080001ce   0x00000016   Code   RO         1799    .text               c_w.l(_rserrno.o)
    0x080001e4   0x080001e4   0x00000008   Code   RO         1865    .text               c_w.l(rt_errno_addr_intlibspace.o)
    0x080001ec   0x080001ec   0x00000008   Code   RO         1873    .text               c_w.l(libspace.o)
    0x080001f4   0x080001f4   0x0000004a   Code   RO         1876    .text               c_w.l(sys_stackheap_outer.o)
    0x0800023e   0x0800023e   0x00000012   Code   RO         1878    .text               c_w.l(exit.o)
    0x08000250   0x08000250   0x0000000c   Code   RO         1950    .text               c_w.l(sys_exit.o)
    0x0800025c   0x0800025c   0x00000002   Code   RO         1961    .text               c_w.l(use_no_semi.o)
    0x0800025e   0x0800025e   0x00000000   Code   RO         1963    .text               c_w.l(indicate_semi.o)
    0x0800025e   0x0800025e   0x00000074   Code   RO          107    i.Conver_intToStr   gw_conver.o
    0x080002d2   0x080002d2   0x0000001c   Code   RO          108    i.Conver_reverse    gw_conver.o
    0x080002ee   0x080002ee   0x00000002   PAD
    0x080002f0   0x080002f0   0x00000040   Code   RO          239    i.GET_GPIO_PORT_Init  gw_gpio.o
    0x08000330   0x08000330   0x00000116   Code   RO          606    i.GPIO_Init         stm32f10x_gpio.o
    0x08000446   0x08000446   0x00000002   PAD
    0x08000448   0x08000448   0x00000090   Code   RO          608    i.GPIO_PinRemapConfig  stm32f10x_gpio.o
    0x080004d8   0x080004d8   0x00000004   Code   RO          613    i.GPIO_ResetBits    stm32f10x_gpio.o
    0x080004dc   0x080004dc   0x00000004   Code   RO          614    i.GPIO_SetBits      stm32f10x_gpio.o
    0x080004e0   0x080004e0   0x000000d0   Code   RO          109    i.Gw_Conver_FloatToStr  gw_conver.o
    0x080005b0   0x080005b0   0x00000078   Code   RO          110    i.Gw_Conver_IntToStr  gw_conver.o
    0x08000628   0x08000628   0x000000b4   Code   RO          111    i.Gw_Conver_StrToFloat  gw_conver.o
    0x080006dc   0x080006dc   0x00000044   Code   RO          112    i.Gw_Conver_StrToInt  gw_conver.o
    0x08000720   0x08000720   0x00000040   Code   RO          164    i.Gw_DELAY_Init     gw_delay.o
    0x08000760   0x08000760   0x0000000c   Code   RO          240    i.Gw_GPIO_Init      gw_gpio.o
    0x0800076c   0x0800076c   0x00000068   Code   RO          242    i.Gw_GPIO_Set_ON    gw_gpio.o
    0x080007d4   0x080007d4   0x000000a4   Code   RO          202    i.Gw_Sys_Init       gw_sys.o
    0x08000878   0x08000878   0x00000002   Code   RO          203    i.Gw_Sys_Run        gw_sys.o
    0x0800087a   0x0800087a   0x00000002   PAD
    0x0800087c   0x0800087c   0x0000001c   Code   RO          286    i.Gw_Uart1_SendChar  gw_uart.o
    0x08000898   0x08000898   0x00000016   Code   RO          287    i.Gw_Uart1_SendString  gw_uart.o
    0x080008ae   0x080008ae   0x00000002   PAD
    0x080008b0   0x080008b0   0x00000078   Code   RO          293    i.Gw_Uart_Init1     gw_uart.o
    0x08000928   0x08000928   0x00000090   Code   RO          294    i.Gw_Uart_Init2     gw_uart.o
    0x080009b8   0x080009b8   0x00000020   Code   RO          730    i.RCC_APB2PeriphClockCmd  stm32f10x_rcc.o
    0x080009d8   0x080009d8   0x0000005c   Code   RO          243    i.SET_GPIO_PORT_Init  gw_gpio.o
    0x08000a34   0x08000a34   0x00000008   Code   RO         1697    i.SetSysClock       system_stm32f10x.o
    0x08000a3c   0x08000a3c   0x000000e0   Code   RO         1698    i.SetSysClockTo72   system_stm32f10x.o
    0x08000b1c   0x08000b1c   0x00000060   Code   RO         1700    i.SystemInit        system_stm32f10x.o
    0x08000b7c   0x08000b7c   0x00000054   Code   RO          297    i.USART1_IRQHandler  gw_uart.o
    0x08000bd0   0x08000bd0   0x00000038   Code   RO          298    i.USART2_IRQHandler  gw_uart.o
    0x08000c08   0x08000c08   0x00000054   Code   RO          299    i.USART3_IRQHandler  gw_uart.o
    0x08000c5c   0x08000c5c   0x0000001e   Code   RO         1499    i.USART_ClearITPendingBit  stm32f10x_usart.o
    0x08000c7a   0x08000c7a   0x0000000a   Code   RO         1516    i.USART_ReceiveData  stm32f10x_usart.o
    0x08000c84   0x08000c84   0x00000030   Code   RO          300    i.Uart_Gpio_Control_RS485  gw_uart.o
    0x08000cb4   0x08000cb4   0x00000028   Code   RO         1834    i.__ARM_fpclassify  m_ws.l(fpclassify.o)
    0x08000cdc   0x08000cdc   0x00000022   Code   RO          301    i.__NVIC_EnableIRQ  gw_uart.o
    0x08000cfe   0x08000cfe   0x000000aa   Code   RO         1836    i.__kernel_poly     m_ws.l(poly.o)
    0x08000da8   0x08000da8   0x00000010   Code   RO         1820    i.__mathlib_dbl_divzero  m_ws.l(dunder.o)
    0x08000db8   0x08000db8   0x00000004   Code   RO         1822    i.__mathlib_dbl_infnan2  m_ws.l(dunder.o)
    0x08000dbc   0x08000dbc   0x0000000c   Code   RO         1823    i.__mathlib_dbl_invalid  m_ws.l(dunder.o)
    0x08000dc8   0x08000dc8   0x0000000e   Code   RO         1824    i.__mathlib_dbl_overflow  m_ws.l(dunder.o)
    0x08000dd6   0x08000dd6   0x00000002   PAD
    0x08000dd8   0x08000dd8   0x00000010   Code   RO         1826    i.__mathlib_dbl_underflow  m_ws.l(dunder.o)
    0x08000de8   0x08000de8   0x0000003c   Code   RO          424    i.checksum          gw_device_command.o
    0x08000e24   0x08000e24   0x00000224   Code   RO          425    i.comm_create_command  gw_device_command.o
    0x08001048   0x08001048   0x00000104   Code   RO          426    i.comm_detect_command  gw_device_command.o
    0x0800114c   0x0800114c   0x0000000c   Code   RO            4    i.main              main.o
    0x08001158   0x08001158   0x000009d8   Code   RO         1789    i.pow               m_ws.l(pow.o)
    0x08001b30   0x08001b30   0x0000001e   Code   RO          488    i.ringbuffer_full   gw_ringbuffer.o
    0x08001b4e   0x08001b4e   0x00000012   Code   RO          492    i.ringbuffer_increase_head  gw_ringbuffer.o
    0x08001b60   0x08001b60   0x00000012   Code   RO          493    i.ringbuffer_increase_tail  gw_ringbuffer.o
    0x08001b72   0x08001b72   0x00000018   Code   RO          494    i.ringbuffer_init   gw_ringbuffer.o
    0x08001b8a   0x08001b8a   0x00000026   Code   RO          496    i.ringbuffer_push   gw_ringbuffer.o
    0x08001bb0   0x08001bb0   0x0000004c   Code   RO         1840    i.sqrt              m_ws.l(sqrt.o)
    0x08001bfc   0x08001bfc   0x0000001e   Code   RO          427    i.string_cat        gw_device_command.o
    0x08001c1a   0x08001c1a   0x00000022   Code   RO          428    i.string_cmp_len    gw_device_command.o
    0x08001c3c   0x08001c3c   0x0000002a   Code   RO          429    i.string_copy       gw_device_command.o
    0x08001c66   0x08001c66   0x00000002   PAD
    0x08001c68   0x08001c68   0x0000003c   Code   RO          430    i.string_crc        gw_device_command.o
    0x08001ca4   0x08001ca4   0x00000012   Code   RO          431    i.string_length     gw_device_command.o
    0x08001cb6   0x08001cb6   0x0000007e   Code   RO          432    i.string_split      gw_device_command.o
    0x08001d34   0x08001d34   0x00000062   Code   RO         1746    x$fpl$d2f           fz_ws.l(d2f.o)
    0x08001d96   0x08001d96   0x00000002   PAD
    0x08001d98   0x08001d98   0x00000150   Code   RO         1748    x$fpl$dadd          fz_ws.l(daddsub_clz.o)
    0x08001ee8   0x08001ee8   0x00000010   Code   RO         1867    x$fpl$dcheck1       fz_ws.l(dcheck1.o)
    0x08001ef8   0x08001ef8   0x00000018   Code   RO         1886    x$fpl$dcmpinf       fz_ws.l(dcmpi.o)
    0x08001f10   0x08001f10   0x000002b0   Code   RO         1802    x$fpl$ddiv          fz_ws.l(ddiv.o)
    0x080021c0   0x080021c0   0x0000002e   Code   RO         1755    x$fpl$dflt          fz_ws.l(dflt_clz.o)
    0x080021ee   0x080021ee   0x00000026   Code   RO         1754    x$fpl$dfltu         fz_ws.l(dflt_clz.o)
    0x08002214   0x08002214   0x00000078   Code   RO         1869    x$fpl$dleqf         fz_ws.l(dleqf.o)
    0x0800228c   0x0800228c   0x00000154   Code   RO         1760    x$fpl$dmul          fz_ws.l(dmul.o)
    0x080023e0   0x080023e0   0x0000009c   Code   RO         1805    x$fpl$dnaninf       fz_ws.l(dnaninf.o)
    0x0800247c   0x0800247c   0x0000000c   Code   RO         1807    x$fpl$dretinf       fz_ws.l(dretinf.o)
    0x08002488   0x08002488   0x0000006c   Code   RO         1809    x$fpl$drleqf        fz_ws.l(drleqf.o)
    0x080024f4   0x080024f4   0x00000016   Code   RO         1749    x$fpl$drsb          fz_ws.l(daddsub_clz.o)
    0x0800250a   0x0800250a   0x00000002   PAD
    0x0800250c   0x0800250c   0x000001cc   Code   RO         1871    x$fpl$dsqrt         fz_ws.l(dsqrt_noumaal.o)
    0x080026d8   0x080026d8   0x000001d4   Code   RO         1750    x$fpl$dsub          fz_ws.l(daddsub_clz.o)
    0x080028ac   0x080028ac   0x00000056   Code   RO         1762    x$fpl$f2d           fz_ws.l(f2d.o)
    0x08002902   0x08002902   0x00000002   PAD
    0x08002904   0x08002904   0x000000c4   Code   RO         1764    x$fpl$fadd          fz_ws.l(faddsub_clz.o)
    0x080029c8   0x080029c8   0x00000018   Code   RO         1811    x$fpl$fcmpinf       fz_ws.l(fcmpi.o)
    0x080029e0   0x080029e0   0x00000184   Code   RO         1771    x$fpl$fdiv          fz_ws.l(fdiv.o)
    0x08002b64   0x08002b64   0x00000036   Code   RO         1774    x$fpl$ffix          fz_ws.l(ffix.o)
    0x08002b9a   0x08002b9a   0x00000002   PAD
    0x08002b9c   0x08002b9c   0x00000030   Code   RO         1779    x$fpl$fflt          fz_ws.l(fflt_clz.o)
    0x08002bcc   0x08002bcc   0x00000068   Code   RO         1784    x$fpl$fleqf         fz_ws.l(fleqf.o)
    0x08002c34   0x08002c34   0x00000102   Code   RO         1786    x$fpl$fmul          fz_ws.l(fmul.o)
    0x08002d36   0x08002d36   0x0000008c   Code   RO         1813    x$fpl$fnaninf       fz_ws.l(fnaninf.o)
    0x08002dc2   0x08002dc2   0x0000000a   Code   RO         1815    x$fpl$fretinf       fz_ws.l(fretinf.o)
    0x08002dcc   0x08002dcc   0x00000014   Code   RO         1765    x$fpl$frsb          fz_ws.l(faddsub_clz.o)
    0x08002de0   0x08002de0   0x000000ea   Code   RO         1766    x$fpl$fsub          fz_ws.l(faddsub_clz.o)
    0x08002eca   0x08002eca   0x00000064   Code   RO         1888    x$fpl$retnan        fz_ws.l(retnan.o)
    0x08002f2e   0x08002f2e   0x0000005c   Code   RO         1817    x$fpl$scalbn        fz_ws.l(scalbn.o)
    0x08002f8a   0x08002f8a   0x00000030   Code   RO         1937    x$fpl$trapveneer    fz_ws.l(trapv.o)
    0x08002fba   0x08002fba   0x00000000   Code   RO         1819    x$fpl$usenofp       fz_ws.l(usenofp.o)
    0x08002fba   0x08002fba   0x00000006   PAD
    0x08002fc0   0x08002fc0   0x00000088   Data   RO         1790    .constdata          m_ws.l(pow.o)
    0x08003048   0x08003048   0x00000008   Data   RO         1838    .constdata          m_ws.l(qnan.o)
    0x08003050   0x08003050   0x00000020   Data   RO         2018    Region$$Table       anon$$obj.o


    Execution Region RW_IRAM1 (Exec base: 0x20000000, Load base: 0x08003070, Size: 0x00000750, Max: 0x00005000, ABSOLUTE)

    Exec Addr    Load Addr    Size         Type   Attr      Idx    E Section Name        Object

    0x20000000   0x08003070   0x00000004   Data   RW          167    .data               gw_delay.o
    0x20000004   0x08003074   0x0000000a   Data   RW          304    .data               gw_uart.o
    0x2000000e   0x0800307e   0x00000001   Data   RW          433    .data               gw_device_command.o
    0x2000000f   0x0800307f   0x00000001   PAD
    0x20000010   0x08003080   0x00000014   Data   RW         1701    .data               system_stm32f10x.o
    0x20000024        -       0x0000001e   Zero   RW          113    .bss                gw_conver.o
    0x20000042   0x08003094   0x00000002   PAD
    0x20000044        -       0x000000a8   Zero   RW          303    .bss                gw_uart.o
    0x200000ec        -       0x00000060   Zero   RW         1874    .bss                c_w.l(libspace.o)
    0x2000014c   0x08003094   0x00000004   PAD
    0x20000150        -       0x00000200   Zero   RW         1688    HEAP                startup_stm32f10x_md.o
    0x20000350        -       0x00000400   Zero   RW         1687    STACK               startup_stm32f10x_md.o


==============================================================================

Image component sizes


      Code (inc. data)   RO Data    RW Data    ZI Data      Debug   Object Name

       720         24          0          0         30       5020   gw_conver.o
        64          8          0          4          0        736   gw_delay.o
      1178         32          0          1          0       6836   gw_device_command.o
       272         36          0          0          0       2016   gw_gpio.o
       128          0          0          0          0       3268   gw_ringbuffer.o
       166         18          0          0          0       1099   gw_sys.o
       620        100          0         10        168       7155   gw_uart.o
        12          0          0          0          0     224895   main.o
        64         26        236          0       1536        856   startup_stm32f10x_md.o
       430          6          0          0          0       4426   stm32f10x_gpio.o
        32          6          0          0          0        645   stm32f10x_rcc.o
        40          0          0          0          0       3022   stm32f10x_usart.o
       328         28          0         20          0       2605   system_stm32f10x.o

    ----------------------------------------------------------------------
      4064        284        268         36       1736     262579   Object Totals
         0          0         32          0          0          0   (incl. Generated)
        10          0          0          1          2          0   (incl. Padding)

    ----------------------------------------------------------------------

      Code (inc. data)   RO Data    RW Data    ZI Data      Debug   Library Member Name

         8          0          0          0          0         68   __main.o
         0          0          0          0          0          0   __rtentry.o
        12          0          0          0          0          0   __rtentry2.o
         6          0          0          0          0          0   __rtentry4.o
        52          8          0          0          0          0   __scatter.o
        26          0          0          0          0          0   __scatter_copy.o
        28          0          0          0          0          0   __scatter_zi.o
        22          0          0          0          0        100   _rserrno.o
        18          0          0          0          0         80   exit.o
         6          0          0          0          0        152   heapauxi.o
         0          0          0          0          0          0   indicate_semi.o
         2          0          0          0          0          0   libinit.o
         2          0          0          0          0          0   libinit2.o
         2          0          0          0          0          0   libshutdown.o
         2          0          0          0          0          0   libshutdown2.o
         8          4          0          0         96         68   libspace.o
         8          4          0          0          0         68   rt_errno_addr_intlibspace.o
         2          0          0          0          0          0   rtexit.o
        10          0          0          0          0          0   rtexit2.o
        12          4          0          0          0         68   sys_exit.o
        74          0          0          0          0         80   sys_stackheap_outer.o
         2          0          0          0          0         68   use_no_semi.o
        98          4          0          0          0         92   d2f.o
       826         16          0          0          0        348   daddsub_clz.o
        16          4          0          0          0         68   dcheck1.o
        24          0          0          0          0         68   dcmpi.o
       688        140          0          0          0        208   ddiv.o
        84          0          0          0          0        136   dflt_clz.o
       120          4          0          0          0         92   dleqf.o
       340         12          0          0          0        104   dmul.o
       156          4          0          0          0         92   dnaninf.o
        12          0          0          0          0         68   dretinf.o
       108          0          0          0          0         80   drleqf.o
       460         56          0          0          0        120   dsqrt_noumaal.o
        86          4          0          0          0         84   f2d.o
       450          8          0          0          0        236   faddsub_clz.o
        24          0          0          0          0         68   fcmpi.o
       388         76          0          0          0         96   fdiv.o
        54          4          0          0          0         84   ffix.o
        48          0          0          0          0         68   fflt_clz.o
       104          4          0          0          0         84   fleqf.o
       258          4          0          0          0         84   fmul.o
       140          4          0          0          0         84   fnaninf.o
        10          0          0          0          0         68   fretinf.o
       100          0          0          0          0         68   retnan.o
        92          0          0          0          0         68   scalbn.o
        48          0          0          0          0         68   trapv.o
         0          0          0          0          0          0   usenofp.o
        62         10          0          0          0        340   dunder.o
        40          0          0          0          0         68   fpclassify.o
       170          0          0          0          0         96   poly.o
      2520        190        136          0          0        324   pow.o
         0          0          8          0          0          0   qnan.o
        76          0          0          0          0         84   sqrt.o

    ----------------------------------------------------------------------
      7924        564        144          0        100       4300   Library Totals
        20          0          0          0          4          0   (incl. Padding)

    ----------------------------------------------------------------------

      Code (inc. data)   RO Data    RW Data    ZI Data      Debug   Library Name

       302         20          0          0         96        752   c_w.l
      4734        344          0          0          0       2636   fz_ws.l
      2868        200        144          0          0        912   m_ws.l

    ----------------------------------------------------------------------
      7924        564        144          0        100       4300   Library Totals

    ----------------------------------------------------------------------

==============================================================================


      Code (inc. data)   RO Data    RW Data    ZI Data      Debug   

     11988        848        412         36       1836     262351   Grand Totals
     11988        848        412         36       1836     262351   ELF Image Totals
     11988        848        412         36          0          0   ROM Totals

==============================================================================

    Total RO  Size (Code + RO Data)                12400 (  12.11kB)
    Total RW  Size (RW Data + ZI Data)              1872 (   1.83kB)
    Total ROM Size (Code + RO Data + RW Data)      12436 (  12.14kB)

==============================================================================

